528 rows, 0 already on disk, 528 to run
[   1/528]  A n= 8 seed=20260817 k=0 mode=any sig=None ->    OPTIMAL viol=0 survivor=True valid_at=0.1276 wall=0.1492 [0s]
[   2/528]  A n= 8 seed=20260817 k=1 mode=any sig=None -> INFEASIBLE viol=1 survivor=False valid_at=None wall=0.0367 [0s]
[   3/528]  A n= 8 seed=20260817 k=2 mode=any sig=None -> INFEASIBLE viol=2 survivor=False valid_at=None wall=0.0125 [0s]
[   4/528]  A n= 8 seed=20260817 k=3 mode=any sig=None -> INFEASIBLE viol=3 survivor=False valid_at=None wall=0.0086 [0s]
[   5/528]  A n= 8 seed=20260817 k=4 mode=any sig=None -> INFEASIBLE viol=4 survivor=False valid_at=None wall=0.0116 [0s]
[   6/528]  A n= 8 seed=20260817 k=6 mode=any sig=None -> INFEASIBLE viol=6 survivor=False valid_at=None wall=0.0099 [0s]
[   7/528]  A n= 8 seed=20260817 k=8 mode=any sig=None -> INFEASIBLE viol=7 survivor=False valid_at=None wall=0.0065 [0s]
[   8/528]  A n= 8 seed=20260817 k=12 mode=any sig=None -> INFEASIBLE viol=10 survivor=False valid_at=None wall=0.0122 [1s]
[   9/528]  A n= 8 seed=20260817 k=16 mode=any sig=None -> INFEASIBLE viol=15 survivor=False valid_at=None wall=0.0109 [1s]
[  10/528]  A n= 8 seed=20260817 k=24 mode=any sig=None -> INFEASIBLE viol=22 survivor=False valid_at=None wall=0.0083 [1s]
[  11/528]  A n= 8 seed=20260818 k=0 mode=any sig=None ->    OPTIMAL viol=0 survivor=True valid_at=0.1283 wall=0.1493 [1s]
[  12/528]  A n= 8 seed=20260818 k=1 mode=any sig=None ->    OPTIMAL viol=1 survivor=False valid_at=None wall=9.7996 [11s]
[  13/528]  A n= 8 seed=20260818 k=2 mode=any sig=None ->    OPTIMAL viol=1 survivor=False valid_at=None wall=0.2645 [11s]
[  14/528]  A n= 8 seed=20260818 k=3 mode=any sig=None -> INFEASIBLE viol=2 survivor=False valid_at=None wall=0.011 [11s]
[  15/528]  A n= 8 seed=20260818 k=4 mode=any sig=None -> INFEASIBLE viol=3 survivor=False valid_at=None wall=0.0098 [11s]
[  16/528]  A n= 8 seed=20260818 k=6 mode=any sig=None -> INFEASIBLE viol=6 survivor=False valid_at=None wall=0.0124 [11s]
[  17/528]  A n= 8 seed=20260818 k=8 mode=any sig=None -> INFEASIBLE viol=6 survivor=False valid_at=None wall=0.0124 [11s]
[  18/528]  A n= 8 seed=20260818 k=12 mode=any sig=None -> INFEASIBLE viol=8 survivor=False valid_at=None wall=0.0095 [11s]
[  19/528]  A n= 8 seed=20260818 k=16 mode=any sig=None -> INFEASIBLE viol=11 survivor=False valid_at=None wall=0.01 [11s]
[  20/528]  A n= 8 seed=20260818 k=24 mode=any sig=None -> INFEASIBLE viol=19 survivor=False valid_at=None wall=0.0073 [11s]
[  21/528]  A n= 8 seed=20260819 k=0 mode=any sig=None ->    OPTIMAL viol=0 survivor=True valid_at=0.1211 wall=0.132 [11s]
[  22/528]  A n= 8 seed=20260819 k=1 mode=any sig=None -> INFEASIBLE viol=1 survivor=False valid_at=None wall=0.0248 [11s]
[  23/528]  A n= 8 seed=20260819 k=2 mode=any sig=None -> INFEASIBLE viol=2 survivor=False valid_at=None wall=0.007 [11s]
[  24/528]  A n= 8 seed=20260819 k=3 mode=any sig=None -> INFEASIBLE viol=3 survivor=False valid_at=None wall=0.0061 [11s]
[  25/528]  A n= 8 seed=20260819 k=4 mode=any sig=None -> INFEASIBLE viol=3 survivor=False valid_at=None wall=0.0104 [12s]
[  26/528]  A n= 8 seed=20260819 k=6 mode=any sig=None -> INFEASIBLE viol=5 survivor=False valid_at=None wall=0.0108 [12s]
[  27/528]  A n= 8 seed=20260819 k=8 mode=any sig=None -> INFEASIBLE viol=7 survivor=False valid_at=None wall=0.0092 [12s]
[  28/528]  A n= 8 seed=20260819 k=12 mode=any sig=None -> INFEASIBLE viol=10 survivor=False valid_at=None wall=0.0101 [12s]
[  29/528]  A n= 8 seed=20260819 k=16 mode=any sig=None -> INFEASIBLE viol=10 survivor=False valid_at=None wall=0.0108 [12s]
[  30/528]  A n= 8 seed=20260819 k=24 mode=any sig=None -> INFEASIBLE viol=20 survivor=False valid_at=None wall=0.0097 [12s]
[  31/528]  A n= 8 seed=20260820 k=0 mode=any sig=None ->    OPTIMAL viol=0 survivor=True valid_at=0.1817 wall=0.2023 [12s]
[  32/528]  A n= 8 seed=20260820 k=1 mode=any sig=None -> INFEASIBLE viol=1 survivor=False valid_at=None wall=0.0115 [12s]
[  33/528]  A n= 8 seed=20260820 k=2 mode=any sig=None -> INFEASIBLE viol=2 survivor=False valid_at=None wall=0.0279 [12s]
[  34/528]  A n= 8 seed=20260820 k=3 mode=any sig=None -> INFEASIBLE viol=3 survivor=False valid_at=None wall=0.0062 [12s]
[  35/528]  A n= 8 seed=20260820 k=4 mode=any sig=None -> INFEASIBLE viol=3 survivor=False valid_at=None wall=0.0116 [12s]
[  36/528]  A n= 8 seed=20260820 k=6 mode=any sig=None -> INFEASIBLE viol=6 survivor=False valid_at=None wall=0.0113 [12s]
[  37/528]  A n= 8 seed=20260820 k=8 mode=any sig=None -> INFEASIBLE viol=8 survivor=False valid_at=None wall=0.0114 [12s]
[  38/528]  A n= 8 seed=20260820 k=12 mode=any sig=None -> INFEASIBLE viol=10 survivor=False valid_at=None wall=0.0105 [12s]
[  39/528]  A n= 8 seed=20260820 k=16 mode=any sig=None -> INFEASIBLE viol=14 survivor=False valid_at=None wall=0.0114 [12s]
[  40/528]  A n= 8 seed=20260820 k=24 mode=any sig=None -> INFEASIBLE viol=19 survivor=False valid_at=None wall=0.0113 [12s]
[  41/528]  A n= 8 seed=20260821 k=0 mode=any sig=None ->    OPTIMAL viol=0 survivor=True valid_at=0.1305 wall=0.1434 [13s]
[  42/528]  A n= 8 seed=20260821 k=1 mode=any sig=None ->    OPTIMAL viol=0 survivor=True valid_at=0.1174 wall=0.1365 [13s]
[  43/528]  A n= 8 seed=20260821 k=2 mode=any sig=None -> INFEASIBLE viol=2 survivor=False valid_at=None wall=0.0138 [13s]
[  44/528]  A n= 8 seed=20260821 k=3 mode=any sig=None -> INFEASIBLE viol=3 survivor=False valid_at=None wall=0.0136 [13s]
[  45/528]  A n= 8 seed=20260821 k=4 mode=any sig=None -> INFEASIBLE viol=3 survivor=False valid_at=None wall=0.0166 [13s]
[  46/528]  A n= 8 seed=20260821 k=6 mode=any sig=None -> INFEASIBLE viol=5 survivor=False valid_at=None wall=0.0242 [13s]
[  47/528]  A n= 8 seed=20260821 k=8 mode=any sig=None -> INFEASIBLE viol=8 survivor=False valid_at=None wall=0.0165 [13s]
[  48/528]  A n= 8 seed=20260821 k=12 mode=any sig=None -> INFEASIBLE viol=12 survivor=False valid_at=None wall=0.0169 [13s]
[  49/528]  A n= 8 seed=20260821 k=16 mode=any sig=None -> INFEASIBLE viol=15 survivor=False valid_at=None wall=0.0213 [13s]
[  50/528]  A n= 8 seed=20260821 k=24 mode=any sig=None -> INFEASIBLE viol=21 survivor=False valid_at=None wall=0.0318 [13s]
[  51/528]  A n=12 seed=20260817 k=0 mode=any sig=None ->    OPTIMAL viol=0 survivor=True valid_at=0.5157 wall=0.5307 [14s]
[  52/528]  A n=12 seed=20260817 k=1 mode=any sig=None -> INFEASIBLE viol=1 survivor=False valid_at=None wall=0.0705 [14s]
[  53/528]  A n=12 seed=20260817 k=2 mode=any sig=None -> INFEASIBLE viol=2 survivor=False valid_at=None wall=0.0626 [14s]
[  54/528]  A n=12 seed=20260817 k=3 mode=any sig=None -> INFEASIBLE viol=3 survivor=False valid_at=None wall=0.0429 [14s]
[  55/528]  A n=12 seed=20260817 k=4 mode=any sig=None -> INFEASIBLE viol=2 survivor=False valid_at=None wall=0.0302 [14s]
[  56/528]  A n=12 seed=20260817 k=6 mode=any sig=None -> INFEASIBLE viol=5 survivor=False valid_at=None wall=0.0334 [15s]
[  57/528]  A n=12 seed=20260817 k=8 mode=any sig=None -> INFEASIBLE viol=7 survivor=False valid_at=None wall=0.0308 [15s]
[  58/528]  A n=12 seed=20260817 k=12 mode=any sig=None -> INFEASIBLE viol=10 survivor=False valid_at=None wall=0.0342 [15s]
[  59/528]  A n=12 seed=20260817 k=16 mode=any sig=None -> INFEASIBLE viol=12 survivor=False valid_at=None wall=0.0325 [15s]
[  60/528]  A n=12 seed=20260817 k=24 mode=any sig=None -> INFEASIBLE viol=20 survivor=False valid_at=None wall=0.0268 [15s]
[  61/528]  A n=12 seed=20260818 k=0 mode=any sig=None ->    OPTIMAL viol=0 survivor=True valid_at=0.3298 wall=0.3445 [15s]
[  62/528]  A n=12 seed=20260818 k=1 mode=any sig=None ->    OPTIMAL viol=1 survivor=True valid_at=0.4887 wall=0.5478 [16s]
[  63/528]  A n=12 seed=20260818 k=2 mode=any sig=None -> INFEASIBLE viol=1 survivor=False valid_at=None wall=0.0275 [16s]
[  64/528]  A n=12 seed=20260818 k=3 mode=any sig=None ->    UNKNOWN viol=1 survivor=False valid_at=None wall=15.0221 [31s]
[  65/528]  A n=12 seed=20260818 k=4 mode=any sig=None -> INFEASIBLE viol=4 survivor=False valid_at=None wall=0.0264 [31s]
[  66/528]  A n=12 seed=20260818 k=6 mode=any sig=None -> INFEASIBLE viol=6 survivor=False valid_at=None wall=0.0269 [31s]
[  67/528]  A n=12 seed=20260818 k=8 mode=any sig=None -> INFEASIBLE viol=6 survivor=False valid_at=None wall=0.0264 [32s]
[  68/528]  A n=12 seed=20260818 k=12 mode=any sig=None -> INFEASIBLE viol=10 survivor=False valid_at=None wall=0.0272 [32s]
[  69/528]  A n=12 seed=20260818 k=16 mode=any sig=None -> INFEASIBLE viol=14 survivor=False valid_at=None wall=0.0269 [32s]
[  70/528]  A n=12 seed=20260818 k=24 mode=any sig=None -> INFEASIBLE viol=20 survivor=False valid_at=None wall=0.0238 [32s]
[  71/528]  A n=12 seed=20260819 k=0 mode=any sig=None ->    OPTIMAL viol=0 survivor=True valid_at=0.4165 wall=0.4341 [32s]
[  72/528]  A n=12 seed=20260819 k=1 mode=any sig=None -> INFEASIBLE viol=1 survivor=False valid_at=None wall=0.0276 [32s]
[  73/528]  A n=12 seed=20260819 k=2 mode=any sig=None -> INFEASIBLE viol=2 survivor=False valid_at=None wall=0.0349 [32s]
[  74/528]  A n=12 seed=20260819 k=3 mode=any sig=None -> INFEASIBLE viol=3 survivor=False valid_at=None wall=0.0284 [33s]
[  75/528]  A n=12 seed=20260819 k=4 mode=any sig=None -> INFEASIBLE viol=3 survivor=False valid_at=None wall=0.0276 [33s]
[  76/528]  A n=12 seed=20260819 k=6 mode=any sig=None -> INFEASIBLE viol=6 survivor=False valid_at=None wall=0.0624 [33s]
[  77/528]  A n=12 seed=20260819 k=8 mode=any sig=None -> INFEASIBLE viol=6 survivor=False valid_at=None wall=0.0283 [33s]
[  78/528]  A n=12 seed=20260819 k=12 mode=any sig=None -> INFEASIBLE viol=11 survivor=False valid_at=None wall=0.0251 [33s]
[  79/528]  A n=12 seed=20260819 k=16 mode=any sig=None -> INFEASIBLE viol=11 survivor=False valid_at=None wall=0.0247 [33s]
[  80/528]  A n=12 seed=20260819 k=24 mode=any sig=None -> INFEASIBLE viol=17 survivor=False valid_at=None wall=0.0242 [33s]
[  81/528]  A n=12 seed=20260820 k=0 mode=any sig=None ->    OPTIMAL viol=0 survivor=True valid_at=0.3676 wall=0.3827 [34s]
[  82/528]  A n=12 seed=20260820 k=1 mode=any sig=None ->   FEASIBLE viol=1 survivor=False valid_at=None wall=15.0169 [49s]
[  83/528]  A n=12 seed=20260820 k=2 mode=any sig=None -> INFEASIBLE viol=2 survivor=False valid_at=None wall=0.0352 [49s]
[  84/528]  A n=12 seed=20260820 k=3 mode=any sig=None ->    UNKNOWN viol=2 survivor=False valid_at=None wall=15.0239 [64s]
[  85/528]  A n=12 seed=20260820 k=4 mode=any sig=None -> INFEASIBLE viol=4 survivor=False valid_at=None wall=0.0349 [64s]
[  86/528]  A n=12 seed=20260820 k=6 mode=any sig=None -> INFEASIBLE viol=5 survivor=False valid_at=None wall=0.0328 [64s]
[  87/528]  A n=12 seed=20260820 k=8 mode=any sig=None -> INFEASIBLE viol=7 survivor=False valid_at=None wall=0.0256 [64s]
[  88/528]  A n=12 seed=20260820 k=12 mode=any sig=None -> INFEASIBLE viol=10 survivor=False valid_at=None wall=0.0291 [64s]
[  89/528]  A n=12 seed=20260820 k=16 mode=any sig=None -> INFEASIBLE viol=13 survivor=False valid_at=None wall=0.0242 [64s]
[  90/528]  A n=12 seed=20260820 k=24 mode=any sig=None -> INFEASIBLE viol=19 survivor=False valid_at=None wall=0.0256 [65s]
[  91/528]  A n=12 seed=20260821 k=0 mode=any sig=None ->    OPTIMAL viol=0 survivor=True valid_at=0.366 wall=0.3835 [65s]
[  92/528]  A n=12 seed=20260821 k=1 mode=any sig=None ->    OPTIMAL viol=0 survivor=True valid_at=0.3603 wall=0.3691 [65s]
[  93/528]  A n=12 seed=20260821 k=2 mode=any sig=None -> INFEASIBLE viol=2 survivor=False valid_at=None wall=0.0397 [66s]
[  94/528]  A n=12 seed=20260821 k=3 mode=any sig=None -> INFEASIBLE viol=2 survivor=False valid_at=None wall=0.0244 [66s]
[  95/528]  A n=12 seed=20260821 k=4 mode=any sig=None -> INFEASIBLE viol=4 survivor=False valid_at=None wall=0.024 [66s]
[  96/528]  A n=12 seed=20260821 k=6 mode=any sig=None -> INFEASIBLE viol=4 survivor=False valid_at=None wall=0.0264 [66s]
[  97/528]  A n=12 seed=20260821 k=8 mode=any sig=None -> INFEASIBLE viol=7 survivor=False valid_at=None wall=0.0258 [66s]
[  98/528]  A n=12 seed=20260821 k=12 mode=any sig=None -> INFEASIBLE viol=11 survivor=False valid_at=None wall=0.022 [66s]
[  99/528]  A n=12 seed=20260821 k=16 mode=any sig=None -> INFEASIBLE viol=13 survivor=False valid_at=None wall=0.0242 [66s]
[ 100/528]  A n=12 seed=20260821 k=24 mode=any sig=None -> INFEASIBLE viol=20 survivor=False valid_at=None wall=0.0247 [66s]
[ 101/528]  A n=24 seed=20260817 k=0 mode=any sig=None ->    OPTIMAL viol=0 survivor=True valid_at=2.7584 wall=2.7925 [69s]
[ 102/528]  A n=24 seed=20260817 k=1 mode=any sig=None -> INFEASIBLE viol=1 survivor=False valid_at=None wall=0.1185 [70s]
[ 103/528]  A n=24 seed=20260817 k=2 mode=any sig=None -> INFEASIBLE viol=2 survivor=False valid_at=None wall=0.2105 [70s]
[ 104/528]  A n=24 seed=20260817 k=3 mode=any sig=None -> INFEASIBLE viol=3 survivor=False valid_at=None wall=0.1177 [71s]
[ 105/528]  A n=24 seed=20260817 k=4 mode=any sig=None -> INFEASIBLE viol=3 survivor=False valid_at=None wall=0.119 [71s]
[ 106/528]  A n=24 seed=20260817 k=6 mode=any sig=None -> INFEASIBLE viol=6 survivor=False valid_at=None wall=0.1149 [71s]
[ 107/528]  A n=24 seed=20260817 k=8 mode=any sig=None -> INFEASIBLE viol=5 survivor=False valid_at=None wall=0.1159 [72s]
[ 108/528]  A n=24 seed=20260817 k=12 mode=any sig=None -> INFEASIBLE viol=10 survivor=False valid_at=None wall=0.1188 [72s]
[ 109/528]  A n=24 seed=20260817 k=16 mode=any sig=None -> INFEASIBLE viol=10 survivor=False valid_at=None wall=0.1193 [73s]
[ 110/528]  A n=24 seed=20260817 k=24 mode=any sig=None -> INFEASIBLE viol=15 survivor=False valid_at=None wall=0.1158 [73s]
[ 111/528]  A n=24 seed=20260818 k=0 mode=any sig=None ->    OPTIMAL viol=0 survivor=True valid_at=3.5501 wall=3.6405 [77s]
[ 112/528]  A n=24 seed=20260818 k=1 mode=any sig=None ->    OPTIMAL viol=0 survivor=True valid_at=3.3629 wall=3.5189 [81s]
[ 113/528]  A n=24 seed=20260818 k=2 mode=any sig=None ->   FEASIBLE viol=1 survivor=False valid_at=None wall=15.0545 [96s]
[ 114/528]  A n=24 seed=20260818 k=3 mode=any sig=None -> INFEASIBLE viol=3 survivor=False valid_at=None wall=0.2189 [97s]
[ 115/528]  A n=24 seed=20260818 k=4 mode=any sig=None -> INFEASIBLE viol=3 survivor=False valid_at=None wall=0.1626 [97s]
[ 116/528]  A n=24 seed=20260818 k=6 mode=any sig=None -> INFEASIBLE viol=5 survivor=False valid_at=None wall=0.1755 [98s]
[ 117/528]  A n=24 seed=20260818 k=8 mode=any sig=None -> INFEASIBLE viol=5 survivor=False valid_at=None wall=0.1194 [98s]
[ 118/528]  A n=24 seed=20260818 k=12 mode=any sig=None -> INFEASIBLE viol=10 survivor=False valid_at=None wall=0.1597 [99s]
[ 119/528]  A n=24 seed=20260818 k=16 mode=any sig=None -> INFEASIBLE viol=10 survivor=False valid_at=None wall=0.1432 [99s]
[ 120/528]  A n=24 seed=20260818 k=24 mode=any sig=None -> INFEASIBLE viol=16 survivor=False valid_at=None wall=0.1488 [99s]
[ 121/528]  A n=24 seed=20260819 k=0 mode=any sig=None ->    OPTIMAL viol=0 survivor=True valid_at=3.8723 wall=3.9071 [104s]
[ 122/528]  A n=24 seed=20260819 k=1 mode=any sig=None ->   FEASIBLE viol=1 survivor=False valid_at=None wall=15.0287 [119s]
[ 123/528]  A n=24 seed=20260819 k=2 mode=any sig=None -> INFEASIBLE viol=2 survivor=False valid_at=None wall=0.1539 [119s]
[ 124/528]  A n=24 seed=20260819 k=3 mode=any sig=None ->   FEASIBLE viol=2 survivor=False valid_at=None wall=15.033 [135s]
[ 125/528]  A n=24 seed=20260819 k=4 mode=any sig=None -> INFEASIBLE viol=3 survivor=False valid_at=None wall=0.1244 [135s]
[ 126/528]  A n=24 seed=20260819 k=6 mode=any sig=None -> INFEASIBLE viol=4 survivor=False valid_at=None wall=0.1734 [136s]
[ 127/528]  A n=24 seed=20260819 k=8 mode=any sig=None -> INFEASIBLE viol=7 survivor=False valid_at=None wall=0.1316 [136s]
[ 128/528]  A n=24 seed=20260819 k=12 mode=any sig=None -> INFEASIBLE viol=8 survivor=False valid_at=None wall=0.1404 [137s]
[ 129/528]  A n=24 seed=20260819 k=16 mode=any sig=None -> INFEASIBLE viol=11 survivor=False valid_at=None wall=0.1212 [137s]
[ 130/528]  A n=24 seed=20260819 k=24 mode=any sig=None -> INFEASIBLE viol=18 survivor=False valid_at=None wall=0.1158 [137s]
[ 131/528]  A n=24 seed=20260820 k=0 mode=any sig=None ->    OPTIMAL viol=0 survivor=True valid_at=2.9085 wall=3.281 [141s]
[ 132/528]  A n=24 seed=20260820 k=1 mode=any sig=None -> INFEASIBLE viol=1 survivor=False valid_at=None wall=0.0981 [141s]
[ 133/528]  A n=24 seed=20260820 k=2 mode=any sig=None -> INFEASIBLE viol=2 survivor=False valid_at=None wall=0.124 [142s]
[ 134/528]  A n=24 seed=20260820 k=3 mode=any sig=None -> INFEASIBLE viol=3 survivor=False valid_at=None wall=0.0981 [142s]
[ 135/528]  A n=24 seed=20260820 k=4 mode=any sig=None -> INFEASIBLE viol=4 survivor=False valid_at=None wall=0.1503 [142s]
[ 136/528]  A n=24 seed=20260820 k=6 mode=any sig=None -> INFEASIBLE viol=4 survivor=False valid_at=None wall=0.1653 [143s]
[ 137/528]  A n=24 seed=20260820 k=8 mode=any sig=None -> INFEASIBLE viol=4 survivor=False valid_at=None wall=0.1 [143s]
[ 138/528]  A n=24 seed=20260820 k=12 mode=any sig=None -> INFEASIBLE viol=9 survivor=False valid_at=None wall=0.1013 [144s]
[ 139/528]  A n=24 seed=20260820 k=16 mode=any sig=None -> INFEASIBLE viol=11 survivor=False valid_at=None wall=0.1014 [144s]
[ 140/528]  A n=24 seed=20260820 k=24 mode=any sig=None -> INFEASIBLE viol=18 survivor=False valid_at=None wall=0.0993 [144s]
[ 141/528]  A n=24 seed=20260821 k=0 mode=any sig=None ->    OPTIMAL viol=0 survivor=True valid_at=2.7739 wall=2.7933 [147s]
[ 142/528]  A n=24 seed=20260821 k=1 mode=any sig=None -> INFEASIBLE viol=1 survivor=False valid_at=None wall=0.0998 [148s]
[ 143/528]  A n=24 seed=20260821 k=2 mode=any sig=None -> INFEASIBLE viol=2 survivor=False valid_at=None wall=0.1503 [148s]
[ 144/528]  A n=24 seed=20260821 k=3 mode=any sig=None -> INFEASIBLE viol=3 survivor=False valid_at=None wall=0.1698 [148s]
[ 145/528]  A n=24 seed=20260821 k=4 mode=any sig=None -> INFEASIBLE viol=4 survivor=False valid_at=None wall=0.1012 [149s]
[ 146/528]  A n=24 seed=20260821 k=6 mode=any sig=None -> INFEASIBLE viol=6 survivor=False valid_at=None wall=0.1013 [149s]
[ 147/528]  A n=24 seed=20260821 k=8 mode=any sig=None -> INFEASIBLE viol=8 survivor=False valid_at=None wall=0.1036 [150s]
[ 148/528]  A n=24 seed=20260821 k=12 mode=any sig=None -> INFEASIBLE viol=9 survivor=False valid_at=None wall=0.1017 [150s]
[ 149/528]  A n=24 seed=20260821 k=16 mode=any sig=None -> INFEASIBLE viol=11 survivor=False valid_at=None wall=0.1003 [150s]
[ 150/528]  A n=24 seed=20260821 k=24 mode=any sig=None -> INFEASIBLE viol=17 survivor=False valid_at=None wall=0.1013 [151s]
[ 151/528]  C n= 8 seed=20260817 k=None mode=None sig=0.0 ->    OPTIMAL viol=0 survivor=True valid_at=0.1062 wall=0.1205 [151s]
[ 152/528]  C n= 8 seed=20260817 k=None mode=None sig=0.25 ->    OPTIMAL viol=0 survivor=True valid_at=0.1595 wall=1.5534 [152s]
[ 153/528]  C n= 8 seed=20260817 k=None mode=None sig=0.5 ->   FEASIBLE viol=0 survivor=True valid_at=0.1218 wall=15.0085 [167s]
[ 154/528]  C n= 8 seed=20260817 k=None mode=None sig=0.75 ->   FEASIBLE viol=1 survivor=True valid_at=0.6934 wall=15.0193 [182s]
[ 155/528]  C n= 8 seed=20260817 k=None mode=None sig=1.0 ->   FEASIBLE viol=2 survivor=True valid_at=0.1456 wall=15.0067 [197s]
[ 156/528]  C n= 8 seed=20260817 k=None mode=None sig=1.5 -> INFEASIBLE viol=5 survivor=False valid_at=None wall=0.0156 [198s]
[ 157/528]  C n= 8 seed=20260818 k=None mode=None sig=0.0 ->    OPTIMAL viol=0 survivor=True valid_at=0.1085 wall=0.1234 [198s]
[ 158/528]  C n= 8 seed=20260818 k=None mode=None sig=0.25 ->    OPTIMAL viol=0 survivor=True valid_at=0.3007 wall=2.5045 [200s]
[ 159/528]  C n= 8 seed=20260818 k=None mode=None sig=0.5 ->   FEASIBLE viol=0 survivor=True valid_at=0.6307 wall=15.0178 [215s]
[ 160/528]  C n= 8 seed=20260818 k=None mode=None sig=0.75 ->   FEASIBLE viol=0 survivor=True valid_at=0.455 wall=15.0201 [230s]
[ 161/528]  C n= 8 seed=20260818 k=None mode=None sig=1.0 ->    OPTIMAL viol=1 survivor=True valid_at=0.1156 wall=1.525 [232s]
[ 162/528]  C n= 8 seed=20260818 k=None mode=None sig=1.5 ->   FEASIBLE viol=1 survivor=True valid_at=0.2631 wall=15.0127 [247s]
[ 163/528]  C n= 8 seed=20260819 k=None mode=None sig=0.0 ->    OPTIMAL viol=0 survivor=True valid_at=0.1139 wall=0.1207 [247s]
[ 164/528]  C n= 8 seed=20260819 k=None mode=None sig=0.25 ->    OPTIMAL viol=0 survivor=True valid_at=0.1343 wall=1.0617 [248s]
[ 165/528]  C n= 8 seed=20260819 k=None mode=None sig=0.5 ->    OPTIMAL viol=0 survivor=True valid_at=0.5847 wall=14.7029 [263s]
[ 166/528]  C n= 8 seed=20260819 k=None mode=None sig=0.75 ->   FEASIBLE viol=0 survivor=True valid_at=0.4055 wall=15.0208 [278s]
[ 167/528]  C n= 8 seed=20260819 k=None mode=None sig=1.0 ->   FEASIBLE viol=0 survivor=True valid_at=0.2381 wall=15.0128 [293s]
[ 168/528]  C n= 8 seed=20260819 k=None mode=None sig=1.5 -> INFEASIBLE viol=2 survivor=False valid_at=None wall=0.0181 [293s]
[ 169/528]  C n= 8 seed=20260820 k=None mode=None sig=0.0 ->    OPTIMAL viol=0 survivor=True valid_at=0.1688 wall=0.1838 [293s]
[ 170/528]  C n= 8 seed=20260820 k=None mode=None sig=0.25 ->    OPTIMAL viol=0 survivor=True valid_at=2.6868 wall=6.1143 [299s]
[ 171/528]  C n= 8 seed=20260820 k=None mode=None sig=0.5 ->    OPTIMAL viol=1 survivor=True valid_at=0.29 wall=2.5877 [302s]
[ 172/528]  C n= 8 seed=20260820 k=None mode=None sig=0.75 ->   FEASIBLE viol=1 survivor=True valid_at=0.1883 wall=15.0166 [317s]
[ 173/528]  C n= 8 seed=20260820 k=None mode=None sig=1.0 ->    OPTIMAL viol=2 survivor=True valid_at=0.3138 wall=4.1307 [321s]
[ 174/528]  C n= 8 seed=20260820 k=None mode=None sig=1.5 -> INFEASIBLE viol=4 survivor=False valid_at=None wall=0.0239 [321s]
[ 175/528]  C n= 8 seed=20260821 k=None mode=None sig=0.0 ->    OPTIMAL viol=0 survivor=True valid_at=0.1148 wall=0.132 [322s]
[ 176/528]  C n= 8 seed=20260821 k=None mode=None sig=0.25 ->    OPTIMAL viol=0 survivor=True valid_at=0.1788 wall=1.3114 [323s]
[ 177/528]  C n= 8 seed=20260821 k=None mode=None sig=0.5 ->    OPTIMAL viol=0 survivor=True valid_at=0.149 wall=2.7793 [326s]
[ 178/528]  C n= 8 seed=20260821 k=None mode=None sig=0.75 ->    OPTIMAL viol=0 survivor=True valid_at=0.2173 wall=1.8164 [328s]
[ 179/528]  C n= 8 seed=20260821 k=None mode=None sig=1.0 ->    OPTIMAL viol=1 survivor=True valid_at=0.1145 wall=0.2038 [328s]
[ 180/528]  C n= 8 seed=20260821 k=None mode=None sig=1.5 -> INFEASIBLE viol=2 survivor=False valid_at=None wall=0.0154 [328s]
[ 181/528]  C n=12 seed=20260817 k=None mode=None sig=0.0 ->    OPTIMAL viol=0 survivor=True valid_at=0.3746 wall=0.3882 [328s]
[ 182/528]  C n=12 seed=20260817 k=None mode=None sig=0.25 ->   FEASIBLE viol=0 survivor=True valid_at=3.7411 wall=15.0201 [343s]
[ 183/528]  C n=12 seed=20260817 k=None mode=None sig=0.5 ->   FEASIBLE viol=0 survivor=True valid_at=4.7782 wall=15.0273 [358s]
[ 184/528]  C n=12 seed=20260817 k=None mode=None sig=0.75 ->   FEASIBLE viol=0 survivor=True valid_at=2.0804 wall=15.0191 [374s]
[ 185/528]  C n=12 seed=20260817 k=None mode=None sig=1.0 ->   FEASIBLE viol=2 survivor=True valid_at=12.6036 wall=15.0149 [389s]
[ 186/528]  C n=12 seed=20260817 k=None mode=None sig=1.5 ->    UNKNOWN viol=10 survivor=False valid_at=None wall=15.0181 [404s]
[ 187/528]  C n=12 seed=20260818 k=None mode=None sig=0.0 ->    OPTIMAL viol=0 survivor=True valid_at=0.3343 wall=0.3486 [404s]
[ 188/528]  C n=12 seed=20260818 k=None mode=None sig=0.25 ->   FEASIBLE viol=0 survivor=True valid_at=7.2928 wall=15.0304 [419s]
[ 189/528]  C n=12 seed=20260818 k=None mode=None sig=0.5 ->   FEASIBLE viol=0 survivor=True valid_at=2.1677 wall=15.0198 [434s]
[ 190/528]  C n=12 seed=20260818 k=None mode=None sig=0.75 ->   FEASIBLE viol=0 survivor=True valid_at=2.8721 wall=15.021 [450s]
[ 191/528]  C n=12 seed=20260818 k=None mode=None sig=1.0 ->   FEASIBLE viol=1 survivor=True valid_at=0.8552 wall=15.016 [465s]
[ 192/528]  C n=12 seed=20260818 k=None mode=None sig=1.5 -> INFEASIBLE viol=4 survivor=False valid_at=None wall=0.0605 [465s]
[ 193/528]  C n=12 seed=20260819 k=None mode=None sig=0.0 ->    OPTIMAL viol=0 survivor=True valid_at=0.3989 wall=0.4068 [465s]
[ 194/528]  C n=12 seed=20260819 k=None mode=None sig=0.25 ->   FEASIBLE viol=0 survivor=True valid_at=2.2789 wall=15.0164 [480s]
[ 195/528]  C n=12 seed=20260819 k=None mode=None sig=0.5 ->   FEASIBLE viol=0 survivor=True valid_at=2.2805 wall=15.0111 [495s]
[ 196/528]  C n=12 seed=20260819 k=None mode=None sig=0.75 ->   FEASIBLE viol=1 survivor=True valid_at=2.128 wall=15.0195 [511s]
[ 197/528]  C n=12 seed=20260819 k=None mode=None sig=1.0 ->   FEASIBLE viol=2 survivor=True valid_at=2.4803 wall=15.0209 [526s]
[ 198/528]  C n=12 seed=20260819 k=None mode=None sig=1.5 -> INFEASIBLE viol=7 survivor=False valid_at=None wall=0.0274 [526s]
[ 199/528]  C n=12 seed=20260820 k=None mode=None sig=0.0 ->    OPTIMAL viol=0 survivor=True valid_at=0.3693 wall=0.3869 [526s]
[ 200/528]  C n=12 seed=20260820 k=None mode=None sig=0.25 ->   FEASIBLE viol=0 survivor=True valid_at=4.7732 wall=15.0293 [541s]
[ 201/528]  C n=12 seed=20260820 k=None mode=None sig=0.5 ->   FEASIBLE viol=1 survivor=True valid_at=3.672 wall=15.0103 [556s]
[ 202/528]  C n=12 seed=20260820 k=None mode=None sig=0.75 ->   FEASIBLE viol=2 survivor=True valid_at=2.1632 wall=15.0186 [571s]
[ 203/528]  C n=12 seed=20260820 k=None mode=None sig=1.0 ->   FEASIBLE viol=4 survivor=True valid_at=4.9467 wall=15.0272 [587s]
[ 204/528]  C n=12 seed=20260820 k=None mode=None sig=1.5 -> INFEASIBLE viol=10 survivor=False valid_at=None wall=0.0406 [587s]
[ 205/528]  C n=12 seed=20260821 k=None mode=None sig=0.0 ->    OPTIMAL viol=0 survivor=True valid_at=0.3508 wall=0.3558 [587s]
[ 206/528]  C n=12 seed=20260821 k=None mode=None sig=0.25 ->   FEASIBLE viol=0 survivor=True valid_at=2.0301 wall=15.0054 [602s]
[ 207/528]  C n=12 seed=20260821 k=None mode=None sig=0.5 ->   FEASIBLE viol=0 survivor=True valid_at=2.787 wall=15.0274 [617s]
[ 208/528]  C n=12 seed=20260821 k=None mode=None sig=0.75 ->   FEASIBLE viol=2 survivor=True valid_at=5.3857 wall=15.0197 [632s]
[ 209/528]  C n=12 seed=20260821 k=None mode=None sig=1.0 -> INFEASIBLE viol=4 survivor=False valid_at=None wall=0.0393 [632s]
[ 210/528]  C n=12 seed=20260821 k=None mode=None sig=1.5 -> INFEASIBLE viol=7 survivor=False valid_at=None wall=0.0386 [633s]
[ 211/528]  C n=24 seed=20260817 k=None mode=None sig=0.0 ->    OPTIMAL viol=0 survivor=True valid_at=2.6262 wall=2.6517 [636s]
[ 212/528]  C n=24 seed=20260817 k=None mode=None sig=0.25 ->   FEASIBLE viol=0 survivor=False valid_at=None wall=15.0338 [651s]
[ 213/528]  C n=24 seed=20260817 k=None mode=None sig=0.5 ->   FEASIBLE viol=1 survivor=True valid_at=9.9093 wall=15.0202 [666s]
[ 214/528]  C n=24 seed=20260817 k=None mode=None sig=0.75 ->   FEASIBLE viol=1 survivor=True valid_at=13.6254 wall=15.0187 [682s]
[ 215/528]  C n=24 seed=20260817 k=None mode=None sig=1.0 ->   FEASIBLE viol=3 survivor=False valid_at=None wall=15.0328 [697s]
[ 216/528]  C n=24 seed=20260817 k=None mode=None sig=1.5 -> INFEASIBLE viol=10 survivor=False valid_at=None wall=0.1164 [697s]
[ 217/528]  C n=24 seed=20260818 k=None mode=None sig=0.0 ->    OPTIMAL viol=0 survivor=True valid_at=3.276 wall=3.4114 [701s]
[ 218/528]  C n=24 seed=20260818 k=None mode=None sig=0.25 ->   FEASIBLE viol=0 survivor=False valid_at=None wall=15.0391 [716s]
[ 219/528]  C n=24 seed=20260818 k=None mode=None sig=0.5 ->   FEASIBLE viol=0 survivor=True valid_at=13.2344 wall=15.0462 [732s]
[ 220/528]  C n=24 seed=20260818 k=None mode=None sig=0.75 ->   FEASIBLE viol=0 survivor=False valid_at=None wall=15.0412 [747s]
[ 221/528]  C n=24 seed=20260818 k=None mode=None sig=1.0 ->   FEASIBLE viol=5 survivor=False valid_at=None wall=15.0214 [762s]
[ 222/528]  C n=24 seed=20260818 k=None mode=None sig=1.5 ->   FEASIBLE viol=12 survivor=False valid_at=None wall=15.0343 [778s]
[ 223/528]  C n=24 seed=20260819 k=None mode=None sig=0.0 ->    OPTIMAL viol=0 survivor=True valid_at=10.3907 wall=12.4111 [790s]
[ 224/528]  C n=24 seed=20260819 k=None mode=None sig=0.25 ->   FEASIBLE viol=0 survivor=True valid_at=12.8427 wall=15.0307 [806s]
[ 225/528]  C n=24 seed=20260819 k=None mode=None sig=0.5 ->   FEASIBLE viol=0 survivor=True valid_at=15.0021 wall=15.019 [821s]
[ 226/528]  C n=24 seed=20260819 k=None mode=None sig=0.75 ->   FEASIBLE viol=0 survivor=False valid_at=None wall=15.02 [837s]
[ 227/528]  C n=24 seed=20260819 k=None mode=None sig=1.0 ->    UNKNOWN viol=5 survivor=False valid_at=None wall=15.016 [852s]
[ 228/528]  C n=24 seed=20260819 k=None mode=None sig=1.5 ->   FEASIBLE viol=9 survivor=False valid_at=None wall=15.0413 [867s]
[ 229/528]  C n=24 seed=20260820 k=None mode=None sig=0.0 ->    OPTIMAL viol=0 survivor=True valid_at=2.715 wall=3.2368 [871s]
[ 230/528]  C n=24 seed=20260820 k=None mode=None sig=0.25 ->   FEASIBLE viol=0 survivor=True valid_at=13.0311 wall=15.0266 [886s]
[ 231/528]  C n=24 seed=20260820 k=None mode=None sig=0.5 -> INFEASIBLE viol=3 survivor=False valid_at=None wall=0.0623 [886s]
[ 232/528]  C n=24 seed=20260820 k=None mode=None sig=0.75 -> INFEASIBLE viol=4 survivor=False valid_at=None wall=0.0631 [887s]
[ 233/528]  C n=24 seed=20260820 k=None mode=None sig=1.0 -> INFEASIBLE viol=9 survivor=False valid_at=None wall=0.096 [887s]
[ 234/528]  C n=24 seed=20260820 k=None mode=None sig=1.5 -> INFEASIBLE viol=13 survivor=False valid_at=None wall=0.097 [887s]
[ 235/528]  C n=24 seed=20260821 k=None mode=None sig=0.0 ->    OPTIMAL viol=0 survivor=True valid_at=2.7082 wall=2.735 [890s]
[ 236/528]  C n=24 seed=20260821 k=None mode=None sig=0.25 ->   FEASIBLE viol=0 survivor=True valid_at=14.1751 wall=15.0206 [906s]
[ 237/528]  C n=24 seed=20260821 k=None mode=None sig=0.5 ->   FEASIBLE viol=0 survivor=False valid_at=None wall=15.0268 [921s]
[ 238/528]  C n=24 seed=20260821 k=None mode=None sig=0.75 ->   FEASIBLE viol=0 survivor=False valid_at=None wall=15.0303 [936s]
[ 239/528]  C n=24 seed=20260821 k=None mode=None sig=1.0 ->   FEASIBLE viol=2 survivor=False valid_at=None wall=15.0316 [951s]
[ 240/528]  C n=24 seed=20260821 k=None mode=None sig=1.5 ->   FEASIBLE viol=7 survivor=False valid_at=None wall=15.0356 [967s]
[ 241/528]  B n= 8 seed=20260817 k=0 mode=drop0.0 sig=None ->    OPTIMAL viol=0 survivor=True valid_at=0.1061 wall=0.1246 [967s]
[ 242/528]  B n= 8 seed=20260817 k=3 mode=drop0.1 sig=None ->    OPTIMAL viol=0 survivor=True valid_at=0.1067 wall=0.1235 [967s]
[ 243/528]  B n= 8 seed=20260817 k=6 mode=drop0.25 sig=None ->    OPTIMAL viol=0 survivor=True valid_at=0.1508 wall=0.158 [967s]
[ 244/528]  B n= 8 seed=20260817 k=13 mode=drop0.5 sig=None ->    OPTIMAL viol=0 survivor=True valid_at=0.1472 wall=0.1591 [967s]
[ 245/528]  B n= 8 seed=20260817 k=20 mode=drop0.75 sig=None ->    OPTIMAL viol=0 survivor=True valid_at=0.1743 wall=0.1901 [968s]
[ 246/528]  B n= 8 seed=20260817 k=26 mode=drop1.0 sig=None ->    OPTIMAL viol=0 survivor=True valid_at=0.1608 wall=0.1745 [968s]
[ 247/528]  B n= 8 seed=20260818 k=0 mode=drop0.0 sig=None ->    OPTIMAL viol=0 survivor=True valid_at=0.1057 wall=0.1121 [968s]
[ 248/528]  B n= 8 seed=20260818 k=3 mode=drop0.1 sig=None ->    OPTIMAL viol=0 survivor=True valid_at=0.123 wall=0.1382 [968s]
[ 249/528]  B n= 8 seed=20260818 k=7 mode=drop0.25 sig=None ->    OPTIMAL viol=0 survivor=True valid_at=0.1467 wall=0.1584 [968s]
[ 250/528]  B n= 8 seed=20260818 k=14 mode=drop0.5 sig=None ->    OPTIMAL viol=0 survivor=True valid_at=0.1663 wall=0.1745 [969s]
[ 251/528]  B n= 8 seed=20260818 k=21 mode=drop0.75 sig=None ->    OPTIMAL viol=0 survivor=True valid_at=0.1851 wall=0.1898 [969s]
[ 252/528]  B n= 8 seed=20260818 k=28 mode=drop1.0 sig=None ->    OPTIMAL viol=0 survivor=True valid_at=0.1692 wall=0.1749 [969s]
[ 253/528]  B n= 8 seed=20260819 k=0 mode=drop0.0 sig=None ->    OPTIMAL viol=0 survivor=True valid_at=0.1117 wall=0.1255 [969s]
[ 254/528]  B n= 8 seed=20260819 k=2 mode=drop0.1 sig=None ->    OPTIMAL viol=0 survivor=True valid_at=0.1129 wall=0.1258 [969s]
[ 255/528]  B n= 8 seed=20260819 k=6 mode=drop0.25 sig=None ->    OPTIMAL viol=0 survivor=True valid_at=0.1514 wall=0.158 [970s]
[ 256/528]  B n= 8 seed=20260819 k=12 mode=drop0.5 sig=None ->    OPTIMAL viol=0 survivor=True valid_at=0.1763 wall=0.1898 [970s]
[ 257/528]  B n= 8 seed=20260819 k=17 mode=drop0.75 sig=None ->    OPTIMAL viol=0 survivor=True valid_at=0.1784 wall=0.1891 [970s]
[ 258/528]  B n= 8 seed=20260819 k=23 mode=drop1.0 sig=None ->    OPTIMAL viol=0 survivor=True valid_at=0.1647 wall=0.1726 [970s]
[ 259/528]  B n= 8 seed=20260820 k=0 mode=drop0.0 sig=None ->    OPTIMAL viol=0 survivor=True valid_at=0.171 wall=0.1877 [970s]
[ 260/528]  B n= 8 seed=20260820 k=2 mode=drop0.1 sig=None ->    OPTIMAL viol=0 survivor=True valid_at=0.1751 wall=0.1891 [971s]
[ 261/528]  B n= 8 seed=20260820 k=6 mode=drop0.25 sig=None ->    OPTIMAL viol=0 survivor=True valid_at=0.1798 wall=0.1885 [971s]
[ 262/528]  B n= 8 seed=20260820 k=12 mode=drop0.5 sig=None ->    OPTIMAL viol=0 survivor=True valid_at=0.1843 wall=0.1892 [971s]
[ 263/528]  B n= 8 seed=20260820 k=17 mode=drop0.75 sig=None ->    OPTIMAL viol=0 survivor=True valid_at=0.1801 wall=0.1898 [971s]
[ 264/528]  B n= 8 seed=20260820 k=23 mode=drop1.0 sig=None ->    OPTIMAL viol=0 survivor=True valid_at=0.1685 wall=0.1725 [972s]
[ 265/528]  B n= 8 seed=20260821 k=0 mode=drop0.0 sig=None ->    OPTIMAL viol=0 survivor=True valid_at=0.1134 wall=0.1242 [972s]
[ 266/528]  B n= 8 seed=20260821 k=2 mode=drop0.1 sig=None ->    OPTIMAL viol=0 survivor=True valid_at=0.1266 wall=0.1421 [972s]
[ 267/528]  B n= 8 seed=20260821 k=6 mode=drop0.25 sig=None ->    OPTIMAL viol=0 survivor=True valid_at=0.1485 wall=0.1561 [972s]
[ 268/528]  B n= 8 seed=20260821 k=12 mode=drop0.5 sig=None ->    OPTIMAL viol=0 survivor=True valid_at=0.1755 wall=0.1893 [972s]
[ 269/528]  B n= 8 seed=20260821 k=19 mode=drop0.75 sig=None ->    OPTIMAL viol=0 survivor=True valid_at=0.1691 wall=0.1733 [972s]
[ 270/528]  B n= 8 seed=20260821 k=25 mode=drop1.0 sig=None ->    OPTIMAL viol=0 survivor=True valid_at=0.1639 wall=0.1735 [973s]
[ 271/528]  B n=12 seed=20260817 k=0 mode=drop0.0 sig=None ->    OPTIMAL viol=0 survivor=True valid_at=0.3697 wall=0.3852 [973s]
[ 272/528]  B n=12 seed=20260817 k=6 mode=drop0.1 sig=None ->    OPTIMAL viol=0 survivor=True valid_at=0.3932 wall=0.4123 [974s]
[ 273/528]  B n=12 seed=20260817 k=14 mode=drop0.25 sig=None ->    OPTIMAL viol=0 survivor=True valid_at=0.3822 wall=0.3954 [974s]
[ 274/528]  B n=12 seed=20260817 k=29 mode=drop0.5 sig=None ->    OPTIMAL viol=0 survivor=True valid_at=0.4626 wall=0.4738 [975s]
[ 275/528]  B n=12 seed=20260817 k=44 mode=drop0.75 sig=None ->    OPTIMAL viol=0 survivor=True valid_at=0.3767 wall=0.3974 [975s]
[ 276/528]  B n=12 seed=20260817 k=58 mode=drop1.0 sig=None ->    OPTIMAL viol=0 survivor=True valid_at=0.3672 wall=0.3824 [976s]
[ 277/528]  B n=12 seed=20260818 k=0 mode=drop0.0 sig=None ->    OPTIMAL viol=0 survivor=True valid_at=0.2743 wall=0.2894 [976s]
[ 278/528]  B n=12 seed=20260818 k=5 mode=drop0.1 sig=None ->    OPTIMAL viol=0 survivor=True valid_at=0.3367 wall=0.3532 [976s]
[ 279/528]  B n=12 seed=20260818 k=14 mode=drop0.25 sig=None ->    OPTIMAL viol=0 survivor=True valid_at=0.2808 wall=0.2864 [977s]
[ 280/528]  B n=12 seed=20260818 k=27 mode=drop0.5 sig=None ->    OPTIMAL viol=0 survivor=True valid_at=0.4475 wall=0.4632 [977s]
[ 281/528]  B n=12 seed=20260818 k=40 mode=drop0.75 sig=None ->    OPTIMAL viol=0 survivor=True valid_at=0.4465 wall=0.4532 [978s]
[ 282/528]  B n=12 seed=20260818 k=54 mode=drop1.0 sig=None ->    OPTIMAL viol=0 survivor=True valid_at=0.3517 wall=0.3723 [978s]
[ 283/528]  B n=12 seed=20260819 k=0 mode=drop0.0 sig=None ->    OPTIMAL viol=0 survivor=True valid_at=0.4149 wall=0.4287 [979s]
[ 284/528]  B n=12 seed=20260819 k=6 mode=drop0.1 sig=None ->    OPTIMAL viol=0 survivor=True valid_at=0.4151 wall=0.4345 [979s]
[ 285/528]  B n=12 seed=20260819 k=15 mode=drop0.25 sig=None ->    OPTIMAL viol=0 survivor=True valid_at=0.3995 wall=0.4157 [980s]
[ 286/528]  B n=12 seed=20260819 k=30 mode=drop0.5 sig=None ->    OPTIMAL viol=0 survivor=True valid_at=0.408 wall=0.4161 [980s]
[ 287/528]  B n=12 seed=20260819 k=44 mode=drop0.75 sig=None ->    OPTIMAL viol=0 survivor=True valid_at=0.3885 wall=0.3981 [981s]
[ 288/528]  B n=12 seed=20260819 k=59 mode=drop1.0 sig=None ->    OPTIMAL viol=0 survivor=True valid_at=0.3743 wall=0.3851 [981s]
[ 289/528]  B n=12 seed=20260820 k=0 mode=drop0.0 sig=None ->    OPTIMAL viol=0 survivor=True valid_at=0.361 wall=0.3812 [982s]
[ 290/528]  B n=12 seed=20260820 k=6 mode=drop0.1 sig=None ->    OPTIMAL viol=0 survivor=True valid_at=0.3629 wall=0.3834 [982s]
[ 291/528]  B n=12 seed=20260820 k=14 mode=drop0.25 sig=None ->    OPTIMAL viol=0 survivor=True valid_at=0.4473 wall=0.4644 [983s]
[ 292/528]  B n=12 seed=20260820 k=29 mode=drop0.5 sig=None ->    OPTIMAL viol=0 survivor=True valid_at=0.3785 wall=0.3846 [983s]
[ 293/528]  B n=12 seed=20260820 k=44 mode=drop0.75 sig=None ->    OPTIMAL viol=0 survivor=True valid_at=0.3745 wall=0.3823 [984s]
[ 294/528]  B n=12 seed=20260820 k=58 mode=drop1.0 sig=None ->    OPTIMAL viol=0 survivor=True valid_at=0.3409 wall=0.3554 [984s]
[ 295/528]  B n=12 seed=20260821 k=0 mode=drop0.0 sig=None ->    OPTIMAL viol=0 survivor=True valid_at=0.3518 wall=0.3692 [984s]
[ 296/528]  B n=12 seed=20260821 k=6 mode=drop0.1 sig=None ->    OPTIMAL viol=0 survivor=True valid_at=0.3628 wall=0.3692 [985s]
[ 297/528]  B n=12 seed=20260821 k=14 mode=drop0.25 sig=None ->    OPTIMAL viol=0 survivor=True valid_at=0.3838 wall=0.4046 [985s]
[ 298/528]  B n=12 seed=20260821 k=28 mode=drop0.5 sig=None ->    OPTIMAL viol=0 survivor=True valid_at=0.3988 wall=0.4188 [986s]
[ 299/528]  B n=12 seed=20260821 k=43 mode=drop0.75 sig=None ->    OPTIMAL viol=0 survivor=True valid_at=0.4054 wall=0.4177 [986s]
[ 300/528]  B n=12 seed=20260821 k=57 mode=drop1.0 sig=None ->    OPTIMAL viol=0 survivor=True valid_at=0.3379 wall=0.3547 [987s]
[ 301/528]  B n=24 seed=20260817 k=0 mode=drop0.0 sig=None ->    OPTIMAL viol=0 survivor=True valid_at=2.6549 wall=2.6774 [990s]
[ 302/528]  B n=24 seed=20260817 k=25 mode=drop0.1 sig=None ->    OPTIMAL viol=0 survivor=True valid_at=3.1007 wall=3.1215 [993s]
[ 303/528]  B n=24 seed=20260817 k=63 mode=drop0.25 sig=None ->    OPTIMAL viol=0 survivor=True valid_at=4.2409 wall=4.271 [998s]
[ 304/528]  B n=24 seed=20260817 k=126 mode=drop0.5 sig=None ->   FEASIBLE viol=0 survivor=True valid_at=11.5898 wall=15.0502 [1013s]
[ 305/528]  B n=24 seed=20260817 k=188 mode=drop0.75 sig=None ->   FEASIBLE viol=0 survivor=False valid_at=None wall=15.0449 [1028s]
[ 306/528]  B n=24 seed=20260817 k=251 mode=drop1.0 sig=None ->   FEASIBLE viol=0 survivor=True valid_at=7.5375 wall=15.1564 [1044s]
[ 307/528]  B n=24 seed=20260818 k=0 mode=drop0.0 sig=None ->    OPTIMAL viol=0 survivor=True valid_at=3.2702 wall=3.3441 [1048s]
[ 308/528]  B n=24 seed=20260818 k=24 mode=drop0.1 sig=None ->    OPTIMAL viol=0 survivor=True valid_at=4.1645 wall=4.2049 [1052s]
[ 309/528]  B n=24 seed=20260818 k=61 mode=drop0.25 sig=None ->   FEASIBLE viol=0 survivor=False valid_at=None wall=15.0203 [1067s]
[ 310/528]  B n=24 seed=20260818 k=122 mode=drop0.5 sig=None ->    OPTIMAL viol=0 survivor=True valid_at=4.1577 wall=4.1916 [1072s]
[ 311/528]  B n=24 seed=20260818 k=183 mode=drop0.75 sig=None ->    OPTIMAL viol=0 survivor=True valid_at=5.4838 wall=5.6289 [1078s]
[ 312/528]  B n=24 seed=20260818 k=244 mode=drop1.0 sig=None ->    OPTIMAL viol=0 survivor=True valid_at=1.966 wall=1.9867 [1080s]
[ 313/528]  B n=24 seed=20260819 k=0 mode=drop0.0 sig=None ->    OPTIMAL viol=0 survivor=True valid_at=3.763 wall=3.795 [1084s]
[ 314/528]  B n=24 seed=20260819 k=25 mode=drop0.1 sig=None ->    OPTIMAL viol=0 survivor=True valid_at=3.663 wall=3.6778 [1088s]
[ 315/528]  B n=24 seed=20260819 k=62 mode=drop0.25 sig=None ->    OPTIMAL viol=0 survivor=True valid_at=3.2376 wall=3.2659 [1092s]
[ 316/528]  B n=24 seed=20260819 k=124 mode=drop0.5 sig=None ->    OPTIMAL viol=0 survivor=True valid_at=7.7016 wall=12.525 [1105s]
[ 317/528]  B n=24 seed=20260819 k=185 mode=drop0.75 sig=None ->    OPTIMAL viol=0 survivor=True valid_at=4.8741 wall=5.3293 [1110s]
[ 318/528]  B n=24 seed=20260819 k=247 mode=drop1.0 sig=None ->    OPTIMAL viol=0 survivor=True valid_at=2.8328 wall=2.8924 [1113s]
[ 319/528]  B n=24 seed=20260820 k=0 mode=drop0.0 sig=None ->    OPTIMAL viol=0 survivor=True valid_at=2.7833 wall=3.1608 [1117s]
[ 320/528]  B n=24 seed=20260820 k=24 mode=drop0.1 sig=None ->    OPTIMAL viol=0 survivor=True valid_at=3.7173 wall=3.8458 [1121s]
[ 321/528]  B n=24 seed=20260820 k=61 mode=drop0.25 sig=None ->    OPTIMAL viol=0 survivor=True valid_at=2.8566 wall=3.4753 [1125s]
[ 322/528]  B n=24 seed=20260820 k=122 mode=drop0.5 sig=None ->    OPTIMAL viol=0 survivor=True valid_at=4.3241 wall=13.1435 [1138s]
[ 323/528]  B n=24 seed=20260820 k=184 mode=drop0.75 sig=None ->    OPTIMAL viol=0 survivor=True valid_at=2.6285 wall=2.6621 [1141s]
[ 324/528]  B n=24 seed=20260820 k=245 mode=drop1.0 sig=None ->    OPTIMAL viol=0 survivor=True valid_at=6.535 wall=14.1344 [1156s]
[ 325/528]  B n=24 seed=20260821 k=0 mode=drop0.0 sig=None ->    OPTIMAL viol=0 survivor=True valid_at=2.7858 wall=2.8129 [1159s]
[ 326/528]  B n=24 seed=20260821 k=24 mode=drop0.1 sig=None ->    OPTIMAL viol=0 survivor=True valid_at=5.5626 wall=12.23 [1171s]
[ 327/528]  B n=24 seed=20260821 k=61 mode=drop0.25 sig=None ->    OPTIMAL viol=0 survivor=True valid_at=2.9326 wall=2.9466 [1174s]
[ 328/528]  B n=24 seed=20260821 k=122 mode=drop0.5 sig=None ->    OPTIMAL viol=0 survivor=True valid_at=2.8067 wall=2.8253 [1177s]
[ 329/528]  B n=24 seed=20260821 k=184 mode=drop0.75 sig=None ->    OPTIMAL viol=0 survivor=True valid_at=4.3646 wall=4.3966 [1182s]
[ 330/528]  B n=24 seed=20260821 k=245 mode=drop1.0 sig=None ->   FEASIBLE viol=0 survivor=False valid_at=None wall=15.0522 [1197s]
[ 331/528]  E n= 8 seed=20260817 k=1 mode=any sig=None -> INFEASIBLE viol=1 survivor=False valid_at=None wall=0.0153 [1213s]
[ 332/528]  E n= 8 seed=20260817 k=2 mode=any sig=None -> INFEASIBLE viol=2 survivor=False valid_at=None wall=0.0158 [1228s]
[ 333/528]  E n= 8 seed=20260817 k=3 mode=any sig=None -> INFEASIBLE viol=3 survivor=False valid_at=None wall=0.0099 [1240s]
[ 334/528]  E n= 8 seed=20260817 k=4 mode=any sig=None -> INFEASIBLE viol=3 survivor=False valid_at=None wall=0.0094 [1255s]
[ 335/528]  E n= 8 seed=20260817 k=6 mode=any sig=None -> INFEASIBLE viol=6 survivor=False valid_at=None wall=0.0101 [1270s]
[ 336/528]  E n= 8 seed=20260817 k=8 mode=any sig=None -> INFEASIBLE viol=7 survivor=False valid_at=None wall=0.0072 [1286s]
[ 337/528]  E n= 8 seed=20260818 k=1 mode=any sig=None -> INFEASIBLE viol=1 survivor=False valid_at=None wall=0.0148 [1290s]
[ 338/528]  E n= 8 seed=20260818 k=2 mode=any sig=None -> INFEASIBLE viol=1 survivor=False valid_at=None wall=0.0225 [1291s]
[ 339/528]  E n= 8 seed=20260818 k=3 mode=any sig=None -> INFEASIBLE viol=3 survivor=False valid_at=None wall=0.0098 [1298s]
[ 340/528]  E n= 8 seed=20260818 k=4 mode=any sig=None -> INFEASIBLE viol=3 survivor=False valid_at=None wall=0.0113 [1313s]
[ 341/528]  E n= 8 seed=20260818 k=6 mode=any sig=None -> INFEASIBLE viol=5 survivor=False valid_at=None wall=0.0073 [1329s]
[ 342/528]  E n= 8 seed=20260818 k=8 mode=any sig=None -> INFEASIBLE viol=8 survivor=False valid_at=None wall=0.0087 [1329s]
[ 343/528]  E n= 8 seed=20260819 k=1 mode=any sig=None ->    OPTIMAL viol=1 survivor=False valid_at=None wall=1.4833 [1334s]
[ 344/528]  E n= 8 seed=20260819 k=2 mode=any sig=None -> INFEASIBLE viol=2 survivor=False valid_at=None wall=0.0095 [1349s]
[ 345/528]  E n= 8 seed=20260819 k=3 mode=any sig=None -> INFEASIBLE viol=3 survivor=False valid_at=None wall=0.0108 [1355s]
[ 346/528]  E n= 8 seed=20260819 k=4 mode=any sig=None -> INFEASIBLE viol=3 survivor=False valid_at=None wall=0.0169 [1364s]
[ 347/528]  E n= 8 seed=20260819 k=6 mode=any sig=None -> INFEASIBLE viol=6 survivor=False valid_at=None wall=0.0093 [1378s]
[ 348/528]  E n= 8 seed=20260819 k=8 mode=any sig=None -> INFEASIBLE viol=6 survivor=False valid_at=None wall=0.0095 [1378s]
[ 349/528]  E n=12 seed=20260817 k=1 mode=any sig=None -> INFEASIBLE viol=1 survivor=False valid_at=None wall=0.0529 [1394s]
[ 350/528]  E n=12 seed=20260817 k=2 mode=any sig=None -> INFEASIBLE viol=2 survivor=False valid_at=None wall=0.0471 [1410s]
[ 351/528]  E n=12 seed=20260817 k=3 mode=any sig=None -> INFEASIBLE viol=3 survivor=False valid_at=None wall=0.0328 [1427s]
[ 352/528]  E n=12 seed=20260817 k=4 mode=any sig=None -> INFEASIBLE viol=3 survivor=False valid_at=None wall=1.2207 [1446s]
[ 353/528]  E n=12 seed=20260817 k=6 mode=any sig=None -> INFEASIBLE viol=5 survivor=False valid_at=None wall=0.0302 [1447s]
[ 354/528]  E n=12 seed=20260817 k=8 mode=any sig=None -> INFEASIBLE viol=6 survivor=False valid_at=None wall=0.0284 [1463s]
[ 355/528]  E n=12 seed=20260818 k=1 mode=any sig=None ->    OPTIMAL viol=0 survivor=True valid_at=0.3102 wall=0.3224 [1465s]
[ 356/528]  E n=12 seed=20260818 k=2 mode=any sig=None -> INFEASIBLE viol=2 survivor=False valid_at=None wall=0.0299 [1481s]
[ 357/528]  E n=12 seed=20260818 k=3 mode=any sig=None -> INFEASIBLE viol=3 survivor=False valid_at=None wall=0.041 [1497s]
[ 358/528]  E n=12 seed=20260818 k=4 mode=any sig=None -> INFEASIBLE viol=4 survivor=False valid_at=None wall=0.0345 [1512s]
[ 359/528]  E n=12 seed=20260818 k=6 mode=any sig=None -> INFEASIBLE viol=6 survivor=False valid_at=None wall=0.0296 [1529s]
[ 360/528]  E n=12 seed=20260818 k=8 mode=any sig=None -> INFEASIBLE viol=7 survivor=False valid_at=None wall=0.039 [1546s]
[ 361/528]  E n=12 seed=20260819 k=1 mode=any sig=None ->   FEASIBLE viol=1 survivor=False valid_at=None wall=15.1207 [1592s]
[ 362/528]  E n=12 seed=20260819 k=2 mode=any sig=None ->    OPTIMAL viol=1 survivor=True valid_at=0.4095 wall=0.415 [1594s]
[ 363/528]  E n=12 seed=20260819 k=3 mode=any sig=None -> INFEASIBLE viol=3 survivor=False valid_at=None wall=0.0364 [1610s]
[ 364/528]  E n=12 seed=20260819 k=4 mode=any sig=None ->   FEASIBLE viol=3 survivor=False valid_at=None wall=15.0157 [1656s]
[ 365/528]  E n=12 seed=20260819 k=6 mode=any sig=None -> INFEASIBLE viol=5 survivor=False valid_at=None wall=0.0292 [1672s]
[ 366/528]  E n=12 seed=20260819 k=8 mode=any sig=None -> INFEASIBLE viol=7 survivor=False valid_at=None wall=0.0321 [1688s]
[ 367/528]  E n=24 seed=20260817 k=1 mode=any sig=None -> INFEASIBLE viol=1 survivor=False valid_at=None wall=0.1254 [1693s]
[ 368/528]  E n=24 seed=20260817 k=2 mode=any sig=None ->   FEASIBLE viol=1 survivor=True valid_at=6.7968 wall=15.0417 [1727s]
[ 369/528]  E n=24 seed=20260817 k=3 mode=any sig=None -> INFEASIBLE viol=1 survivor=False valid_at=None wall=0.2215 [1731s]
[ 370/528]  E n=24 seed=20260817 k=4 mode=any sig=None -> INFEASIBLE viol=4 survivor=False valid_at=None wall=0.1256 [1744s]
[ 371/528]  E n=24 seed=20260817 k=6 mode=any sig=None -> INFEASIBLE viol=6 survivor=False valid_at=None wall=0.1283 [1748s]
[ 372/528]  E n=24 seed=20260817 k=8 mode=any sig=None -> INFEASIBLE viol=7 survivor=False valid_at=None wall=0.1532 [1765s]
[ 373/528]  E n=24 seed=20260818 k=1 mode=any sig=None ->   FEASIBLE viol=1 survivor=False valid_at=None wall=15.0314 [1800s]
[ 374/528]  E n=24 seed=20260818 k=2 mode=any sig=None ->    OPTIMAL viol=0 survivor=True valid_at=3.837 wall=3.9275 [1824s]
[ 375/528]  E n=24 seed=20260818 k=3 mode=any sig=None -> INFEASIBLE viol=3 survivor=False valid_at=None wall=0.167 [1831s]
[ 376/528]  E n=24 seed=20260818 k=4 mode=any sig=None -> INFEASIBLE viol=4 survivor=False valid_at=None wall=1.4184 [1840s]
[ 377/528]  E n=24 seed=20260818 k=6 mode=any sig=None -> INFEASIBLE viol=5 survivor=False valid_at=None wall=0.1303 [1845s]
[ 378/528]  E n=24 seed=20260818 k=8 mode=any sig=None -> INFEASIBLE viol=7 survivor=False valid_at=None wall=0.1648 [1851s]
[ 379/528]  E n=24 seed=20260819 k=1 mode=any sig=None -> INFEASIBLE viol=1 survivor=False valid_at=None wall=0.2546 [1856s]
[ 380/528]  E n=24 seed=20260819 k=2 mode=any sig=None -> INFEASIBLE viol=1 survivor=False valid_at=None wall=0.1882 [1862s]
[ 381/528]  E n=24 seed=20260819 k=3 mode=any sig=None ->   FEASIBLE viol=1 survivor=False valid_at=None wall=15.0215 [1897s]
[ 382/528]  E n=24 seed=20260819 k=4 mode=any sig=None -> INFEASIBLE viol=3 survivor=False valid_at=None wall=0.1307 [1903s]
[ 383/528]  E n=24 seed=20260819 k=6 mode=any sig=None -> INFEASIBLE viol=6 survivor=False valid_at=None wall=0.1369 [1920s]
[ 384/528]  E n=24 seed=20260819 k=8 mode=any sig=None -> INFEASIBLE viol=8 survivor=False valid_at=None wall=0.1317 [1926s]
[ 385/528]  F n= 8 seed=20260817 k=1 mode=drop0.25 sig=None ->    OPTIMAL viol=1 survivor=False valid_at=None wall=0.3253 [1926s]
[ 386/528]  F n= 8 seed=20260817 k=2 mode=drop0.25 sig=None -> INFEASIBLE viol=2 survivor=False valid_at=None wall=0.012 [1926s]
[ 387/528]  F n= 8 seed=20260817 k=4 mode=drop0.25 sig=None -> INFEASIBLE viol=4 survivor=False valid_at=None wall=0.011 [1926s]
[ 388/528]  F n= 8 seed=20260817 k=1 mode=drop0.5 sig=None ->    OPTIMAL viol=1 survivor=True valid_at=0.1992 wall=0.3206 [1927s]
[ 389/528]  F n= 8 seed=20260817 k=2 mode=drop0.5 sig=None ->    OPTIMAL viol=2 survivor=False valid_at=None wall=0.1511 [1927s]
[ 390/528]  F n= 8 seed=20260817 k=4 mode=drop0.5 sig=None -> INFEASIBLE viol=4 survivor=False valid_at=None wall=0.0172 [1927s]
[ 391/528]  F n= 8 seed=20260818 k=1 mode=drop0.25 sig=None -> INFEASIBLE viol=1 survivor=False valid_at=None wall=0.0289 [1927s]
[ 392/528]  F n= 8 seed=20260818 k=2 mode=drop0.25 sig=None ->    OPTIMAL viol=2 survivor=False valid_at=None wall=1.6104 [1929s]
[ 393/528]  F n= 8 seed=20260818 k=4 mode=drop0.25 sig=None -> INFEASIBLE viol=2 survivor=False valid_at=None wall=0.0099 [1929s]
[ 394/528]  F n= 8 seed=20260818 k=1 mode=drop0.5 sig=None -> INFEASIBLE viol=1 survivor=False valid_at=None wall=0.0149 [1929s]
[ 395/528]  F n= 8 seed=20260818 k=2 mode=drop0.5 sig=None -> INFEASIBLE viol=2 survivor=False valid_at=None wall=0.0121 [1929s]
[ 396/528]  F n= 8 seed=20260818 k=4 mode=drop0.5 sig=None -> INFEASIBLE viol=4 survivor=False valid_at=None wall=0.0142 [1929s]
[ 397/528]  F n= 8 seed=20260819 k=1 mode=drop0.25 sig=None -> INFEASIBLE viol=1 survivor=False valid_at=None wall=0.0134 [1929s]
[ 398/528]  F n= 8 seed=20260819 k=2 mode=drop0.25 sig=None -> INFEASIBLE viol=2 survivor=False valid_at=None wall=0.0199 [1929s]
[ 399/528]  F n= 8 seed=20260819 k=4 mode=drop0.25 sig=None -> INFEASIBLE viol=4 survivor=False valid_at=None wall=0.012 [1929s]
[ 400/528]  F n= 8 seed=20260819 k=1 mode=drop0.5 sig=None ->    OPTIMAL viol=0 survivor=True valid_at=0.1946 wall=0.2113 [1929s]
[ 401/528]  F n= 8 seed=20260819 k=2 mode=drop0.5 sig=None -> INFEASIBLE viol=2 survivor=False valid_at=None wall=0.0109 [1929s]
[ 402/528]  F n= 8 seed=20260819 k=4 mode=drop0.5 sig=None -> INFEASIBLE viol=3 survivor=False valid_at=None wall=0.0154 [1929s]
[ 403/528]  F n=12 seed=20260817 k=1 mode=drop0.25 sig=None ->    OPTIMAL viol=0 survivor=True valid_at=0.4963 wall=0.5125 [1930s]
[ 404/528]  F n=12 seed=20260817 k=2 mode=drop0.25 sig=None -> INFEASIBLE viol=2 survivor=False valid_at=None wall=0.0398 [1930s]
[ 405/528]  F n=12 seed=20260817 k=4 mode=drop0.25 sig=None -> INFEASIBLE viol=4 survivor=False valid_at=None wall=0.0404 [1930s]
[ 406/528]  F n=12 seed=20260817 k=1 mode=drop0.5 sig=None ->   FEASIBLE viol=1 survivor=True valid_at=1.0459 wall=15.0155 [1945s]
[ 407/528]  F n=12 seed=20260817 k=2 mode=drop0.5 sig=None ->   FEASIBLE viol=1 survivor=True valid_at=6.2379 wall=15.0214 [1960s]
[ 408/528]  F n=12 seed=20260817 k=4 mode=drop0.5 sig=None -> INFEASIBLE viol=3 survivor=False valid_at=None wall=0.0595 [1960s]
[ 409/528]  F n=12 seed=20260818 k=1 mode=drop0.25 sig=None -> INFEASIBLE viol=1 survivor=False valid_at=None wall=0.0286 [1960s]
[ 410/528]  F n=12 seed=20260818 k=2 mode=drop0.25 sig=None -> INFEASIBLE viol=2 survivor=False valid_at=None wall=0.028 [1961s]
[ 411/528]  F n=12 seed=20260818 k=4 mode=drop0.25 sig=None -> INFEASIBLE viol=3 survivor=False valid_at=None wall=0.0436 [1961s]
[ 412/528]  F n=12 seed=20260818 k=1 mode=drop0.5 sig=None ->   FEASIBLE viol=1 survivor=True valid_at=1.6312 wall=15.0273 [1976s]
[ 413/528]  F n=12 seed=20260818 k=2 mode=drop0.5 sig=None -> INFEASIBLE viol=2 survivor=False valid_at=None wall=0.0776 [1976s]
[ 414/528]  F n=12 seed=20260818 k=4 mode=drop0.5 sig=None -> INFEASIBLE viol=3 survivor=False valid_at=None wall=0.0506 [1976s]
[ 415/528]  F n=12 seed=20260819 k=1 mode=drop0.25 sig=None ->   FEASIBLE viol=1 survivor=False valid_at=None wall=15.0099 [1991s]
[ 416/528]  F n=12 seed=20260819 k=2 mode=drop0.25 sig=None -> INFEASIBLE viol=2 survivor=False valid_at=None wall=0.0423 [1991s]
[ 417/528]  F n=12 seed=20260819 k=4 mode=drop0.25 sig=None -> INFEASIBLE viol=4 survivor=False valid_at=None wall=0.0459 [1991s]
[ 418/528]  F n=12 seed=20260819 k=1 mode=drop0.5 sig=None ->   FEASIBLE viol=1 survivor=False valid_at=None wall=15.0105 [2007s]
[ 419/528]  F n=12 seed=20260819 k=2 mode=drop0.5 sig=None ->   FEASIBLE viol=1 survivor=True valid_at=2.7721 wall=15.0214 [2022s]
[ 420/528]  F n=12 seed=20260819 k=4 mode=drop0.5 sig=None -> INFEASIBLE viol=4 survivor=False valid_at=None wall=0.0281 [2022s]
[ 421/528]  F n=24 seed=20260817 k=1 mode=drop0.25 sig=None ->   FEASIBLE viol=1 survivor=False valid_at=None wall=15.0314 [2037s]
[ 422/528]  F n=24 seed=20260817 k=2 mode=drop0.25 sig=None -> INFEASIBLE viol=2 survivor=False valid_at=None wall=0.1282 [2038s]
[ 423/528]  F n=24 seed=20260817 k=4 mode=drop0.25 sig=None -> INFEASIBLE viol=4 survivor=False valid_at=None wall=0.2254 [2038s]
[ 424/528]  F n=24 seed=20260817 k=1 mode=drop0.5 sig=None ->    OPTIMAL viol=0 survivor=True valid_at=3.8752 wall=3.9025 [2042s]
[ 425/528]  F n=24 seed=20260817 k=2 mode=drop0.5 sig=None -> INFEASIBLE viol=2 survivor=False valid_at=None wall=0.2507 [2043s]
[ 426/528]  F n=24 seed=20260817 k=4 mode=drop0.5 sig=None -> INFEASIBLE viol=3 survivor=False valid_at=None wall=0.1913 [2043s]
[ 427/528]  F n=24 seed=20260818 k=1 mode=drop0.25 sig=None -> INFEASIBLE viol=1 survivor=False valid_at=None wall=0.1651 [2044s]
[ 428/528]  F n=24 seed=20260818 k=2 mode=drop0.25 sig=None -> INFEASIBLE viol=2 survivor=False valid_at=None wall=0.2361 [2045s]
[ 429/528]  F n=24 seed=20260818 k=4 mode=drop0.25 sig=None ->    UNKNOWN viol=4 survivor=False valid_at=None wall=15.0255 [2060s]
[ 430/528]  F n=24 seed=20260818 k=1 mode=drop0.5 sig=None -> INFEASIBLE viol=1 survivor=False valid_at=None wall=0.253 [2060s]
[ 431/528]  F n=24 seed=20260818 k=2 mode=drop0.5 sig=None ->   FEASIBLE viol=1 survivor=False valid_at=None wall=15.0781 [2076s]
[ 432/528]  F n=24 seed=20260818 k=4 mode=drop0.5 sig=None -> INFEASIBLE viol=3 survivor=False valid_at=None wall=0.1416 [2076s]
[ 433/528]  F n=24 seed=20260819 k=1 mode=drop0.25 sig=None ->    OPTIMAL viol=0 survivor=True valid_at=9.604 wall=9.6262 [2086s]
[ 434/528]  F n=24 seed=20260819 k=2 mode=drop0.25 sig=None -> INFEASIBLE viol=2 survivor=False valid_at=None wall=0.1986 [2087s]
[ 435/528]  F n=24 seed=20260819 k=4 mode=drop0.25 sig=None -> INFEASIBLE viol=3 survivor=False valid_at=None wall=0.1639 [2088s]
[ 436/528]  F n=24 seed=20260819 k=1 mode=drop0.5 sig=None ->   FEASIBLE viol=1 survivor=False valid_at=None wall=15.0387 [2103s]
[ 437/528]  F n=24 seed=20260819 k=2 mode=drop0.5 sig=None -> INFEASIBLE viol=1 survivor=False valid_at=None wall=0.306 [2104s]
[ 438/528]  F n=24 seed=20260819 k=4 mode=drop0.5 sig=None -> INFEASIBLE viol=2 survivor=False valid_at=None wall=0.7245 [2105s]
[ 439/528] A2 n= 8 seed=20260817 k=2 mode=any sig=None -> INFEASIBLE viol=2 survivor=False valid_at=None wall=0.0087 [2105s]
[ 440/528] A2 n= 8 seed=20260817 k=4 mode=any sig=None -> INFEASIBLE viol=4 survivor=False valid_at=None wall=0.0111 [2105s]
[ 441/528] A2 n= 8 seed=20260817 k=8 mode=any sig=None -> INFEASIBLE viol=7 survivor=False valid_at=None wall=0.0071 [2105s]
[ 442/528] A2 n= 8 seed=20260817 k=16 mode=any sig=None -> INFEASIBLE viol=16 survivor=False valid_at=None wall=0.0107 [2105s]
[ 443/528] A2 n= 8 seed=20260818 k=2 mode=any sig=None -> INFEASIBLE viol=2 survivor=False valid_at=None wall=0.0146 [2105s]
[ 444/528] A2 n= 8 seed=20260818 k=4 mode=any sig=None -> INFEASIBLE viol=4 survivor=False valid_at=None wall=0.0117 [2105s]
[ 445/528] A2 n= 8 seed=20260818 k=8 mode=any sig=None -> INFEASIBLE viol=6 survivor=False valid_at=None wall=0.0097 [2105s]
[ 446/528] A2 n= 8 seed=20260818 k=16 mode=any sig=None -> INFEASIBLE viol=15 survivor=False valid_at=None wall=0.0103 [2105s]
[ 447/528] A2 n= 8 seed=20260819 k=2 mode=any sig=None -> INFEASIBLE viol=2 survivor=False valid_at=None wall=0.0123 [2105s]
[ 448/528] A2 n= 8 seed=20260819 k=4 mode=any sig=None -> INFEASIBLE viol=4 survivor=False valid_at=None wall=0.0114 [2105s]
[ 449/528] A2 n= 8 seed=20260819 k=8 mode=any sig=None -> INFEASIBLE viol=7 survivor=False valid_at=None wall=0.0118 [2105s]
[ 450/528] A2 n= 8 seed=20260819 k=16 mode=any sig=None -> INFEASIBLE viol=15 survivor=False valid_at=None wall=0.0102 [2105s]
[ 451/528] A2 n=12 seed=20260817 k=2 mode=any sig=None ->   FEASIBLE viol=1 survivor=True valid_at=2.1946 wall=15.0154 [2120s]
[ 452/528] A2 n=12 seed=20260817 k=4 mode=any sig=None -> INFEASIBLE viol=4 survivor=False valid_at=None wall=0.0283 [2120s]
[ 453/528] A2 n=12 seed=20260817 k=8 mode=any sig=None -> INFEASIBLE viol=8 survivor=False valid_at=None wall=0.0242 [2120s]
[ 454/528] A2 n=12 seed=20260817 k=16 mode=any sig=None -> INFEASIBLE viol=15 survivor=False valid_at=None wall=0.0277 [2121s]
[ 455/528] A2 n=12 seed=20260818 k=2 mode=any sig=None -> INFEASIBLE viol=2 survivor=False valid_at=None wall=0.0547 [2121s]
[ 456/528] A2 n=12 seed=20260818 k=4 mode=any sig=None -> INFEASIBLE viol=4 survivor=False valid_at=None wall=0.0267 [2121s]
[ 457/528] A2 n=12 seed=20260818 k=8 mode=any sig=None -> INFEASIBLE viol=8 survivor=False valid_at=None wall=0.0263 [2121s]
[ 458/528] A2 n=12 seed=20260818 k=16 mode=any sig=None -> INFEASIBLE viol=13 survivor=False valid_at=None wall=0.0239 [2121s]
[ 459/528] A2 n=12 seed=20260819 k=2 mode=any sig=None -> INFEASIBLE viol=2 survivor=False valid_at=None wall=0.0413 [2121s]
[ 460/528] A2 n=12 seed=20260819 k=4 mode=any sig=None -> INFEASIBLE viol=4 survivor=False valid_at=None wall=0.0364 [2121s]
[ 461/528] A2 n=12 seed=20260819 k=8 mode=any sig=None -> INFEASIBLE viol=8 survivor=False valid_at=None wall=0.0264 [2121s]
[ 462/528] A2 n=12 seed=20260819 k=16 mode=any sig=None -> INFEASIBLE viol=15 survivor=False valid_at=None wall=0.0263 [2121s]
[ 463/528] A2 n=24 seed=20260817 k=2 mode=any sig=None -> INFEASIBLE viol=2 survivor=False valid_at=None wall=0.1287 [2122s]
[ 464/528] A2 n=24 seed=20260817 k=4 mode=any sig=None -> INFEASIBLE viol=2 survivor=False valid_at=None wall=0.3917 [2123s]
[ 465/528] A2 n=24 seed=20260817 k=8 mode=any sig=None -> INFEASIBLE viol=7 survivor=False valid_at=None wall=0.1275 [2123s]
[ 466/528] A2 n=24 seed=20260817 k=16 mode=any sig=None -> INFEASIBLE viol=14 survivor=False valid_at=None wall=0.1263 [2123s]
[ 467/528] A2 n=24 seed=20260818 k=2 mode=any sig=None ->   FEASIBLE viol=1 survivor=False valid_at=None wall=15.029 [2139s]
[ 468/528] A2 n=24 seed=20260818 k=4 mode=any sig=None -> INFEASIBLE viol=3 survivor=False valid_at=None wall=0.1541 [2139s]
[ 469/528] A2 n=24 seed=20260818 k=8 mode=any sig=None -> INFEASIBLE viol=7 survivor=False valid_at=None wall=0.1626 [2140s]
[ 470/528] A2 n=24 seed=20260818 k=16 mode=any sig=None -> INFEASIBLE viol=14 survivor=False valid_at=None wall=0.1278 [2140s]
[ 471/528] A2 n=24 seed=20260819 k=2 mode=any sig=None -> INFEASIBLE viol=2 survivor=False valid_at=None wall=0.1351 [2141s]
[ 472/528] A2 n=24 seed=20260819 k=4 mode=any sig=None -> INFEASIBLE viol=4 survivor=False valid_at=None wall=0.1339 [2141s]
[ 473/528] A2 n=24 seed=20260819 k=8 mode=any sig=None -> INFEASIBLE viol=8 survivor=False valid_at=None wall=0.1327 [2142s]
[ 474/528] A2 n=24 seed=20260819 k=16 mode=any sig=None -> INFEASIBLE viol=13 survivor=False valid_at=None wall=0.1317 [2142s]
[ 475/528] A3 n=12 seed=20260817 k=1 mode=reverse sig=None -> INFEASIBLE viol=1 survivor=False valid_at=None wall=0.0439 [2142s]
[ 476/528] A3 n=12 seed=20260817 k=2 mode=reverse sig=None -> INFEASIBLE viol=2 survivor=False valid_at=None wall=0.0311 [2142s]
[ 477/528] A3 n=12 seed=20260817 k=4 mode=reverse sig=None -> INFEASIBLE viol=4 survivor=False valid_at=None wall=0.0341 [2142s]
[ 478/528] A3 n=12 seed=20260817 k=1 mode=axis sig=None ->   FEASIBLE viol=1 survivor=True valid_at=0.8657 wall=15.0299 [2158s]
[ 479/528] A3 n=12 seed=20260817 k=2 mode=axis sig=None ->   FEASIBLE viol=2 survivor=False valid_at=None wall=15.0187 [2173s]
[ 480/528] A3 n=12 seed=20260817 k=4 mode=axis sig=None -> INFEASIBLE viol=2 survivor=False valid_at=None wall=0.0582 [2173s]
[ 481/528] A3 n=12 seed=20260818 k=1 mode=reverse sig=None -> INFEASIBLE viol=1 survivor=False valid_at=None wall=0.0284 [2173s]
[ 482/528] A3 n=12 seed=20260818 k=2 mode=reverse sig=None -> INFEASIBLE viol=2 survivor=False valid_at=None wall=0.0291 [2173s]
[ 483/528] A3 n=12 seed=20260818 k=4 mode=reverse sig=None -> INFEASIBLE viol=4 survivor=False valid_at=None wall=0.0293 [2173s]
[ 484/528] A3 n=12 seed=20260818 k=1 mode=axis sig=None ->    OPTIMAL viol=1 survivor=True valid_at=0.4314 wall=1.0763 [2174s]
[ 485/528] A3 n=12 seed=20260818 k=2 mode=axis sig=None -> INFEASIBLE viol=2 survivor=False valid_at=None wall=0.0291 [2174s]
[ 486/528] A3 n=12 seed=20260818 k=4 mode=axis sig=None -> INFEASIBLE viol=3 survivor=False valid_at=None wall=0.0409 [2174s]
[ 487/528] A3 n=12 seed=20260819 k=1 mode=reverse sig=None -> INFEASIBLE viol=1 survivor=False valid_at=None wall=0.0467 [2175s]
[ 488/528] A3 n=12 seed=20260819 k=2 mode=reverse sig=None -> INFEASIBLE viol=2 survivor=False valid_at=None wall=0.0346 [2175s]
[ 489/528] A3 n=12 seed=20260819 k=4 mode=reverse sig=None -> INFEASIBLE viol=4 survivor=False valid_at=None wall=0.0261 [2175s]
[ 490/528] A3 n=12 seed=20260819 k=1 mode=axis sig=None ->   FEASIBLE viol=1 survivor=False valid_at=None wall=15.0077 [2190s]
[ 491/528] A3 n=12 seed=20260819 k=2 mode=axis sig=None -> INFEASIBLE viol=2 survivor=False valid_at=None wall=0.0404 [2190s]
[ 492/528] A3 n=12 seed=20260819 k=4 mode=axis sig=None -> INFEASIBLE viol=4 survivor=False valid_at=None wall=0.0411 [2190s]
[ 493/528] A3 n=24 seed=20260817 k=1 mode=reverse sig=None -> INFEASIBLE viol=1 survivor=False valid_at=None wall=0.249 [2191s]
[ 494/528] A3 n=24 seed=20260817 k=2 mode=reverse sig=None -> INFEASIBLE viol=2 survivor=False valid_at=None wall=0.13 [2191s]
[ 495/528] A3 n=24 seed=20260817 k=4 mode=reverse sig=None -> INFEASIBLE viol=4 survivor=False valid_at=None wall=0.1284 [2192s]
[ 496/528] A3 n=24 seed=20260817 k=1 mode=axis sig=None -> INFEASIBLE viol=1 survivor=False valid_at=None wall=0.1421 [2192s]
[ 497/528] A3 n=24 seed=20260817 k=2 mode=axis sig=None -> INFEASIBLE viol=2 survivor=False valid_at=None wall=0.1539 [2193s]
[ 498/528] A3 n=24 seed=20260817 k=4 mode=axis sig=None -> INFEASIBLE viol=4 survivor=False valid_at=None wall=0.2295 [2194s]
[ 499/528] A3 n=24 seed=20260818 k=1 mode=reverse sig=None -> INFEASIBLE viol=1 survivor=False valid_at=None wall=0.1898 [2194s]
[ 500/528] A3 n=24 seed=20260818 k=2 mode=reverse sig=None -> INFEASIBLE viol=2 survivor=False valid_at=None wall=0.2356 [2195s]
[ 501/528] A3 n=24 seed=20260818 k=4 mode=reverse sig=None -> INFEASIBLE viol=3 survivor=False valid_at=None wall=0.1359 [2195s]
[ 502/528] A3 n=24 seed=20260818 k=1 mode=axis sig=None ->   FEASIBLE viol=1 survivor=False valid_at=None wall=15.0312 [2211s]
[ 503/528] A3 n=24 seed=20260818 k=2 mode=axis sig=None ->   FEASIBLE viol=1 survivor=False valid_at=None wall=15.0185 [2226s]
[ 504/528] A3 n=24 seed=20260818 k=4 mode=axis sig=None -> INFEASIBLE viol=4 survivor=False valid_at=None wall=0.3893 [2227s]
[ 505/528] A3 n=24 seed=20260819 k=1 mode=reverse sig=None -> INFEASIBLE viol=1 survivor=False valid_at=None wall=0.1816 [2227s]
[ 506/528] A3 n=24 seed=20260819 k=2 mode=reverse sig=None -> INFEASIBLE viol=2 survivor=False valid_at=None wall=0.1446 [2228s]
[ 507/528] A3 n=24 seed=20260819 k=4 mode=reverse sig=None -> INFEASIBLE viol=2 survivor=False valid_at=None wall=0.1463 [2228s]
[ 508/528] A3 n=24 seed=20260819 k=1 mode=axis sig=None ->   FEASIBLE viol=1 survivor=False valid_at=None wall=15.0394 [2244s]
[ 509/528] A3 n=24 seed=20260819 k=2 mode=axis sig=None ->   FEASIBLE viol=2 survivor=False valid_at=None wall=15.0308 [2259s]
[ 510/528] A3 n=24 seed=20260819 k=4 mode=axis sig=None -> INFEASIBLE viol=4 survivor=False valid_at=None wall=0.2595 [2260s]
[ 511/528]  D n= 8 seed=20260817 k=0 mode=cycle sig=None -> INFEASIBLE viol=2 survivor=False valid_at=None wall=0.0118 [2260s]
[ 512/528]  D n= 8 seed=20260817 k=0 mode=cycle sig=None -> INFEASIBLE viol=4 survivor=False valid_at=None wall=0.0112 [2260s]
[ 513/528]  D n= 8 seed=20260817 k=0 mode=cycle sig=None -> INFEASIBLE viol=3 survivor=False valid_at=None wall=0.0105 [2260s]
[ 514/528]  D n= 8 seed=20260818 k=0 mode=cycle sig=None -> INFEASIBLE viol=1 survivor=False valid_at=None wall=0.01 [2260s]
[ 515/528]  D n= 8 seed=20260818 k=0 mode=cycle sig=None -> INFEASIBLE viol=3 survivor=False valid_at=None wall=0.0102 [2260s]
[ 516/528]  D n= 8 seed=20260818 k=0 mode=cycle sig=None -> INFEASIBLE viol=3 survivor=False valid_at=None wall=0.0123 [2260s]
[ 517/528]  D n=12 seed=20260817 k=0 mode=cycle sig=None -> INFEASIBLE viol=1 survivor=False valid_at=None wall=0.0363 [2260s]
[ 518/528]  D n=12 seed=20260817 k=0 mode=cycle sig=None -> INFEASIBLE viol=3 survivor=False valid_at=None wall=0.0278 [2260s]
[ 519/528]  D n=12 seed=20260817 k=0 mode=cycle sig=None -> INFEASIBLE viol=3 survivor=False valid_at=None wall=0.0355 [2261s]
[ 520/528]  D n=12 seed=20260818 k=0 mode=cycle sig=None -> INFEASIBLE viol=1 survivor=False valid_at=None wall=0.0383 [2261s]
[ 521/528]  D n=12 seed=20260818 k=0 mode=cycle sig=None -> INFEASIBLE viol=2 survivor=False valid_at=None wall=0.0373 [2261s]
[ 522/528]  D n=12 seed=20260818 k=0 mode=cycle sig=None -> INFEASIBLE viol=3 survivor=False valid_at=None wall=0.0253 [2261s]
[ 523/528]  D n=24 seed=20260817 k=0 mode=cycle sig=None -> INFEASIBLE viol=2 survivor=False valid_at=None wall=0.1555 [2261s]
[ 524/528]  D n=24 seed=20260817 k=0 mode=cycle sig=None -> INFEASIBLE viol=2 survivor=False valid_at=None wall=0.1584 [2262s]
[ 525/528]  D n=24 seed=20260817 k=0 mode=cycle sig=None -> INFEASIBLE viol=3 survivor=False valid_at=None wall=0.14 [2262s]
[ 526/528]  D n=24 seed=20260818 k=0 mode=cycle sig=None -> INFEASIBLE viol=1 survivor=False valid_at=None wall=0.1444 [2263s]
[ 527/528]  D n=24 seed=20260818 k=0 mode=cycle sig=None -> INFEASIBLE viol=3 survivor=False valid_at=None wall=0.1986 [2264s]
[ 528/528]  D n=24 seed=20260818 k=0 mode=cycle sig=None -> INFEASIBLE viol=2 survivor=False valid_at=None wall=0.2038 [2264s]
done in 2264s -> C:\Users\tng\g2p\bim-engine\experiments\solver-toy\results\P6.jsonl
=== C2 ===
120 rows, 0 already on disk, 120 to run
[   1/120] C2 n= 8 seed=20260817 k=None mode=None sig=0.25 ->    OPTIMAL viol=1 survivor=True valid_at=0.1637 wall=0.306 [0s]
[   2/120] C2 n= 8 seed=20260817 k=None mode=None sig=0.25 ->    OPTIMAL viol=0 survivor=True valid_at=0.1965 wall=0.3207 [1s]
[   3/120] C2 n= 8 seed=20260817 k=None mode=None sig=0.5 ->    OPTIMAL viol=1 survivor=True valid_at=0.1524 wall=0.416 [1s]
[   4/120] C2 n= 8 seed=20260817 k=None mode=None sig=0.5 ->    OPTIMAL viol=0 survivor=True valid_at=0.2532 wall=0.6347 [2s]
[   5/120] C2 n= 8 seed=20260817 k=None mode=None sig=1.0 -> INFEASIBLE viol=4 survivor=False valid_at=None wall=0.0179 [2s]
[   6/120] C2 n= 8 seed=20260817 k=None mode=None sig=1.0 ->    OPTIMAL viol=1 survivor=True valid_at=0.1611 wall=1.2301 [3s]
[   7/120] C2 n= 8 seed=20260817 k=None mode=None sig=2.0 -> INFEASIBLE viol=6 survivor=False valid_at=None wall=0.0116 [3s]
[   8/120] C2 n= 8 seed=20260817 k=None mode=None sig=2.0 -> INFEASIBLE viol=5 survivor=False valid_at=None wall=0.0278 [3s]
[   9/120] C2 n= 8 seed=20260818 k=None mode=None sig=0.25 ->    OPTIMAL viol=0 survivor=True valid_at=0.1995 wall=0.5583 [4s]
[  10/120] C2 n= 8 seed=20260818 k=None mode=None sig=0.25 ->    OPTIMAL viol=0 survivor=True valid_at=0.2142 wall=0.3621 [4s]
[  11/120] C2 n= 8 seed=20260818 k=None mode=None sig=0.5 ->    OPTIMAL viol=0 survivor=True valid_at=0.1499 wall=0.7843 [5s]
[  12/120] C2 n= 8 seed=20260818 k=None mode=None sig=0.5 ->    OPTIMAL viol=0 survivor=True valid_at=0.2561 wall=8.8264 [14s]
[  13/120] C2 n= 8 seed=20260818 k=None mode=None sig=1.0 ->    OPTIMAL viol=1 survivor=False valid_at=None wall=0.0705 [14s]
[  14/120] C2 n= 8 seed=20260818 k=None mode=None sig=1.0 ->    OPTIMAL viol=1 survivor=False valid_at=None wall=0.0869 [14s]
[  15/120] C2 n= 8 seed=20260818 k=None mode=None sig=2.0 ->    OPTIMAL viol=4 survivor=True valid_at=0.1447 wall=0.3698 [15s]
[  16/120] C2 n= 8 seed=20260818 k=None mode=None sig=2.0 ->    OPTIMAL viol=2 survivor=True valid_at=0.1965 wall=1.1738 [16s]
[  17/120] C2 n= 8 seed=20260819 k=None mode=None sig=0.25 ->    OPTIMAL viol=0 survivor=True valid_at=0.5155 wall=0.788 [17s]
[  18/120] C2 n= 8 seed=20260819 k=None mode=None sig=0.25 ->    OPTIMAL viol=0 survivor=True valid_at=2.3962 wall=2.9825 [20s]
[  19/120] C2 n= 8 seed=20260819 k=None mode=None sig=0.5 ->   FEASIBLE viol=0 survivor=True valid_at=1.0343 wall=15.0202 [35s]
[  20/120] C2 n= 8 seed=20260819 k=None mode=None sig=0.5 ->   FEASIBLE viol=0 survivor=True valid_at=0.2787 wall=15.0157 [50s]
[  21/120] C2 n= 8 seed=20260819 k=None mode=None sig=1.0 ->    OPTIMAL viol=0 survivor=True valid_at=0.2728 wall=5.1079 [55s]
[  22/120] C2 n= 8 seed=20260819 k=None mode=None sig=1.0 ->   FEASIBLE viol=0 survivor=True valid_at=0.6919 wall=15.024 [70s]
[  23/120] C2 n= 8 seed=20260819 k=None mode=None sig=2.0 -> INFEASIBLE viol=4 survivor=False valid_at=None wall=0.0243 [70s]
[  24/120] C2 n= 8 seed=20260819 k=None mode=None sig=2.0 ->   FEASIBLE viol=1 survivor=True valid_at=0.6258 wall=15.0261 [85s]
[  25/120] C2 n= 8 seed=20260820 k=None mode=None sig=0.25 ->    OPTIMAL viol=0 survivor=True valid_at=0.9607 wall=4.438 [90s]
[  26/120] C2 n= 8 seed=20260820 k=None mode=None sig=0.25 ->    OPTIMAL viol=0 survivor=True valid_at=1.466 wall=5.8485 [96s]
[  27/120] C2 n= 8 seed=20260820 k=None mode=None sig=0.5 ->    OPTIMAL viol=0 survivor=True valid_at=1.0416 wall=3.2334 [99s]
[  28/120] C2 n= 8 seed=20260820 k=None mode=None sig=0.5 ->    OPTIMAL viol=0 survivor=True valid_at=1.6452 wall=5.491 [105s]
[  29/120] C2 n= 8 seed=20260820 k=None mode=None sig=1.0 -> INFEASIBLE viol=2 survivor=False valid_at=None wall=0.0189 [105s]
[  30/120] C2 n= 8 seed=20260820 k=None mode=None sig=1.0 ->    OPTIMAL viol=0 survivor=True valid_at=0.1776 wall=6.4445 [111s]
[  31/120] C2 n= 8 seed=20260820 k=None mode=None sig=2.0 -> INFEASIBLE viol=9 survivor=False valid_at=None wall=0.0116 [111s]
[  32/120] C2 n= 8 seed=20260820 k=None mode=None sig=2.0 -> INFEASIBLE viol=8 survivor=False valid_at=None wall=0.011 [111s]
[  33/120] C2 n= 8 seed=20260821 k=None mode=None sig=0.25 ->    OPTIMAL viol=0 survivor=True valid_at=0.1412 wall=0.1876 [112s]
[  34/120] C2 n= 8 seed=20260821 k=None mode=None sig=0.25 ->    OPTIMAL viol=0 survivor=True valid_at=0.1473 wall=0.2533 [112s]
[  35/120] C2 n= 8 seed=20260821 k=None mode=None sig=0.5 ->    OPTIMAL viol=0 survivor=True valid_at=0.1889 wall=0.4114 [113s]
[  36/120] C2 n= 8 seed=20260821 k=None mode=None sig=0.5 ->    OPTIMAL viol=0 survivor=True valid_at=0.1873 wall=1.9545 [115s]
[  37/120] C2 n= 8 seed=20260821 k=None mode=None sig=1.0 -> INFEASIBLE viol=3 survivor=False valid_at=None wall=0.011 [115s]
[  38/120] C2 n= 8 seed=20260821 k=None mode=None sig=1.0 -> INFEASIBLE viol=1 survivor=False valid_at=None wall=0.0127 [115s]
[  39/120] C2 n= 8 seed=20260821 k=None mode=None sig=2.0 -> INFEASIBLE viol=6 survivor=False valid_at=None wall=0.0111 [115s]
[  40/120] C2 n= 8 seed=20260821 k=None mode=None sig=2.0 -> INFEASIBLE viol=4 survivor=False valid_at=None wall=0.0111 [115s]
[  41/120] C2 n=12 seed=20260817 k=None mode=None sig=0.25 ->   FEASIBLE viol=0 survivor=True valid_at=2.8585 wall=15.0217 [130s]
[  42/120] C2 n=12 seed=20260817 k=None mode=None sig=0.25 ->   FEASIBLE viol=0 survivor=True valid_at=3.1687 wall=15.0253 [145s]
[  43/120] C2 n=12 seed=20260817 k=None mode=None sig=0.5 -> INFEASIBLE viol=3 survivor=False valid_at=None wall=0.058 [145s]
[  44/120] C2 n=12 seed=20260817 k=None mode=None sig=0.5 ->   FEASIBLE viol=0 survivor=True valid_at=3.3608 wall=15.0127 [160s]
[  45/120] C2 n=12 seed=20260817 k=None mode=None sig=1.0 -> INFEASIBLE viol=4 survivor=False valid_at=None wall=0.0549 [160s]
[  46/120] C2 n=12 seed=20260817 k=None mode=None sig=1.0 -> INFEASIBLE viol=2 survivor=False valid_at=None wall=0.0609 [161s]
[  47/120] C2 n=12 seed=20260817 k=None mode=None sig=2.0 -> INFEASIBLE viol=14 survivor=False valid_at=None wall=0.0349 [161s]
[  48/120] C2 n=12 seed=20260817 k=None mode=None sig=2.0 -> INFEASIBLE viol=12 survivor=False valid_at=None wall=0.0334 [161s]
[  49/120] C2 n=12 seed=20260818 k=None mode=None sig=0.25 ->    OPTIMAL viol=0 survivor=True valid_at=0.8656 wall=11.0329 [172s]
[  50/120] C2 n=12 seed=20260818 k=None mode=None sig=0.25 ->   FEASIBLE viol=0 survivor=True valid_at=3.4936 wall=15.0206 [187s]
[  51/120] C2 n=12 seed=20260818 k=None mode=None sig=0.5 ->   FEASIBLE viol=1 survivor=True valid_at=0.9425 wall=15.0103 [202s]
[  52/120] C2 n=12 seed=20260818 k=None mode=None sig=0.5 ->   FEASIBLE viol=0 survivor=True valid_at=2.4402 wall=15.0079 [217s]
[  53/120] C2 n=12 seed=20260818 k=None mode=None sig=1.0 ->   FEASIBLE viol=3 survivor=True valid_at=3.7965 wall=15.0291 [232s]
[  54/120] C2 n=12 seed=20260818 k=None mode=None sig=1.0 ->   FEASIBLE viol=1 survivor=True valid_at=1.5411 wall=15.0264 [247s]
[  55/120] C2 n=12 seed=20260818 k=None mode=None sig=2.0 -> INFEASIBLE viol=11 survivor=False valid_at=None wall=0.0413 [248s]
[  56/120] C2 n=12 seed=20260818 k=None mode=None sig=2.0 ->   FEASIBLE viol=8 survivor=False valid_at=None wall=15.0202 [263s]
[  57/120] C2 n=12 seed=20260819 k=None mode=None sig=0.25 ->    OPTIMAL viol=1 survivor=True valid_at=0.4854 wall=5.9357 [269s]
[  58/120] C2 n=12 seed=20260819 k=None mode=None sig=0.25 ->    OPTIMAL viol=0 survivor=True valid_at=0.6699 wall=5.3309 [274s]
[  59/120] C2 n=12 seed=20260819 k=None mode=None sig=0.5 ->   FEASIBLE viol=2 survivor=True valid_at=2.6902 wall=15.0094 [289s]
[  60/120] C2 n=12 seed=20260819 k=None mode=None sig=0.5 ->   FEASIBLE viol=0 survivor=True valid_at=0.9145 wall=15.0131 [304s]
[  61/120] C2 n=12 seed=20260819 k=None mode=None sig=1.0 -> INFEASIBLE viol=4 survivor=False valid_at=None wall=0.0487 [305s]
[  62/120] C2 n=12 seed=20260819 k=None mode=None sig=1.0 ->   FEASIBLE viol=2 survivor=True valid_at=3.0448 wall=15.0177 [320s]
[  63/120] C2 n=12 seed=20260819 k=None mode=None sig=2.0 -> INFEASIBLE viol=7 survivor=False valid_at=None wall=0.0487 [320s]
[  64/120] C2 n=12 seed=20260819 k=None mode=None sig=2.0 -> INFEASIBLE viol=5 survivor=False valid_at=None wall=0.0496 [320s]
[  65/120] C2 n=12 seed=20260820 k=None mode=None sig=0.25 ->    OPTIMAL viol=0 survivor=True valid_at=0.3433 wall=2.5439 [323s]
[  66/120] C2 n=12 seed=20260820 k=None mode=None sig=0.25 ->    OPTIMAL viol=0 survivor=True valid_at=0.4347 wall=4.2206 [327s]
[  67/120] C2 n=12 seed=20260820 k=None mode=None sig=0.5 -> INFEASIBLE viol=3 survivor=False valid_at=None wall=0.053 [327s]
[  68/120] C2 n=12 seed=20260820 k=None mode=None sig=0.5 ->    OPTIMAL viol=1 survivor=True valid_at=2.2201 wall=7.0672 [334s]
[  69/120] C2 n=12 seed=20260820 k=None mode=None sig=1.0 -> INFEASIBLE viol=8 survivor=False valid_at=None wall=0.032 [334s]
[  70/120] C2 n=12 seed=20260820 k=None mode=None sig=1.0 -> INFEASIBLE viol=4 survivor=False valid_at=None wall=0.0507 [334s]
[  71/120] C2 n=12 seed=20260820 k=None mode=None sig=2.0 -> INFEASIBLE viol=18 survivor=False valid_at=None wall=0.033 [335s]
[  72/120] C2 n=12 seed=20260820 k=None mode=None sig=2.0 -> INFEASIBLE viol=16 survivor=False valid_at=None wall=0.0314 [335s]
[  73/120] C2 n=12 seed=20260821 k=None mode=None sig=0.25 ->   FEASIBLE viol=2 survivor=True valid_at=1.3615 wall=15.0167 [350s]
[  74/120] C2 n=12 seed=20260821 k=None mode=None sig=0.25 ->   FEASIBLE viol=0 survivor=True valid_at=0.5027 wall=15.0204 [365s]
[  75/120] C2 n=12 seed=20260821 k=None mode=None sig=0.5 -> INFEASIBLE viol=3 survivor=False valid_at=None wall=0.0445 [365s]
[  76/120] C2 n=12 seed=20260821 k=None mode=None sig=0.5 ->   FEASIBLE viol=0 survivor=True valid_at=2.1685 wall=15.0176 [380s]
[  77/120] C2 n=12 seed=20260821 k=None mode=None sig=1.0 -> INFEASIBLE viol=7 survivor=False valid_at=None wall=0.0344 [380s]
[  78/120] C2 n=12 seed=20260821 k=None mode=None sig=1.0 -> INFEASIBLE viol=4 survivor=False valid_at=None wall=0.0537 [380s]
[  79/120] C2 n=12 seed=20260821 k=None mode=None sig=2.0 -> INFEASIBLE viol=13 survivor=False valid_at=None wall=0.0353 [381s]
[  80/120] C2 n=12 seed=20260821 k=None mode=None sig=2.0 -> INFEASIBLE viol=11 survivor=False valid_at=None wall=0.0333 [381s]
[  81/120] C2 n=24 seed=20260817 k=None mode=None sig=0.25 ->   FEASIBLE viol=1 survivor=False valid_at=None wall=15.0459 [396s]
[  82/120] C2 n=24 seed=20260817 k=None mode=None sig=0.25 ->   FEASIBLE viol=0 survivor=False valid_at=None wall=15.0268 [412s]
[  83/120] C2 n=24 seed=20260817 k=None mode=None sig=0.5 ->   FEASIBLE viol=2 survivor=False valid_at=None wall=15.0351 [427s]
[  84/120] C2 n=24 seed=20260817 k=None mode=None sig=0.5 ->   FEASIBLE viol=1 survivor=False valid_at=None wall=15.0408 [443s]
[  85/120] C2 n=24 seed=20260817 k=None mode=None sig=1.0 -> INFEASIBLE viol=13 survivor=False valid_at=None wall=0.3055 [444s]
[  86/120] C2 n=24 seed=20260817 k=None mode=None sig=1.0 ->   FEASIBLE viol=3 survivor=False valid_at=None wall=15.0297 [459s]
[  87/120] C2 n=24 seed=20260817 k=None mode=None sig=2.0 -> INFEASIBLE viol=27 survivor=False valid_at=None wall=0.1652 [460s]
[  88/120] C2 n=24 seed=20260817 k=None mode=None sig=2.0 -> INFEASIBLE viol=17 survivor=False valid_at=None wall=0.1578 [460s]
[  89/120] C2 n=24 seed=20260818 k=None mode=None sig=0.25 ->   FEASIBLE viol=1 survivor=True valid_at=9.0595 wall=15.0304 [476s]
[  90/120] C2 n=24 seed=20260818 k=None mode=None sig=0.25 ->   FEASIBLE viol=0 survivor=True valid_at=12.5079 wall=15.0285 [491s]
[  91/120] C2 n=24 seed=20260818 k=None mode=None sig=0.5 ->   FEASIBLE viol=4 survivor=False valid_at=None wall=15.0318 [507s]
[  92/120] C2 n=24 seed=20260818 k=None mode=None sig=0.5 ->   FEASIBLE viol=0 survivor=False valid_at=None wall=15.0304 [522s]
[  93/120] C2 n=24 seed=20260818 k=None mode=None sig=1.0 -> INFEASIBLE viol=14 survivor=False valid_at=None wall=0.2887 [523s]
[  94/120] C2 n=24 seed=20260818 k=None mode=None sig=1.0 ->   FEASIBLE viol=5 survivor=False valid_at=None wall=15.0282 [538s]
[  95/120] C2 n=24 seed=20260818 k=None mode=None sig=2.0 -> INFEASIBLE viol=32 survivor=False valid_at=None wall=0.2268 [539s]
[  96/120] C2 n=24 seed=20260818 k=None mode=None sig=2.0 -> INFEASIBLE viol=22 survivor=False valid_at=None wall=0.3115 [539s]
[  97/120] C2 n=24 seed=20260819 k=None mode=None sig=0.25 ->   FEASIBLE viol=1 survivor=True valid_at=10.2582 wall=15.0279 [555s]
[  98/120] C2 n=24 seed=20260819 k=None mode=None sig=0.25 ->   FEASIBLE viol=0 survivor=False valid_at=None wall=15.0629 [570s]
[  99/120] C2 n=24 seed=20260819 k=None mode=None sig=0.5 ->   FEASIBLE viol=4 survivor=True valid_at=4.7639 wall=15.0245 [586s]
[ 100/120] C2 n=24 seed=20260819 k=None mode=None sig=0.5 ->   FEASIBLE viol=0 survivor=False valid_at=None wall=15.0615 [601s]
[ 101/120] C2 n=24 seed=20260819 k=None mode=None sig=1.0 -> INFEASIBLE viol=10 survivor=False valid_at=None wall=0.1628 [601s]
[ 102/120] C2 n=24 seed=20260819 k=None mode=None sig=1.0 -> INFEASIBLE viol=5 survivor=False valid_at=None wall=0.1727 [602s]
[ 103/120] C2 n=24 seed=20260819 k=None mode=None sig=2.0 -> INFEASIBLE viol=27 survivor=False valid_at=None wall=0.1601 [602s]
[ 104/120] C2 n=24 seed=20260819 k=None mode=None sig=2.0 -> INFEASIBLE viol=15 survivor=False valid_at=None wall=0.1515 [603s]
[ 105/120] C2 n=24 seed=20260820 k=None mode=None sig=0.25 ->   FEASIBLE viol=2 survivor=False valid_at=None wall=15.0289 [619s]
[ 106/120] C2 n=24 seed=20260820 k=None mode=None sig=0.25 ->    UNKNOWN viol=0 survivor=False valid_at=None wall=15.0185 [634s]
[ 107/120] C2 n=24 seed=20260820 k=None mode=None sig=0.5 -> INFEASIBLE viol=4 survivor=False valid_at=None wall=0.1633 [634s]
[ 108/120] C2 n=24 seed=20260820 k=None mode=None sig=0.5 -> INFEASIBLE viol=3 survivor=False valid_at=None wall=0.1589 [635s]
[ 109/120] C2 n=24 seed=20260820 k=None mode=None sig=1.0 -> INFEASIBLE viol=15 survivor=False valid_at=None wall=0.1604 [635s]
[ 110/120] C2 n=24 seed=20260820 k=None mode=None sig=1.0 -> INFEASIBLE viol=9 survivor=False valid_at=None wall=0.1596 [636s]
[ 111/120] C2 n=24 seed=20260820 k=None mode=None sig=2.0 -> INFEASIBLE viol=35 survivor=False valid_at=None wall=0.1567 [637s]
[ 112/120] C2 n=24 seed=20260820 k=None mode=None sig=2.0 -> INFEASIBLE viol=24 survivor=False valid_at=None wall=0.1632 [637s]
[ 113/120] C2 n=24 seed=20260821 k=None mode=None sig=0.25 ->   FEASIBLE viol=0 survivor=True valid_at=11.0327 wall=15.032 [653s]
[ 114/120] C2 n=24 seed=20260821 k=None mode=None sig=0.25 ->   FEASIBLE viol=0 survivor=False valid_at=None wall=15.0199 [668s]
[ 115/120] C2 n=24 seed=20260821 k=None mode=None sig=0.5 ->   FEASIBLE viol=2 survivor=True valid_at=14.9868 wall=15.0252 [683s]
[ 116/120] C2 n=24 seed=20260821 k=None mode=None sig=0.5 ->   FEASIBLE viol=0 survivor=True valid_at=10.7159 wall=15.0349 [699s]
[ 117/120] C2 n=24 seed=20260821 k=None mode=None sig=1.0 -> INFEASIBLE viol=6 survivor=False valid_at=None wall=0.2865 [699s]
[ 118/120] C2 n=24 seed=20260821 k=None mode=None sig=1.0 -> INFEASIBLE viol=2 survivor=False valid_at=None wall=0.3808 [700s]
[ 119/120] C2 n=24 seed=20260821 k=None mode=None sig=2.0 -> INFEASIBLE viol=22 survivor=False valid_at=None wall=0.1543 [701s]
[ 120/120] C2 n=24 seed=20260821 k=None mode=None sig=2.0 -> INFEASIBLE viol=17 survivor=False valid_at=None wall=0.1845 [701s]
done in 701s -> C:\Users\tng\g2p\bim-engine\experiments\solver-toy\results\P6.jsonl
=== ALL DONE ===
90 rows, 0 already on disk, 90 to run
[   1/90] B2 n= 8 seed=20260817 k=0 mode=drop0.0 sig=None ->    OPTIMAL viol=0 survivor=True valid_at=0.237 wall=0.2483 [0s]
[   2/90] B2 n= 8 seed=20260817 k=3 mode=drop0.1 sig=None ->    OPTIMAL viol=0 survivor=True valid_at=0.4283 wall=0.5205 [1s]
[   3/90] B2 n= 8 seed=20260817 k=6 mode=drop0.25 sig=None ->    OPTIMAL viol=0 survivor=True valid_at=0.3068 wall=0.4366 [1s]
[   4/90] B2 n= 8 seed=20260817 k=13 mode=drop0.5 sig=None ->    OPTIMAL viol=0 survivor=True valid_at=0.4539 wall=0.7076 [2s]
[   5/90] B2 n= 8 seed=20260817 k=20 mode=drop0.75 sig=None ->    OPTIMAL viol=0 survivor=True valid_at=1.1535 wall=2.2323 [4s]
[   6/90] B2 n= 8 seed=20260817 k=26 mode=drop1.0 sig=None ->    OPTIMAL viol=0 survivor=True valid_at=0.1893 wall=0.2053 [5s]
[   7/90] B2 n= 8 seed=20260818 k=0 mode=drop0.0 sig=None ->    OPTIMAL viol=0 survivor=True valid_at=0.1201 wall=0.1267 [5s]
[   8/90] B2 n= 8 seed=20260818 k=3 mode=drop0.1 sig=None ->    OPTIMAL viol=0 survivor=True valid_at=0.1995 wall=0.2229 [5s]
[   9/90] B2 n= 8 seed=20260818 k=7 mode=drop0.25 sig=None ->    OPTIMAL viol=0 survivor=True valid_at=0.206 wall=0.7249 [6s]
[  10/90] B2 n= 8 seed=20260818 k=14 mode=drop0.5 sig=None ->    OPTIMAL viol=0 survivor=True valid_at=0.4228 wall=0.663 [7s]
[  11/90] B2 n= 8 seed=20260818 k=21 mode=drop0.75 sig=None ->    OPTIMAL viol=0 survivor=True valid_at=0.2134 wall=0.2295 [7s]
[  12/90] B2 n= 8 seed=20260818 k=28 mode=drop1.0 sig=None ->    OPTIMAL viol=0 survivor=True valid_at=0.2208 wall=0.2316 [7s]
[  13/90] B2 n= 8 seed=20260819 k=0 mode=drop0.0 sig=None ->    OPTIMAL viol=0 survivor=True valid_at=0.1326 wall=0.1425 [7s]
[  14/90] B2 n= 8 seed=20260819 k=2 mode=drop0.1 sig=None ->    OPTIMAL viol=0 survivor=True valid_at=0.3044 wall=0.3415 [8s]
[  15/90] B2 n= 8 seed=20260819 k=6 mode=drop0.25 sig=None ->    OPTIMAL viol=0 survivor=True valid_at=0.156 wall=0.1609 [8s]
[  16/90] B2 n= 8 seed=20260819 k=12 mode=drop0.5 sig=None ->    OPTIMAL viol=0 survivor=True valid_at=0.3276 wall=0.3428 [8s]
[  17/90] B2 n= 8 seed=20260819 k=17 mode=drop0.75 sig=None ->    OPTIMAL viol=0 survivor=True valid_at=0.399 wall=1.4495 [10s]
[  18/90] B2 n= 8 seed=20260819 k=23 mode=drop1.0 sig=None ->    OPTIMAL viol=0 survivor=True valid_at=0.2942 wall=0.2996 [10s]
[  19/90] B2 n= 8 seed=20260820 k=0 mode=drop0.0 sig=None ->    OPTIMAL viol=0 survivor=True valid_at=0.215 wall=0.3619 [10s]
[  20/90] B2 n= 8 seed=20260820 k=2 mode=drop0.1 sig=None ->    OPTIMAL viol=0 survivor=True valid_at=0.2196 wall=0.2437 [11s]
[  21/90] B2 n= 8 seed=20260820 k=6 mode=drop0.25 sig=None ->    OPTIMAL viol=0 survivor=True valid_at=0.601 wall=0.6422 [11s]
[  22/90] B2 n= 8 seed=20260820 k=12 mode=drop0.5 sig=None ->    OPTIMAL viol=0 survivor=True valid_at=0.2472 wall=0.3408 [12s]
[  23/90] B2 n= 8 seed=20260820 k=17 mode=drop0.75 sig=None ->    OPTIMAL viol=0 survivor=True valid_at=0.2809 wall=0.3638 [12s]
[  24/90] B2 n= 8 seed=20260820 k=23 mode=drop1.0 sig=None ->    OPTIMAL viol=0 survivor=True valid_at=0.202 wall=0.2135 [13s]
[  25/90] B2 n= 8 seed=20260821 k=0 mode=drop0.0 sig=None ->    OPTIMAL viol=0 survivor=True valid_at=0.2902 wall=0.3246 [13s]
[  26/90] B2 n= 8 seed=20260821 k=2 mode=drop0.1 sig=None ->    OPTIMAL viol=0 survivor=True valid_at=0.2708 wall=0.7362 [14s]
[  27/90] B2 n= 8 seed=20260821 k=6 mode=drop0.25 sig=None ->    OPTIMAL viol=0 survivor=True valid_at=0.3558 wall=0.4009 [14s]
[  28/90] B2 n= 8 seed=20260821 k=12 mode=drop0.5 sig=None ->    OPTIMAL viol=0 survivor=True valid_at=0.3088 wall=0.4217 [15s]
[  29/90] B2 n= 8 seed=20260821 k=19 mode=drop0.75 sig=None ->    OPTIMAL viol=0 survivor=True valid_at=0.2398 wall=0.2471 [15s]
[  30/90] B2 n= 8 seed=20260821 k=25 mode=drop1.0 sig=None ->    OPTIMAL viol=0 survivor=True valid_at=0.1916 wall=0.2005 [15s]
[  31/90] B2 n=12 seed=20260817 k=0 mode=drop0.0 sig=None ->    OPTIMAL viol=0 survivor=True valid_at=2.0947 wall=2.1136 [17s]
[  32/90] B2 n=12 seed=20260817 k=6 mode=drop0.1 sig=None ->    OPTIMAL viol=0 survivor=True valid_at=0.8632 wall=0.9942 [19s]
[  33/90] B2 n=12 seed=20260817 k=14 mode=drop0.25 sig=None ->    OPTIMAL viol=0 survivor=True valid_at=1.903 wall=1.9255 [21s]
[  34/90] B2 n=12 seed=20260817 k=29 mode=drop0.5 sig=None ->    OPTIMAL viol=0 survivor=True valid_at=7.0836 wall=13.5117 [34s]
[  35/90] B2 n=12 seed=20260817 k=44 mode=drop0.75 sig=None ->    OPTIMAL viol=0 survivor=True valid_at=0.6041 wall=0.6221 [35s]
[  36/90] B2 n=12 seed=20260817 k=58 mode=drop1.0 sig=None ->    OPTIMAL viol=0 survivor=True valid_at=0.4508 wall=0.538 [36s]
[  37/90] B2 n=12 seed=20260818 k=0 mode=drop0.0 sig=None ->    OPTIMAL viol=0 survivor=True valid_at=0.5235 wall=1.4428 [37s]
[  38/90] B2 n=12 seed=20260818 k=5 mode=drop0.1 sig=None ->    OPTIMAL viol=0 survivor=True valid_at=1.6441 wall=1.8979 [39s]
[  39/90] B2 n=12 seed=20260818 k=14 mode=drop0.25 sig=None ->    OPTIMAL viol=0 survivor=True valid_at=2.6669 wall=2.6935 [42s]
[  40/90] B2 n=12 seed=20260818 k=27 mode=drop0.5 sig=None ->    OPTIMAL viol=0 survivor=True valid_at=2.0238 wall=7.3375 [49s]
[  41/90] B2 n=12 seed=20260818 k=40 mode=drop0.75 sig=None ->   FEASIBLE viol=0 survivor=False valid_at=None wall=15.025 [64s]
[  42/90] B2 n=12 seed=20260818 k=54 mode=drop1.0 sig=None ->    OPTIMAL viol=0 survivor=True valid_at=0.5679 wall=0.5882 [65s]
[  43/90] B2 n=12 seed=20260819 k=0 mode=drop0.0 sig=None ->    OPTIMAL viol=0 survivor=True valid_at=1.1213 wall=1.6906 [67s]
[  44/90] B2 n=12 seed=20260819 k=6 mode=drop0.1 sig=None ->    OPTIMAL viol=0 survivor=True valid_at=3.3986 wall=3.535 [71s]
[  45/90] B2 n=12 seed=20260819 k=15 mode=drop0.25 sig=None ->    OPTIMAL viol=0 survivor=True valid_at=0.977 wall=1.4626 [72s]
[  46/90] B2 n=12 seed=20260819 k=30 mode=drop0.5 sig=None ->    OPTIMAL viol=0 survivor=True valid_at=3.9949 wall=14.7687 [87s]
[  47/90] B2 n=12 seed=20260819 k=44 mode=drop0.75 sig=None ->    OPTIMAL viol=0 survivor=True valid_at=0.4764 wall=0.4859 [88s]
[  48/90] B2 n=12 seed=20260819 k=59 mode=drop1.0 sig=None ->    OPTIMAL viol=0 survivor=True valid_at=0.4761 wall=0.5028 [88s]
[  49/90] B2 n=12 seed=20260820 k=0 mode=drop0.0 sig=None ->    OPTIMAL viol=0 survivor=True valid_at=0.5183 wall=0.6758 [89s]
[  50/90] B2 n=12 seed=20260820 k=6 mode=drop0.1 sig=None ->    OPTIMAL viol=0 survivor=True valid_at=4.1047 wall=4.1699 [93s]
[  51/90] B2 n=12 seed=20260820 k=14 mode=drop0.25 sig=None ->    OPTIMAL viol=0 survivor=True valid_at=2.1726 wall=2.5848 [96s]
[  52/90] B2 n=12 seed=20260820 k=29 mode=drop0.5 sig=None ->    OPTIMAL viol=0 survivor=True valid_at=3.3351 wall=3.3502 [99s]
[  53/90] B2 n=12 seed=20260820 k=44 mode=drop0.75 sig=None ->    OPTIMAL viol=0 survivor=True valid_at=4.2672 wall=10.5078 [110s]
[  54/90] B2 n=12 seed=20260820 k=58 mode=drop1.0 sig=None ->    OPTIMAL viol=0 survivor=True valid_at=5.0056 wall=13.241 [123s]
[  55/90] B2 n=12 seed=20260821 k=0 mode=drop0.0 sig=None ->    OPTIMAL viol=0 survivor=True valid_at=0.5064 wall=0.522 [124s]
[  56/90] B2 n=12 seed=20260821 k=6 mode=drop0.1 sig=None ->    OPTIMAL viol=0 survivor=True valid_at=1.1259 wall=1.4158 [125s]
[  57/90] B2 n=12 seed=20260821 k=14 mode=drop0.25 sig=None ->    OPTIMAL viol=0 survivor=True valid_at=2.3709 wall=2.3873 [128s]
[  58/90] B2 n=12 seed=20260821 k=28 mode=drop0.5 sig=None ->    OPTIMAL viol=0 survivor=True valid_at=1.9726 wall=1.9853 [130s]
[  59/90] B2 n=12 seed=20260821 k=43 mode=drop0.75 sig=None ->    OPTIMAL viol=0 survivor=True valid_at=2.1682 wall=14.7582 [145s]
[  60/90] B2 n=12 seed=20260821 k=57 mode=drop1.0 sig=None ->    OPTIMAL viol=0 survivor=True valid_at=0.6432 wall=0.6544 [146s]
[  61/90] B2 n=24 seed=20260817 k=0 mode=drop0.0 sig=None ->    OPTIMAL viol=0 survivor=True valid_at=3.4642 wall=3.4928 [149s]
[  62/90] B2 n=24 seed=20260817 k=25 mode=drop0.1 sig=None ->    OPTIMAL viol=0 survivor=True valid_at=13.7373 wall=13.7761 [164s]
[  63/90] B2 n=24 seed=20260817 k=63 mode=drop0.25 sig=None ->   FEASIBLE viol=0 survivor=False valid_at=None wall=15.0253 [179s]
[  64/90] B2 n=24 seed=20260817 k=126 mode=drop0.5 sig=None ->   FEASIBLE viol=0 survivor=False valid_at=None wall=15.0627 [195s]
[  65/90] B2 n=24 seed=20260817 k=188 mode=drop0.75 sig=None ->    UNKNOWN viol=0 survivor=False valid_at=None wall=15.0487 [210s]
[  66/90] B2 n=24 seed=20260817 k=251 mode=drop1.0 sig=None ->    UNKNOWN viol=0 survivor=False valid_at=None wall=15.0902 [225s]
[  67/90] B2 n=24 seed=20260818 k=0 mode=drop0.0 sig=None ->    OPTIMAL viol=0 survivor=True valid_at=4.1242 wall=5.7713 [232s]
[  68/90] B2 n=24 seed=20260818 k=24 mode=drop0.1 sig=None ->   FEASIBLE viol=0 survivor=False valid_at=None wall=15.0384 [247s]
[  69/90] B2 n=24 seed=20260818 k=61 mode=drop0.25 sig=None ->   FEASIBLE viol=0 survivor=False valid_at=None wall=15.0292 [262s]
[  70/90] B2 n=24 seed=20260818 k=122 mode=drop0.5 sig=None ->   FEASIBLE viol=0 survivor=False valid_at=None wall=15.0477 [278s]
[  71/90] B2 n=24 seed=20260818 k=183 mode=drop0.75 sig=None ->    UNKNOWN viol=0 survivor=False valid_at=None wall=15.0304 [293s]
[  72/90] B2 n=24 seed=20260818 k=244 mode=drop1.0 sig=None ->    OPTIMAL viol=0 survivor=True valid_at=2.4695 wall=2.505 [296s]
[  73/90] B2 n=24 seed=20260819 k=0 mode=drop0.0 sig=None ->    OPTIMAL viol=0 survivor=True valid_at=4.3833 wall=4.41 [301s]
[  74/90] B2 n=24 seed=20260819 k=25 mode=drop0.1 sig=None ->   FEASIBLE viol=0 survivor=False valid_at=None wall=15.0306 [316s]
[  75/90] B2 n=24 seed=20260819 k=62 mode=drop0.25 sig=None ->    OPTIMAL viol=0 survivor=True valid_at=4.4541 wall=4.5072 [321s]
[  76/90] B2 n=24 seed=20260819 k=124 mode=drop0.5 sig=None ->    UNKNOWN viol=0 survivor=False valid_at=None wall=15.037 [337s]
[  77/90] B2 n=24 seed=20260819 k=185 mode=drop0.75 sig=None ->   FEASIBLE viol=0 survivor=False valid_at=None wall=15.0367 [352s]
[  78/90] B2 n=24 seed=20260819 k=247 mode=drop1.0 sig=None ->    OPTIMAL viol=0 survivor=True valid_at=3.9739 wall=4.0154 [356s]
[  79/90] B2 n=24 seed=20260820 k=0 mode=drop0.0 sig=None ->    UNKNOWN viol=0 survivor=False valid_at=None wall=15.0216 [372s]
[  80/90] B2 n=24 seed=20260820 k=24 mode=drop0.1 sig=None ->   FEASIBLE viol=0 survivor=True valid_at=11.6526 wall=15.0225 [387s]
[  81/90] B2 n=24 seed=20260820 k=61 mode=drop0.25 sig=None ->   FEASIBLE viol=0 survivor=False valid_at=None wall=15.0501 [402s]
[  82/90] B2 n=24 seed=20260820 k=122 mode=drop0.5 sig=None ->   FEASIBLE viol=0 survivor=False valid_at=None wall=15.0381 [418s]
[  83/90] B2 n=24 seed=20260820 k=184 mode=drop0.75 sig=None ->    UNKNOWN viol=0 survivor=False valid_at=None wall=15.2602 [434s]
[  84/90] B2 n=24 seed=20260820 k=245 mode=drop1.0 sig=None ->    UNKNOWN viol=0 survivor=False valid_at=None wall=15.1265 [450s]
[  85/90] B2 n=24 seed=20260821 k=0 mode=drop0.0 sig=None ->    OPTIMAL viol=0 survivor=True valid_at=4.4837 wall=4.5042 [455s]
[  86/90] B2 n=24 seed=20260821 k=24 mode=drop0.1 sig=None ->    OPTIMAL viol=0 survivor=True valid_at=6.0228 wall=6.5088 [462s]
[  87/90] B2 n=24 seed=20260821 k=61 mode=drop0.25 sig=None ->   FEASIBLE viol=0 survivor=False valid_at=None wall=15.0193 [477s]
[  88/90] B2 n=24 seed=20260821 k=122 mode=drop0.5 sig=None ->   FEASIBLE viol=0 survivor=False valid_at=None wall=15.0373 [492s]
[  89/90] B2 n=24 seed=20260821 k=184 mode=drop0.75 sig=None ->    UNKNOWN viol=0 survivor=False valid_at=None wall=15.0172 [508s]
[  90/90] B2 n=24 seed=20260821 k=245 mode=drop1.0 sig=None ->   FEASIBLE viol=0 survivor=False valid_at=None wall=15.1975 [523s]
done in 523s -> C:\Users\tng\g2p\bim-engine\experiments\solver-toy\results\P6.jsonl
