[N9A] 140 rows, 0 done, 140 to run -> C:\Users\tng\g2p\bim-wf-29\experiments\solver-toy\results\N9A.jsonl
  [N9A 1/140] n=7 detached guillotine tau=4 sig=0.5 t=100 -> OPTIMAL first=0.0662 valid_at=None valid=False | 0.0 min
  [N9A 2/140] n=7 detached guillotine tau=4 sig=0.5 t=100 -> OPTIMAL first=0.0759 valid_at=0.1743 valid=True | 0.0 min
  [N9A 3/140] n=7 detached guillotine tau=4 sig=0.5 t=100 -> OPTIMAL first=0.0739 valid_at=0.1268 valid=True | 0.0 min
  [N9A 4/140] n=7 detached guillotine tau=4 sig=0.5 t=100 -> OPTIMAL first=0.0633 valid_at=0.0633 valid=True | 0.0 min
  [N9A 5/140] n=7 detached guillotine tau=4 sig=0.5 t=100 -> OPTIMAL first=0.0609 valid_at=0.0865 valid=True | 0.0 min
  [N9A 6/140] n=7 detached pinwheel tau=4 sig=0.5 t=100 -> NO_PINWHEEL first=None valid_at=None valid=None | 0.0 min
  [N9A 7/140] n=7 detached pinwheel tau=4 sig=0.5 t=100 -> NO_PINWHEEL first=None valid_at=None valid=None | 0.1 min
  [N9A 8/140] n=7 detached pinwheel tau=4 sig=0.5 t=100 -> NO_PINWHEEL first=None valid_at=None valid=None | 0.1 min
  [N9A 9/140] n=7 detached pinwheel tau=4 sig=0.5 t=100 -> NO_PINWHEEL first=None valid_at=None valid=None | 0.1 min
  [N9A 10/140] n=7 detached pinwheel tau=4 sig=0.5 t=100 -> NO_PINWHEEL first=None valid_at=None valid=None | 0.1 min
  [N9A 11/140] n=7 corpus_median guillotine tau=4 sig=0.5 t=100 -> NO_BRIEF first=None valid_at=None valid=None | 0.1 min
  [N9A 12/140] n=7 corpus_median guillotine tau=4 sig=0.5 t=100 -> NO_BRIEF first=None valid_at=None valid=None | 0.1 min
  [N9A 13/140] n=7 corpus_median guillotine tau=4 sig=0.5 t=100 -> NO_BRIEF first=None valid_at=None valid=None | 0.1 min
  [N9A 14/140] n=7 corpus_median guillotine tau=4 sig=0.5 t=100 -> NO_BRIEF first=None valid_at=None valid=None | 0.1 min
  [N9A 15/140] n=7 corpus_median guillotine tau=4 sig=0.5 t=100 -> NO_BRIEF first=None valid_at=None valid=None | 0.1 min
  [N9A 16/140] n=7 corpus_median pinwheel tau=4 sig=0.5 t=100 -> NO_PINWHEEL first=None valid_at=None valid=None | 0.2 min
  [N9A 17/140] n=7 corpus_median pinwheel tau=4 sig=0.5 t=100 -> NO_PINWHEEL first=None valid_at=None valid=None | 0.2 min
  [N9A 18/140] n=7 corpus_median pinwheel tau=4 sig=0.5 t=100 -> NO_PINWHEEL first=None valid_at=None valid=None | 0.2 min
  [N9A 19/140] n=7 corpus_median pinwheel tau=4 sig=0.5 t=100 -> NO_PINWHEEL first=None valid_at=None valid=None | 0.2 min
  [N9A 20/140] n=7 corpus_median pinwheel tau=4 sig=0.5 t=100 -> NO_PINWHEEL first=None valid_at=None valid=None | 0.3 min
  [N9A 21/140] n=8 detached guillotine tau=4 sig=0.5 t=100 -> OPTIMAL first=0.1257 valid_at=0.2668 valid=True | 0.3 min
  [N9A 22/140] n=8 detached guillotine tau=4 sig=0.5 t=100 -> OPTIMAL first=0.1282 valid_at=0.2965 valid=True | 0.3 min
  [N9A 23/140] n=8 detached guillotine tau=4 sig=0.5 t=100 -> OPTIMAL first=0.1166 valid_at=0.2721 valid=True | 0.4 min
  [N9A 24/140] n=8 detached guillotine tau=4 sig=0.5 t=100 -> OPTIMAL first=0.124 valid_at=0.124 valid=True | 0.5 min
  [N9A 25/140] n=8 detached guillotine tau=4 sig=0.5 t=100 -> OPTIMAL first=0.1384 valid_at=0.1824 valid=True | 0.5 min
  [N9A 26/140] n=8 detached pinwheel tau=4 sig=0.5 t=100 -> OPTIMAL first=0.1032 valid_at=0.1414 valid=True | 0.5 min
  [N9A 27/140] n=8 detached pinwheel tau=4 sig=0.5 t=100 -> OPTIMAL first=0.1369 valid_at=0.2543 valid=True | 0.5 min
  [N9A 28/140] n=8 detached pinwheel tau=4 sig=0.5 t=100 -> OPTIMAL first=0.1447 valid_at=0.2795 valid=True | 0.6 min
  [N9A 29/140] n=8 detached pinwheel tau=4 sig=0.5 t=100 -> OPTIMAL first=0.1504 valid_at=0.2168 valid=True | 0.6 min
  [N9A 30/140] n=8 detached pinwheel tau=4 sig=0.5 t=100 -> OPTIMAL first=0.1664 valid_at=0.2573 valid=True | 0.6 min
  [N9A 31/140] n=8 corpus_median guillotine tau=4 sig=0.5 t=100 -> OPTIMAL first=0.1298 valid_at=0.2119 valid=True | 0.7 min
  [N9A 32/140] n=8 corpus_median guillotine tau=4 sig=0.5 t=100 -> OPTIMAL first=0.1332 valid_at=0.2525 valid=True | 0.8 min
  [N9A 33/140] n=8 corpus_median guillotine tau=4 sig=0.5 t=100 -> FEASIBLE first=0.1429 valid_at=0.3707 valid=True | 1.1 min
  [N9A 34/140] n=8 corpus_median guillotine tau=4 sig=0.5 t=100 -> OPTIMAL first=0.1079 valid_at=0.2853 valid=True | 1.2 min
  [N9A 35/140] n=8 corpus_median guillotine tau=4 sig=0.5 t=100 -> OPTIMAL first=0.1336 valid_at=0.5853 valid=True | 1.2 min
  [N9A 36/140] n=8 corpus_median pinwheel tau=4 sig=0.5 t=100 -> NO_PINWHEEL first=None valid_at=None valid=None | 1.2 min
  [N9A 37/140] n=8 corpus_median pinwheel tau=4 sig=0.5 t=100 -> NO_PINWHEEL first=None valid_at=None valid=None | 1.3 min
  [N9A 38/140] n=8 corpus_median pinwheel tau=4 sig=0.5 t=100 -> NO_PINWHEEL first=None valid_at=None valid=None | 1.3 min
  [N9A 39/140] n=8 corpus_median pinwheel tau=4 sig=0.5 t=100 -> NO_PINWHEEL first=None valid_at=None valid=None | 1.3 min
  [N9A 40/140] n=8 corpus_median pinwheel tau=4 sig=0.5 t=100 -> NO_PINWHEEL first=None valid_at=None valid=None | 1.3 min
  [N9A 41/140] n=10 detached guillotine tau=4 sig=0.5 t=100 -> FEASIBLE first=0.1576 valid_at=0.1601 valid=True | 1.6 min
  [N9A 42/140] n=10 detached guillotine tau=4 sig=0.5 t=100 -> FEASIBLE first=0.2221 valid_at=0.5868 valid=True | 1.8 min
  [N9A 43/140] n=10 detached guillotine tau=4 sig=0.5 t=100 -> FEASIBLE first=0.3111 valid_at=0.5724 valid=True | 2.1 min
  [N9A 44/140] n=10 detached guillotine tau=4 sig=0.5 t=100 -> FEASIBLE first=0.4296 valid_at=2.1593 valid=True | 2.3 min
  [N9A 45/140] n=10 detached guillotine tau=4 sig=0.5 t=100 -> FEASIBLE first=0.1861 valid_at=1.9872 valid=True | 2.6 min
  [N9A 46/140] n=10 detached pinwheel tau=4 sig=0.5 t=100 -> OPTIMAL first=0.3099 valid_at=0.7516 valid=True | 2.8 min
  [N9A 47/140] n=10 detached pinwheel tau=4 sig=0.5 t=100 -> FEASIBLE first=0.343 valid_at=0.6541 valid=True | 3.0 min
  [N9A 48/140] n=10 detached pinwheel tau=4 sig=0.5 t=100 -> FEASIBLE first=0.2373 valid_at=0.4566 valid=True | 3.3 min
  [N9A 49/140] n=10 detached pinwheel tau=4 sig=0.5 t=100 -> FEASIBLE first=0.2783 valid_at=1.4646 valid=True | 3.5 min
  [N9A 50/140] n=10 detached pinwheel tau=4 sig=0.5 t=100 -> FEASIBLE first=0.2384 valid_at=1.446 valid=True | 3.8 min
  [N9A 51/140] n=10 corpus_median guillotine tau=4 sig=0.5 t=100 -> FEASIBLE first=0.1347 valid_at=0.4123 valid=True | 4.0 min
  [N9A 52/140] n=10 corpus_median guillotine tau=4 sig=0.5 t=100 -> FEASIBLE first=0.2036 valid_at=0.4435 valid=True | 4.3 min
  [N9A 53/140] n=10 corpus_median guillotine tau=4 sig=0.5 t=100 -> FEASIBLE first=0.191 valid_at=0.3546 valid=True | 4.6 min
  [N9A 54/140] n=10 corpus_median guillotine tau=4 sig=0.5 t=100 -> FEASIBLE first=0.2257 valid_at=2.0132 valid=True | 4.8 min
  [N9A 55/140] n=10 corpus_median guillotine tau=4 sig=0.5 t=100 -> FEASIBLE first=0.2116 valid_at=0.4018 valid=True | 5.1 min
  [N9A 56/140] n=10 corpus_median pinwheel tau=4 sig=0.5 t=100 -> FEASIBLE first=0.3233 valid_at=3.1529 valid=True | 5.3 min
  [N9A 57/140] n=10 corpus_median pinwheel tau=4 sig=0.5 t=100 -> FEASIBLE first=0.2205 valid_at=0.6836 valid=True | 5.6 min
  [N9A 58/140] n=10 corpus_median pinwheel tau=4 sig=0.5 t=100 -> OPTIMAL first=0.2103 valid_at=0.4128 valid=True | 5.8 min
  [N9A 59/140] n=10 corpus_median pinwheel tau=4 sig=0.5 t=100 -> FEASIBLE first=0.1982 valid_at=0.3253 valid=True | 6.1 min
  [N9A 60/140] n=10 corpus_median pinwheel tau=4 sig=0.5 t=100 -> OPTIMAL first=0.1668 valid_at=0.3143 valid=True | 6.2 min
  [N9A 61/140] n=12 detached guillotine tau=4 sig=0.5 t=100 -> FEASIBLE first=0.7946 valid_at=3.6511 valid=True | 6.4 min
  [N9A 62/140] n=12 detached guillotine tau=4 sig=0.5 t=100 -> FEASIBLE first=0.4475 valid_at=0.9891 valid=True | 6.7 min
  [N9A 63/140] n=12 detached guillotine tau=4 sig=0.5 t=100 -> FEASIBLE first=0.4356 valid_at=3.4541 valid=True | 6.9 min
  [N9A 64/140] n=12 detached guillotine tau=4 sig=0.5 t=100 -> FEASIBLE first=0.6147 valid_at=0.8032 valid=True | 7.2 min
  [N9A 65/140] n=12 detached guillotine tau=4 sig=0.5 t=100 -> FEASIBLE first=0.6886 valid_at=1.2933 valid=True | 7.5 min
  [N9A 66/140] n=12 detached pinwheel tau=4 sig=0.5 t=100 -> FEASIBLE first=0.5469 valid_at=0.8852 valid=True | 7.7 min
  [N9A 67/140] n=12 detached pinwheel tau=4 sig=0.5 t=100 -> FEASIBLE first=1.3276 valid_at=3.1478 valid=True | 8.0 min
  [N9A 68/140] n=12 detached pinwheel tau=4 sig=0.5 t=100 -> FEASIBLE first=0.3641 valid_at=1.5887 valid=True | 8.2 min
  [N9A 69/140] n=12 detached pinwheel tau=4 sig=0.5 t=100 -> FEASIBLE first=0.6481 valid_at=2.0449 valid=True | 8.5 min
  [N9A 70/140] n=12 detached pinwheel tau=4 sig=0.5 t=100 -> FEASIBLE first=0.3368 valid_at=1.425 valid=True | 8.7 min
  [N9A 71/140] n=12 corpus_median guillotine tau=4 sig=0.5 t=100 -> FEASIBLE first=0.4466 valid_at=2.4647 valid=True | 9.0 min
  [N9A 72/140] n=12 corpus_median guillotine tau=4 sig=0.5 t=100 -> FEASIBLE first=0.38 valid_at=1.8465 valid=True | 9.2 min
  [N9A 73/140] n=12 corpus_median guillotine tau=4 sig=0.5 t=100 -> FEASIBLE first=0.3528 valid_at=1.864 valid=True | 9.5 min
  [N9A 74/140] n=12 corpus_median guillotine tau=4 sig=0.5 t=100 -> OPTIMAL first=0.3093 valid_at=1.4312 valid=True | 9.6 min
  [N9A 75/140] n=12 corpus_median guillotine tau=4 sig=0.5 t=100 -> FEASIBLE first=0.3109 valid_at=0.5105 valid=True | 9.9 min
  [N9A 76/140] n=12 corpus_median pinwheel tau=4 sig=0.5 t=100 -> FEASIBLE first=0.425 valid_at=0.425 valid=True | 10.1 min
  [N9A 77/140] n=12 corpus_median pinwheel tau=4 sig=0.5 t=100 -> FEASIBLE first=0.4242 valid_at=1.3735 valid=True | 10.4 min
  [N9A 78/140] n=12 corpus_median pinwheel tau=4 sig=0.5 t=100 -> FEASIBLE first=0.3611 valid_at=1.1164 valid=True | 10.6 min
  [N9A 79/140] n=12 corpus_median pinwheel tau=4 sig=0.5 t=100 -> FEASIBLE first=0.4307 valid_at=1.3335 valid=True | 10.9 min
  [N9A 80/140] n=12 corpus_median pinwheel tau=4 sig=0.5 t=100 -> FEASIBLE first=0.3955 valid_at=1.8568 valid=True | 11.2 min
  [N9A 81/140] n=16 detached guillotine tau=4 sig=0.5 t=100 -> FEASIBLE first=2.9596 valid_at=9.6924 valid=True | 11.4 min
  [N9A 82/140] n=16 detached guillotine tau=4 sig=0.5 t=100 -> FEASIBLE first=1.0388 valid_at=5.1072 valid=True | 11.7 min
  [N9A 83/140] n=16 detached guillotine tau=4 sig=0.5 t=100 -> FEASIBLE first=0.8515 valid_at=4.5127 valid=True | 11.9 min
  [N9A 84/140] n=16 detached guillotine tau=4 sig=0.5 t=100 -> FEASIBLE first=1.2824 valid_at=5.2674 valid=True | 12.2 min
  [N9A 85/140] n=16 detached guillotine tau=4 sig=0.5 t=100 -> FEASIBLE first=1.1152 valid_at=4.586 valid=True | 12.4 min
  [N9A 86/140] n=16 detached pinwheel tau=4 sig=0.5 t=100 -> FEASIBLE first=1.2039 valid_at=5.5963 valid=True | 12.7 min
  [N9A 87/140] n=16 detached pinwheel tau=4 sig=0.5 t=100 -> FEASIBLE first=0.7773 valid_at=4.1602 valid=True | 12.9 min
  [N9A 88/140] n=16 detached pinwheel tau=4 sig=0.5 t=100 -> FEASIBLE first=1.3074 valid_at=4.5028 valid=True | 13.2 min
  [N9A 89/140] n=16 detached pinwheel tau=4 sig=0.5 t=100 -> FEASIBLE first=0.829 valid_at=5.6599 valid=True | 13.5 min
  [N9A 90/140] n=16 detached pinwheel tau=4 sig=0.5 t=100 -> FEASIBLE first=0.7105 valid_at=5.8761 valid=True | 13.7 min
  [N9A 91/140] n=16 corpus_median guillotine tau=4 sig=0.5 t=100 -> FEASIBLE first=0.7273 valid_at=4.9986 valid=True | 14.0 min
  [N9A 92/140] n=16 corpus_median guillotine tau=4 sig=0.5 t=100 -> FEASIBLE first=0.8649 valid_at=13.3944 valid=True | 14.2 min
  [N9A 93/140] n=16 corpus_median guillotine tau=4 sig=0.5 t=100 -> FEASIBLE first=0.7452 valid_at=5.5238 valid=True | 14.5 min
  [N9A 94/140] n=16 corpus_median guillotine tau=4 sig=0.5 t=100 -> FEASIBLE first=0.8464 valid_at=9.7802 valid=True | 14.7 min
  [N9A 95/140] n=16 corpus_median guillotine tau=4 sig=0.5 t=100 -> FEASIBLE first=0.9776 valid_at=4.9867 valid=True | 15.0 min
  [N9A 96/140] n=16 corpus_median pinwheel tau=4 sig=0.5 t=100 -> FEASIBLE first=0.9468 valid_at=5.9614 valid=True | 15.2 min
  [N9A 97/140] n=16 corpus_median pinwheel tau=4 sig=0.5 t=100 -> FEASIBLE first=0.713 valid_at=4.9757 valid=True | 15.5 min
  [N9A 98/140] n=16 corpus_median pinwheel tau=4 sig=0.5 t=100 -> FEASIBLE first=0.7339 valid_at=7.8275 valid=True | 15.7 min
  [N9A 99/140] n=16 corpus_median pinwheel tau=4 sig=0.5 t=100 -> FEASIBLE first=1.8341 valid_at=3.8586 valid=True | 16.0 min
  [N9A 100/140] n=16 corpus_median pinwheel tau=4 sig=0.5 t=100 -> FEASIBLE first=0.6985 valid_at=3.6511 valid=True | 16.3 min
  [N9A 101/140] n=20 detached guillotine tau=4 sig=0.5 t=100 -> FEASIBLE first=2.4905 valid_at=None valid=False | 16.5 min
  [N9A 102/140] n=20 detached guillotine tau=4 sig=0.5 t=100 -> FEASIBLE first=3.3712 valid_at=None valid=False | 16.8 min
  [N9A 103/140] n=20 detached guillotine tau=4 sig=0.5 t=100 -> FEASIBLE first=1.5251 valid_at=6.074 valid=True | 17.0 min
  [N9A 104/140] n=20 detached guillotine tau=4 sig=0.5 t=100 -> FEASIBLE first=2.7307 valid_at=None valid=False | 17.3 min
  [N9A 105/140] n=20 detached guillotine tau=4 sig=0.5 t=100 -> FEASIBLE first=2.7903 valid_at=None valid=False | 17.5 min
  [N9A 106/140] n=20 detached pinwheel tau=4 sig=0.5 t=100 -> FEASIBLE first=10.7194 valid_at=None valid=False | 17.8 min
  [N9A 107/140] n=20 detached pinwheel tau=4 sig=0.5 t=100 -> FEASIBLE first=2.4416 valid_at=None valid=False | 18.1 min
  [N9A 108/140] n=20 detached pinwheel tau=4 sig=0.5 t=100 -> FEASIBLE first=2.3072 valid_at=12.2423 valid=True | 18.3 min
  [N9A 109/140] n=20 detached pinwheel tau=4 sig=0.5 t=100 -> FEASIBLE first=2.3227 valid_at=11.0683 valid=True | 18.6 min
  [N9A 110/140] n=20 detached pinwheel tau=4 sig=0.5 t=100 -> FEASIBLE first=2.0087 valid_at=9.5629 valid=True | 18.8 min
  [N9A 111/140] n=20 corpus_median guillotine tau=4 sig=0.5 t=100 -> FEASIBLE first=2.509 valid_at=13.3758 valid=True | 19.1 min
  [N9A 112/140] n=20 corpus_median guillotine tau=4 sig=0.5 t=100 -> FEASIBLE first=1.8102 valid_at=11.7376 valid=True | 19.3 min
  [N9A 113/140] n=20 corpus_median guillotine tau=4 sig=0.5 t=100 -> FEASIBLE first=1.6916 valid_at=None valid=False | 19.6 min
  [N9A 114/140] n=20 corpus_median guillotine tau=4 sig=0.5 t=100 -> FEASIBLE first=2.2494 valid_at=10.4128 valid=True | 19.9 min
  [N9A 115/140] n=20 corpus_median guillotine tau=4 sig=0.5 t=100 -> FEASIBLE first=2.1875 valid_at=None valid=False | 20.1 min
  [N9A 116/140] n=20 corpus_median pinwheel tau=4 sig=0.5 t=100 -> FEASIBLE first=2.7204 valid_at=None valid=False | 20.4 min
  [N9A 117/140] n=20 corpus_median pinwheel tau=4 sig=0.5 t=100 -> FEASIBLE first=2.751 valid_at=None valid=False | 20.6 min
  [N9A 118/140] n=20 corpus_median pinwheel tau=4 sig=0.5 t=100 -> FEASIBLE first=2.1509 valid_at=10.8113 valid=True | 20.9 min
  [N9A 119/140] n=20 corpus_median pinwheel tau=4 sig=0.5 t=100 -> FEASIBLE first=2.4275 valid_at=10.5934 valid=True | 21.1 min
  [N9A 120/140] n=20 corpus_median pinwheel tau=4 sig=0.5 t=100 -> FEASIBLE first=1.5082 valid_at=4.2839 valid=True | 21.4 min
  [N9A 121/140] n=24 detached guillotine tau=4 sig=0.5 t=100 -> FEASIBLE first=5.0809 valid_at=14.572 valid=True | 21.7 min
  [N9A 122/140] n=24 detached guillotine tau=4 sig=0.5 t=100 -> FEASIBLE first=4.6244 valid_at=None valid=False | 21.9 min
  [N9A 123/140] n=24 detached guillotine tau=4 sig=0.5 t=100 -> FEASIBLE first=2.9751 valid_at=10.5295 valid=True | 22.2 min
  [N9A 124/140] n=24 detached guillotine tau=4 sig=0.5 t=100 -> FEASIBLE first=7.2417 valid_at=None valid=False | 22.4 min
  [N9A 125/140] n=24 detached guillotine tau=4 sig=0.5 t=100 -> FEASIBLE first=4.5772 valid_at=None valid=False | 22.7 min
  [N9A 126/140] n=24 detached pinwheel tau=4 sig=0.5 t=100 -> FEASIBLE first=3.7267 valid_at=None valid=False | 23.0 min
  [N9A 127/140] n=24 detached pinwheel tau=4 sig=0.5 t=100 -> FEASIBLE first=13.7738 valid_at=None valid=False | 23.2 min
  [N9A 128/140] n=24 detached pinwheel tau=4 sig=0.5 t=100 -> FEASIBLE first=4.5157 valid_at=None valid=False | 23.5 min
  [N9A 129/140] n=24 detached pinwheel tau=4 sig=0.5 t=100 -> FEASIBLE first=10.4591 valid_at=None valid=False | 23.7 min
  [N9A 130/140] n=24 detached pinwheel tau=4 sig=0.5 t=100 -> UNKNOWN first=None valid_at=None valid=None | 24.0 min
  [N9A 131/140] n=24 corpus_median guillotine tau=4 sig=0.5 t=100 -> FEASIBLE first=7.1056 valid_at=None valid=False | 24.3 min
  [N9A 132/140] n=24 corpus_median guillotine tau=4 sig=0.5 t=100 -> FEASIBLE first=6.7195 valid_at=None valid=False | 24.5 min
  [N9A 133/140] n=24 corpus_median guillotine tau=4 sig=0.5 t=100 -> FEASIBLE first=3.188 valid_at=None valid=False | 24.8 min
  [N9A 134/140] n=24 corpus_median guillotine tau=4 sig=0.5 t=100 -> INFEASIBLE first=None valid_at=None valid=None | 24.8 min
  [N9A 135/140] n=24 corpus_median guillotine tau=4 sig=0.5 t=100 -> FEASIBLE first=5.1006 valid_at=None valid=False | 25.0 min
  [N9A 136/140] n=24 corpus_median pinwheel tau=4 sig=0.5 t=100 -> FEASIBLE first=7.4215 valid_at=None valid=False | 25.3 min
  [N9A 137/140] n=24 corpus_median pinwheel tau=4 sig=0.5 t=100 -> FEASIBLE first=6.9928 valid_at=None valid=False | 25.6 min
  [N9A 138/140] n=24 corpus_median pinwheel tau=4 sig=0.5 t=100 -> FEASIBLE first=3.8525 valid_at=None valid=False | 25.8 min
  [N9A 139/140] n=24 corpus_median pinwheel tau=4 sig=0.5 t=100 -> FEASIBLE first=6.2661 valid_at=None valid=False | 26.1 min
  [N9A 140/140] n=24 corpus_median pinwheel tau=4 sig=0.5 t=100 -> FEASIBLE first=5.6119 valid_at=None valid=False | 26.3 min
[N9A] done in 26.3 min
[N9T] 112 rows, 0 done, 112 to run -> C:\Users\tng\g2p\bim-wf-29\experiments\solver-toy\results\N9T.jsonl
  [N9T 1/112] n=7 corpus_median guillotine tau=4 sig=0.5 t=100 -> NO_BRIEF first=None valid_at=None valid=None | 0.0 min
  [N9T 2/112] n=7 corpus_median guillotine tau=4 sig=0.5 t=100 -> NO_BRIEF first=None valid_at=None valid=None | 0.0 min
  [N9T 3/112] n=7 corpus_median guillotine tau=4 sig=0.5 t=100 -> NO_BRIEF first=None valid_at=None valid=None | 0.0 min
  [N9T 4/112] n=7 corpus_median guillotine tau=4 sig=0.5 t=100 -> NO_BRIEF first=None valid_at=None valid=None | 0.0 min
  [N9T 5/112] n=7 corpus_median pinwheel tau=4 sig=0.5 t=100 -> NO_PINWHEEL first=None valid_at=None valid=None | 0.0 min
  [N9T 6/112] n=7 corpus_median pinwheel tau=4 sig=0.5 t=100 -> NO_PINWHEEL first=None valid_at=None valid=None | 0.0 min
  [N9T 7/112] n=7 corpus_median pinwheel tau=4 sig=0.5 t=100 -> NO_PINWHEEL first=None valid_at=None valid=None | 0.0 min
  [N9T 8/112] n=7 corpus_median pinwheel tau=4 sig=0.5 t=100 -> NO_PINWHEEL first=None valid_at=None valid=None | 0.0 min
  [N9T 9/112] n=7 corpus_median guillotine tau=4 sig=0.5 t=150 -> NO_BRIEF first=None valid_at=None valid=None | 0.0 min
  [N9T 10/112] n=7 corpus_median guillotine tau=4 sig=0.5 t=150 -> NO_BRIEF first=None valid_at=None valid=None | 0.0 min
  [N9T 11/112] n=7 corpus_median guillotine tau=4 sig=0.5 t=150 -> NO_BRIEF first=None valid_at=None valid=None | 0.0 min
  [N9T 12/112] n=7 corpus_median guillotine tau=4 sig=0.5 t=150 -> NO_BRIEF first=None valid_at=None valid=None | 0.0 min
  [N9T 13/112] n=7 corpus_median pinwheel tau=4 sig=0.5 t=150 -> NO_PINWHEEL first=None valid_at=None valid=None | 0.0 min
  [N9T 14/112] n=7 corpus_median pinwheel tau=4 sig=0.5 t=150 -> NO_PINWHEEL first=None valid_at=None valid=None | 0.1 min
  [N9T 15/112] n=7 corpus_median pinwheel tau=4 sig=0.5 t=150 -> NO_PINWHEEL first=None valid_at=None valid=None | 0.1 min
  [N9T 16/112] n=7 corpus_median pinwheel tau=4 sig=0.5 t=150 -> NO_PINWHEEL first=None valid_at=None valid=None | 0.1 min
  [N9T 17/112] n=8 corpus_median guillotine tau=4 sig=0.5 t=100 -> OPTIMAL first=0.1183 valid_at=0.2304 valid=True | 0.1 min
  [N9T 18/112] n=8 corpus_median guillotine tau=4 sig=0.5 t=100 -> OPTIMAL first=0.1265 valid_at=0.2394 valid=True | 0.2 min
  [N9T 19/112] n=8 corpus_median guillotine tau=4 sig=0.5 t=100 -> FEASIBLE first=0.1377 valid_at=0.3056 valid=True | 0.5 min
  [N9T 20/112] n=8 corpus_median guillotine tau=4 sig=0.5 t=100 -> OPTIMAL first=0.1012 valid_at=0.4023 valid=True | 0.6 min
  [N9T 21/112] n=8 corpus_median pinwheel tau=4 sig=0.5 t=100 -> NO_PINWHEEL first=None valid_at=None valid=None | 0.6 min
  [N9T 22/112] n=8 corpus_median pinwheel tau=4 sig=0.5 t=100 -> NO_PINWHEEL first=None valid_at=None valid=None | 0.6 min
  [N9T 23/112] n=8 corpus_median pinwheel tau=4 sig=0.5 t=100 -> NO_PINWHEEL first=None valid_at=None valid=None | 0.6 min
  [N9T 24/112] n=8 corpus_median pinwheel tau=4 sig=0.5 t=100 -> NO_PINWHEEL first=None valid_at=None valid=None | 0.6 min
  [N9T 25/112] n=8 corpus_median guillotine tau=4 sig=0.5 t=150 -> OPTIMAL first=0.1111 valid_at=0.2323 valid=True | 0.6 min
  [N9T 26/112] n=8 corpus_median guillotine tau=4 sig=0.5 t=150 -> OPTIMAL first=0.1063 valid_at=0.2344 valid=True | 0.7 min
  [N9T 27/112] n=8 corpus_median guillotine tau=4 sig=0.5 t=150 -> FEASIBLE first=0.1397 valid_at=0.1535 valid=True | 0.9 min
  [N9T 28/112] n=8 corpus_median guillotine tau=4 sig=0.5 t=150 -> OPTIMAL first=0.1009 valid_at=0.2316 valid=True | 1.0 min
  [N9T 29/112] n=8 corpus_median pinwheel tau=4 sig=0.5 t=150 -> NO_PINWHEEL first=None valid_at=None valid=None | 1.0 min
  [N9T 30/112] n=8 corpus_median pinwheel tau=4 sig=0.5 t=150 -> NO_PINWHEEL first=None valid_at=None valid=None | 1.0 min
  [N9T 31/112] n=8 corpus_median pinwheel tau=4 sig=0.5 t=150 -> NO_PINWHEEL first=None valid_at=None valid=None | 1.0 min
  [N9T 32/112] n=8 corpus_median pinwheel tau=4 sig=0.5 t=150 -> NO_PINWHEEL first=None valid_at=None valid=None | 1.0 min
  [N9T 33/112] n=10 corpus_median guillotine tau=4 sig=0.5 t=100 -> FEASIBLE first=0.1327 valid_at=0.2209 valid=True | 1.3 min
  [N9T 34/112] n=10 corpus_median guillotine tau=4 sig=0.5 t=100 -> FEASIBLE first=0.2426 valid_at=1.9496 valid=True | 1.5 min
  [N9T 35/112] n=10 corpus_median guillotine tau=4 sig=0.5 t=100 -> FEASIBLE first=0.209 valid_at=0.3286 valid=True | 1.8 min
  [N9T 36/112] n=10 corpus_median guillotine tau=4 sig=0.5 t=100 -> FEASIBLE first=0.3035 valid_at=1.4323 valid=True | 2.0 min
  [N9T 37/112] n=10 corpus_median pinwheel tau=4 sig=0.5 t=100 -> FEASIBLE first=0.3733 valid_at=1.2465 valid=True | 2.3 min
  [N9T 38/112] n=10 corpus_median pinwheel tau=4 sig=0.5 t=100 -> FEASIBLE first=0.2149 valid_at=1.8984 valid=True | 2.6 min
  [N9T 39/112] n=10 corpus_median pinwheel tau=4 sig=0.5 t=100 -> OPTIMAL first=0.2127 valid_at=0.3983 valid=True | 2.7 min
  [N9T 40/112] n=10 corpus_median pinwheel tau=4 sig=0.5 t=100 -> FEASIBLE first=0.1835 valid_at=0.3368 valid=True | 2.9 min
  [N9T 41/112] n=10 corpus_median guillotine tau=4 sig=0.5 t=150 -> FEASIBLE first=0.1592 valid_at=0.3045 valid=True | 3.2 min
  [N9T 42/112] n=10 corpus_median guillotine tau=4 sig=0.5 t=150 -> FEASIBLE first=0.2374 valid_at=0.385 valid=True | 3.4 min
  [N9T 43/112] n=10 corpus_median guillotine tau=4 sig=0.5 t=150 -> FEASIBLE first=0.3245 valid_at=0.5572 valid=True | 3.7 min
  [N9T 44/112] n=10 corpus_median guillotine tau=4 sig=0.5 t=150 -> FEASIBLE first=0.2378 valid_at=0.3686 valid=True | 3.9 min
  [N9T 45/112] n=10 corpus_median pinwheel tau=4 sig=0.5 t=150 -> FEASIBLE first=0.2159 valid_at=0.4468 valid=True | 4.2 min
  [N9T 46/112] n=10 corpus_median pinwheel tau=4 sig=0.5 t=150 -> FEASIBLE first=0.2368 valid_at=1.0379 valid=True | 4.5 min
  [N9T 47/112] n=10 corpus_median pinwheel tau=4 sig=0.5 t=150 -> OPTIMAL first=0.2102 valid_at=0.2741 valid=True | 4.7 min
  [N9T 48/112] n=10 corpus_median pinwheel tau=4 sig=0.5 t=150 -> FEASIBLE first=0.1976 valid_at=0.25 valid=True | 4.9 min
  [N9T 49/112] n=12 corpus_median guillotine tau=4 sig=0.5 t=100 -> FEASIBLE first=0.6997 valid_at=1.0894 valid=True | 5.2 min
  [N9T 50/112] n=12 corpus_median guillotine tau=4 sig=0.5 t=100 -> FEASIBLE first=0.7743 valid_at=2.3545 valid=True | 5.5 min
  [N9T 51/112] n=12 corpus_median guillotine tau=4 sig=0.5 t=100 -> FEASIBLE first=0.4148 valid_at=1.7133 valid=True | 5.7 min
  [N9T 52/112] n=12 corpus_median guillotine tau=4 sig=0.5 t=100 -> OPTIMAL first=0.4271 valid_at=2.1072 valid=True | 5.9 min
  [N9T 53/112] n=12 corpus_median pinwheel tau=4 sig=0.5 t=100 -> FEASIBLE first=0.4293 valid_at=0.4293 valid=True | 6.1 min
  [N9T 54/112] n=12 corpus_median pinwheel tau=4 sig=0.5 t=100 -> FEASIBLE first=0.4826 valid_at=0.8981 valid=True | 6.4 min
  [N9T 55/112] n=12 corpus_median pinwheel tau=4 sig=0.5 t=100 -> FEASIBLE first=0.4098 valid_at=3.086 valid=True | 6.6 min
  [N9T 56/112] n=12 corpus_median pinwheel tau=4 sig=0.5 t=100 -> FEASIBLE first=0.5873 valid_at=1.318 valid=True | 6.9 min
  [N9T 57/112] n=12 corpus_median guillotine tau=4 sig=0.5 t=150 -> FEASIBLE first=0.4867 valid_at=2.6481 valid=True | 7.1 min
  [N9T 58/112] n=12 corpus_median guillotine tau=4 sig=0.5 t=150 -> FEASIBLE first=0.4582 valid_at=1.9058 valid=True | 7.4 min
  [N9T 59/112] n=12 corpus_median guillotine tau=4 sig=0.5 t=150 -> FEASIBLE first=0.304 valid_at=0.4639 valid=True | 7.6 min
  [N9T 60/112] n=12 corpus_median guillotine tau=4 sig=0.5 t=150 -> OPTIMAL first=0.3058 valid_at=1.0464 valid=True | 7.8 min
  [N9T 61/112] n=12 corpus_median pinwheel tau=4 sig=0.5 t=150 -> FEASIBLE first=0.3135 valid_at=3.1133 valid=True | 8.0 min
  [N9T 62/112] n=12 corpus_median pinwheel tau=4 sig=0.5 t=150 -> FEASIBLE first=0.4874 valid_at=2.7116 valid=True | 8.3 min
  [N9T 63/112] n=12 corpus_median pinwheel tau=4 sig=0.5 t=150 -> FEASIBLE first=0.4078 valid_at=2.9257 valid=True | 8.5 min
  [N9T 64/112] n=12 corpus_median pinwheel tau=4 sig=0.5 t=150 -> FEASIBLE first=0.4401 valid_at=1.8023 valid=True | 8.8 min
  [N9T 65/112] n=16 corpus_median guillotine tau=4 sig=0.5 t=100 -> FEASIBLE first=0.8311 valid_at=11.3997 valid=True | 9.0 min
  [N9T 66/112] n=16 corpus_median guillotine tau=4 sig=0.5 t=100 -> FEASIBLE first=0.9374 valid_at=6.9886 valid=True | 9.3 min
  [N9T 67/112] n=16 corpus_median guillotine tau=4 sig=0.5 t=100 -> FEASIBLE first=0.8864 valid_at=3.0988 valid=True | 9.5 min
  [N9T 68/112] n=16 corpus_median guillotine tau=4 sig=0.5 t=100 -> FEASIBLE first=0.9015 valid_at=None valid=False | 9.8 min
  [N9T 69/112] n=16 corpus_median pinwheel tau=4 sig=0.5 t=100 -> FEASIBLE first=0.9824 valid_at=10.4364 valid=True | 10.0 min
  [N9T 70/112] n=16 corpus_median pinwheel tau=4 sig=0.5 t=100 -> FEASIBLE first=0.7416 valid_at=3.8671 valid=True | 10.3 min
  [N9T 71/112] n=16 corpus_median pinwheel tau=4 sig=0.5 t=100 -> FEASIBLE first=0.8528 valid_at=5.0339 valid=True | 10.5 min
  [N9T 72/112] n=16 corpus_median pinwheel tau=4 sig=0.5 t=100 -> FEASIBLE first=1.9734 valid_at=10.3911 valid=True | 10.8 min
  [N9T 73/112] n=16 corpus_median guillotine tau=4 sig=0.5 t=150 -> FEASIBLE first=1.4832 valid_at=None valid=False | 11.1 min
  [N9T 74/112] n=16 corpus_median guillotine tau=4 sig=0.5 t=150 -> FEASIBLE first=1.3007 valid_at=6.3396 valid=True | 11.3 min
  [N9T 75/112] n=16 corpus_median guillotine tau=4 sig=0.5 t=150 -> FEASIBLE first=0.8456 valid_at=7.6239 valid=True | 11.6 min
  [N9T 76/112] n=16 corpus_median guillotine tau=4 sig=0.5 t=150 -> FEASIBLE first=1.4152 valid_at=9.0776 valid=True | 11.8 min
  [N9T 77/112] n=16 corpus_median pinwheel tau=4 sig=0.5 t=150 -> FEASIBLE first=1.0909 valid_at=4.4036 valid=True | 12.1 min
  [N9T 78/112] n=16 corpus_median pinwheel tau=4 sig=0.5 t=150 -> NO_PINWHEEL first=None valid_at=None valid=None | 12.1 min
  [N9T 79/112] n=16 corpus_median pinwheel tau=4 sig=0.5 t=150 -> NO_PINWHEEL first=None valid_at=None valid=None | 12.1 min
  [N9T 80/112] n=16 corpus_median pinwheel tau=4 sig=0.5 t=150 -> NO_PINWHEEL first=None valid_at=None valid=None | 12.2 min
  [N9T 81/112] n=20 corpus_median guillotine tau=4 sig=0.5 t=100 -> FEASIBLE first=2.0484 valid_at=None valid=False | 12.4 min
  [N9T 82/112] n=20 corpus_median guillotine tau=4 sig=0.5 t=100 -> FEASIBLE first=1.8097 valid_at=12.1103 valid=True | 12.7 min
  [N9T 83/112] n=20 corpus_median guillotine tau=4 sig=0.5 t=100 -> FEASIBLE first=1.7391 valid_at=4.4281 valid=True | 12.9 min
  [N9T 84/112] n=20 corpus_median guillotine tau=4 sig=0.5 t=100 -> FEASIBLE first=2.5834 valid_at=None valid=False | 13.2 min
  [N9T 85/112] n=20 corpus_median pinwheel tau=4 sig=0.5 t=100 -> FEASIBLE first=3.214 valid_at=7.0662 valid=True | 13.5 min
  [N9T 86/112] n=20 corpus_median pinwheel tau=4 sig=0.5 t=100 -> FEASIBLE first=3.1455 valid_at=10.2015 valid=True | 13.7 min
  [N9T 87/112] n=20 corpus_median pinwheel tau=4 sig=0.5 t=100 -> FEASIBLE first=2.3833 valid_at=11.207 valid=True | 14.0 min
  [N9T 88/112] n=20 corpus_median pinwheel tau=4 sig=0.5 t=100 -> FEASIBLE first=2.6281 valid_at=8.7114 valid=True | 14.2 min
  [N9T 89/112] n=20 corpus_median guillotine tau=4 sig=0.5 t=150 -> FEASIBLE first=9.1574 valid_at=None valid=False | 14.5 min
  [N9T 90/112] n=20 corpus_median guillotine tau=4 sig=0.5 t=150 -> FEASIBLE first=2.0679 valid_at=None valid=False | 14.7 min
  [N9T 91/112] n=20 corpus_median guillotine tau=4 sig=0.5 t=150 -> FEASIBLE first=3.1765 valid_at=None valid=False | 15.0 min
  [N9T 92/112] n=20 corpus_median guillotine tau=4 sig=0.5 t=150 -> FEASIBLE first=2.4088 valid_at=None valid=False | 15.2 min
  [N9T 93/112] n=20 corpus_median pinwheel tau=4 sig=0.5 t=150 -> FEASIBLE first=3.5981 valid_at=9.8327 valid=True | 15.5 min
  [N9T 94/112] n=20 corpus_median pinwheel tau=4 sig=0.5 t=150 -> FEASIBLE first=2.9616 valid_at=10.2768 valid=True | 15.8 min
  [N9T 95/112] n=20 corpus_median pinwheel tau=4 sig=0.5 t=150 -> FEASIBLE first=1.8808 valid_at=None valid=False | 16.0 min
  [N9T 96/112] n=20 corpus_median pinwheel tau=4 sig=0.5 t=150 -> FEASIBLE first=2.5251 valid_at=10.442 valid=True | 16.3 min
  [N9T 97/112] n=24 corpus_median guillotine tau=4 sig=0.5 t=100 -> FEASIBLE first=6.8367 valid_at=None valid=False | 16.5 min
  [N9T 98/112] n=24 corpus_median guillotine tau=4 sig=0.5 t=100 -> FEASIBLE first=10.3186 valid_at=None valid=False | 16.8 min
  [N9T 99/112] n=24 corpus_median guillotine tau=4 sig=0.5 t=100 -> FEASIBLE first=3.0266 valid_at=9.8758 valid=True | 17.0 min
  [N9T 100/112] n=24 corpus_median guillotine tau=4 sig=0.5 t=100 -> INFEASIBLE first=None valid_at=None valid=None | 17.1 min
  [N9T 101/112] n=24 corpus_median pinwheel tau=4 sig=0.5 t=100 -> FEASIBLE first=9.571 valid_at=None valid=False | 17.3 min
  [N9T 102/112] n=24 corpus_median pinwheel tau=4 sig=0.5 t=100 -> FEASIBLE first=5.1241 valid_at=None valid=False | 17.6 min
  [N9T 103/112] n=24 corpus_median pinwheel tau=4 sig=0.5 t=100 -> FEASIBLE first=3.5469 valid_at=None valid=False | 17.8 min
  [N9T 104/112] n=24 corpus_median pinwheel tau=4 sig=0.5 t=100 -> FEASIBLE first=6.939 valid_at=None valid=False | 18.1 min
  [N9T 105/112] n=24 corpus_median guillotine tau=4 sig=0.5 t=150 -> FEASIBLE first=10.144 valid_at=None valid=False | 18.3 min
  [N9T 106/112] n=24 corpus_median guillotine tau=4 sig=0.5 t=150 -> FEASIBLE first=5.0167 valid_at=None valid=False | 18.6 min
  [N9T 107/112] n=24 corpus_median guillotine tau=4 sig=0.5 t=150 -> FEASIBLE first=3.5349 valid_at=None valid=False | 18.9 min
  [N9T 108/112] n=24 corpus_median guillotine tau=4 sig=0.5 t=150 -> INFEASIBLE first=None valid_at=None valid=None | 18.9 min
  [N9T 109/112] n=24 corpus_median pinwheel tau=4 sig=0.5 t=150 -> FEASIBLE first=10.6823 valid_at=None valid=False | 19.1 min
  [N9T 110/112] n=24 corpus_median pinwheel tau=4 sig=0.5 t=150 -> FEASIBLE first=9.2082 valid_at=None valid=False | 19.4 min
  [N9T 111/112] n=24 corpus_median pinwheel tau=4 sig=0.5 t=150 -> FEASIBLE first=3.874 valid_at=None valid=False | 19.7 min
  [N9T 112/112] n=24 corpus_median pinwheel tau=4 sig=0.5 t=150 -> UNKNOWN first=None valid_at=None valid=None | 19.9 min
[N9T] done in 19.9 min
[N9B] 108 rows, 0 done, 108 to run -> C:\Users\tng\g2p\bim-wf-29\experiments\solver-toy\results\N9B.jsonl
  [N9B 1/108] n=8 corpus_median guillotine tau=0 sig=0.5 t=100 -> OPTIMAL first=0.1013 valid_at=0.1219 valid=True | 0.0 min
  [N9B 2/108] n=8 corpus_median guillotine tau=0 sig=0.5 t=100 -> OPTIMAL first=0.1308 valid_at=0.1341 valid=True | 0.0 min
  [N9B 3/108] n=8 corpus_median guillotine tau=0 sig=0.5 t=100 -> OPTIMAL first=0.1151 valid_at=1.5556 valid=True | 0.2 min
  [N9B 4/108] n=8 corpus_median guillotine tau=1 sig=0.5 t=100 -> OPTIMAL first=0.104 valid_at=0.1225 valid=True | 0.2 min
  [N9B 5/108] n=8 corpus_median guillotine tau=1 sig=0.5 t=100 -> OPTIMAL first=0.1262 valid_at=0.1295 valid=True | 0.2 min
  [N9B 6/108] n=8 corpus_median guillotine tau=1 sig=0.5 t=100 -> OPTIMAL first=0.115 valid_at=0.9192 valid=True | 0.5 min
  [N9B 7/108] n=8 corpus_median guillotine tau=2 sig=0.5 t=100 -> OPTIMAL first=0.1046 valid_at=0.1265 valid=True | 0.5 min
  [N9B 8/108] n=8 corpus_median guillotine tau=2 sig=0.5 t=100 -> OPTIMAL first=0.1147 valid_at=0.1195 valid=True | 0.5 min
  [N9B 9/108] n=8 corpus_median guillotine tau=2 sig=0.5 t=100 -> FEASIBLE first=0.1325 valid_at=0.2542 valid=True | 0.7 min
  [N9B 10/108] n=8 corpus_median guillotine tau=4 sig=0.5 t=100 -> OPTIMAL first=0.154 valid_at=0.2596 valid=True | 0.7 min
  [N9B 11/108] n=8 corpus_median guillotine tau=4 sig=0.5 t=100 -> OPTIMAL first=0.1355 valid_at=0.2528 valid=True | 0.9 min
  [N9B 12/108] n=8 corpus_median guillotine tau=4 sig=0.5 t=100 -> FEASIBLE first=0.1416 valid_at=0.3158 valid=True | 1.1 min
  [N9B 13/108] n=8 corpus_median guillotine tau=6 sig=0.5 t=100 -> OPTIMAL first=0.1482 valid_at=0.1572 valid=True | 1.2 min
  [N9B 14/108] n=8 corpus_median guillotine tau=6 sig=0.5 t=100 -> OPTIMAL first=0.1415 valid_at=0.2926 valid=True | 1.3 min
  [N9B 15/108] n=8 corpus_median guillotine tau=6 sig=0.5 t=100 -> FEASIBLE first=0.1403 valid_at=0.2625 valid=True | 1.6 min
  [N9B 16/108] n=8 corpus_median guillotine tau=10 sig=0.5 t=100 -> OPTIMAL first=0.1487 valid_at=0.2719 valid=True | 1.6 min
  [N9B 17/108] n=8 corpus_median guillotine tau=10 sig=0.5 t=100 -> FEASIBLE first=0.1434 valid_at=0.2606 valid=True | 1.9 min
  [N9B 18/108] n=8 corpus_median guillotine tau=10 sig=0.5 t=100 -> FEASIBLE first=0.2004 valid_at=0.378 valid=True | 2.1 min
  [N9B 19/108] n=8 corpus_median pinwheel tau=0 sig=0.5 t=100 -> NO_PINWHEEL first=None valid_at=None valid=None | 2.1 min
  [N9B 20/108] n=8 corpus_median pinwheel tau=0 sig=0.5 t=100 -> NO_PINWHEEL first=None valid_at=None valid=None | 2.1 min
  [N9B 21/108] n=8 corpus_median pinwheel tau=0 sig=0.5 t=100 -> NO_PINWHEEL first=None valid_at=None valid=None | 2.1 min
  [N9B 22/108] n=8 corpus_median pinwheel tau=1 sig=0.5 t=100 -> NO_PINWHEEL first=None valid_at=None valid=None | 2.1 min
  [N9B 23/108] n=8 corpus_median pinwheel tau=1 sig=0.5 t=100 -> NO_PINWHEEL first=None valid_at=None valid=None | 2.1 min
  [N9B 24/108] n=8 corpus_median pinwheel tau=1 sig=0.5 t=100 -> NO_PINWHEEL first=None valid_at=None valid=None | 2.1 min
  [N9B 25/108] n=8 corpus_median pinwheel tau=2 sig=0.5 t=100 -> NO_PINWHEEL first=None valid_at=None valid=None | 2.1 min
  [N9B 26/108] n=8 corpus_median pinwheel tau=2 sig=0.5 t=100 -> NO_PINWHEEL first=None valid_at=None valid=None | 2.1 min
  [N9B 27/108] n=8 corpus_median pinwheel tau=2 sig=0.5 t=100 -> NO_PINWHEEL first=None valid_at=None valid=None | 2.1 min
  [N9B 28/108] n=8 corpus_median pinwheel tau=4 sig=0.5 t=100 -> NO_PINWHEEL first=None valid_at=None valid=None | 2.1 min
  [N9B 29/108] n=8 corpus_median pinwheel tau=4 sig=0.5 t=100 -> NO_PINWHEEL first=None valid_at=None valid=None | 2.1 min
  [N9B 30/108] n=8 corpus_median pinwheel tau=4 sig=0.5 t=100 -> NO_PINWHEEL first=None valid_at=None valid=None | 2.1 min
  [N9B 31/108] n=8 corpus_median pinwheel tau=6 sig=0.5 t=100 -> NO_PINWHEEL first=None valid_at=None valid=None | 2.1 min
  [N9B 32/108] n=8 corpus_median pinwheel tau=6 sig=0.5 t=100 -> NO_PINWHEEL first=None valid_at=None valid=None | 2.1 min
  [N9B 33/108] n=8 corpus_median pinwheel tau=6 sig=0.5 t=100 -> NO_PINWHEEL first=None valid_at=None valid=None | 2.1 min
  [N9B 34/108] n=8 corpus_median pinwheel tau=10 sig=0.5 t=100 -> NO_PINWHEEL first=None valid_at=None valid=None | 2.1 min
  [N9B 35/108] n=8 corpus_median pinwheel tau=10 sig=0.5 t=100 -> NO_PINWHEEL first=None valid_at=None valid=None | 2.1 min
  [N9B 36/108] n=8 corpus_median pinwheel tau=10 sig=0.5 t=100 -> NO_PINWHEEL first=None valid_at=None valid=None | 2.1 min
  [N9B 37/108] n=12 corpus_median guillotine tau=0 sig=0.5 t=100 -> INFEASIBLE first=None valid_at=None valid=None | 2.1 min
  [N9B 38/108] n=12 corpus_median guillotine tau=0 sig=0.5 t=100 -> FEASIBLE first=0.3103 valid_at=0.6088 valid=True | 2.4 min
  [N9B 39/108] n=12 corpus_median guillotine tau=0 sig=0.5 t=100 -> FEASIBLE first=0.2791 valid_at=0.4524 valid=True | 2.6 min
  [N9B 40/108] n=12 corpus_median guillotine tau=1 sig=0.5 t=100 -> FEASIBLE first=0.3874 valid_at=2.5614 valid=True | 2.9 min
  [N9B 41/108] n=12 corpus_median guillotine tau=1 sig=0.5 t=100 -> FEASIBLE first=0.4826 valid_at=1.7734 valid=True | 3.1 min
  [N9B 42/108] n=12 corpus_median guillotine tau=1 sig=0.5 t=100 -> FEASIBLE first=0.2762 valid_at=1.3133 valid=True | 3.4 min
  [N9B 43/108] n=12 corpus_median guillotine tau=2 sig=0.5 t=100 -> FEASIBLE first=0.4369 valid_at=1.7527 valid=True | 3.6 min
  [N9B 44/108] n=12 corpus_median guillotine tau=2 sig=0.5 t=100 -> FEASIBLE first=0.4508 valid_at=2.1205 valid=True | 3.9 min
  [N9B 45/108] n=12 corpus_median guillotine tau=2 sig=0.5 t=100 -> FEASIBLE first=0.3073 valid_at=0.5905 valid=True | 4.1 min
  [N9B 46/108] n=12 corpus_median guillotine tau=4 sig=0.5 t=100 -> FEASIBLE first=0.4067 valid_at=1.4668 valid=True | 4.4 min
  [N9B 47/108] n=12 corpus_median guillotine tau=4 sig=0.5 t=100 -> FEASIBLE first=0.3583 valid_at=2.2198 valid=True | 4.6 min
  [N9B 48/108] n=12 corpus_median guillotine tau=4 sig=0.5 t=100 -> FEASIBLE first=0.318 valid_at=0.8069 valid=True | 4.9 min
  [N9B 49/108] n=12 corpus_median guillotine tau=6 sig=0.5 t=100 -> FEASIBLE first=0.4372 valid_at=2.0904 valid=True | 5.1 min
  [N9B 50/108] n=12 corpus_median guillotine tau=6 sig=0.5 t=100 -> FEASIBLE first=0.4475 valid_at=2.8173 valid=True | 5.4 min
  [N9B 51/108] n=12 corpus_median guillotine tau=6 sig=0.5 t=100 -> FEASIBLE first=0.391 valid_at=0.6584 valid=True | 5.6 min
  [N9B 52/108] n=12 corpus_median guillotine tau=10 sig=0.5 t=100 -> FEASIBLE first=0.5946 valid_at=10.2577 valid=True | 5.9 min
  [N9B 53/108] n=12 corpus_median guillotine tau=10 sig=0.5 t=100 -> FEASIBLE first=0.3796 valid_at=4.6431 valid=True | 6.1 min
  [N9B 54/108] n=12 corpus_median guillotine tau=10 sig=0.5 t=100 -> FEASIBLE first=0.3815 valid_at=1.7964 valid=True | 6.4 min
  [N9B 55/108] n=12 corpus_median pinwheel tau=0 sig=0.5 t=100 -> FEASIBLE first=0.307 valid_at=0.4462 valid=True | 6.7 min
  [N9B 56/108] n=12 corpus_median pinwheel tau=0 sig=0.5 t=100 -> FEASIBLE first=0.2978 valid_at=1.8122 valid=True | 6.9 min
  [N9B 57/108] n=12 corpus_median pinwheel tau=0 sig=0.5 t=100 -> FEASIBLE first=0.3092 valid_at=1.8772 valid=True | 7.2 min
  [N9B 58/108] n=12 corpus_median pinwheel tau=1 sig=0.5 t=100 -> FEASIBLE first=0.3114 valid_at=0.6695 valid=True | 7.4 min
  [N9B 59/108] n=12 corpus_median pinwheel tau=1 sig=0.5 t=100 -> FEASIBLE first=0.3872 valid_at=1.1579 valid=True | 7.7 min
  [N9B 60/108] n=12 corpus_median pinwheel tau=1 sig=0.5 t=100 -> FEASIBLE first=0.3336 valid_at=4.2405 valid=True | 7.9 min
  [N9B 61/108] n=12 corpus_median pinwheel tau=2 sig=0.5 t=100 -> FEASIBLE first=0.3015 valid_at=2.6548 valid=True | 8.2 min
  [N9B 62/108] n=12 corpus_median pinwheel tau=2 sig=0.5 t=100 -> FEASIBLE first=0.4637 valid_at=1.8489 valid=True | 8.4 min
  [N9B 63/108] n=12 corpus_median pinwheel tau=2 sig=0.5 t=100 -> FEASIBLE first=0.324 valid_at=2.4444 valid=True | 8.7 min
  [N9B 64/108] n=12 corpus_median pinwheel tau=4 sig=0.5 t=100 -> FEASIBLE first=0.3919 valid_at=0.4379 valid=True | 8.9 min
  [N9B 65/108] n=12 corpus_median pinwheel tau=4 sig=0.5 t=100 -> FEASIBLE first=0.3984 valid_at=3.2449 valid=True | 9.2 min
  [N9B 66/108] n=12 corpus_median pinwheel tau=4 sig=0.5 t=100 -> FEASIBLE first=0.3183 valid_at=3.6784 valid=True | 9.4 min
  [N9B 67/108] n=12 corpus_median pinwheel tau=6 sig=0.5 t=100 -> FEASIBLE first=0.5267 valid_at=0.7082 valid=True | 9.7 min
  [N9B 68/108] n=12 corpus_median pinwheel tau=6 sig=0.5 t=100 -> FEASIBLE first=0.4647 valid_at=1.524 valid=True | 9.9 min
  [N9B 69/108] n=12 corpus_median pinwheel tau=6 sig=0.5 t=100 -> FEASIBLE first=0.3463 valid_at=1.0213 valid=True | 10.2 min
  [N9B 70/108] n=12 corpus_median pinwheel tau=10 sig=0.5 t=100 -> FEASIBLE first=0.7885 valid_at=3.6264 valid=True | 10.4 min
  [N9B 71/108] n=12 corpus_median pinwheel tau=10 sig=0.5 t=100 -> FEASIBLE first=0.5436 valid_at=2.6323 valid=True | 10.7 min
  [N9B 72/108] n=12 corpus_median pinwheel tau=10 sig=0.5 t=100 -> FEASIBLE first=0.3957 valid_at=4.0639 valid=True | 10.9 min
  [N9B 73/108] n=24 corpus_median guillotine tau=0 sig=0.5 t=100 -> FEASIBLE first=3.3321 valid_at=None valid=False | 11.2 min
  [N9B 74/108] n=24 corpus_median guillotine tau=0 sig=0.5 t=100 -> FEASIBLE first=2.977 valid_at=12.3617 valid=True | 11.4 min
  [N9B 75/108] n=24 corpus_median guillotine tau=0 sig=0.5 t=100 -> FEASIBLE first=2.4963 valid_at=4.1672 valid=True | 11.7 min
  [N9B 76/108] n=24 corpus_median guillotine tau=1 sig=0.5 t=100 -> FEASIBLE first=3.4776 valid_at=None valid=False | 12.0 min
  [N9B 77/108] n=24 corpus_median guillotine tau=1 sig=0.5 t=100 -> FEASIBLE first=3.5057 valid_at=None valid=False | 12.2 min
  [N9B 78/108] n=24 corpus_median guillotine tau=1 sig=0.5 t=100 -> FEASIBLE first=3.7449 valid_at=10.5378 valid=True | 12.5 min
  [N9B 79/108] n=24 corpus_median guillotine tau=2 sig=0.5 t=100 -> FEASIBLE first=3.8041 valid_at=9.16 valid=True | 12.7 min
  [N9B 80/108] n=24 corpus_median guillotine tau=2 sig=0.5 t=100 -> FEASIBLE first=3.2553 valid_at=None valid=False | 13.0 min
  [N9B 81/108] n=24 corpus_median guillotine tau=2 sig=0.5 t=100 -> FEASIBLE first=2.9047 valid_at=None valid=False | 13.2 min
  [N9B 82/108] n=24 corpus_median guillotine tau=4 sig=0.5 t=100 -> FEASIBLE first=6.4092 valid_at=None valid=False | 13.5 min
  [N9B 83/108] n=24 corpus_median guillotine tau=4 sig=0.5 t=100 -> FEASIBLE first=5.4959 valid_at=None valid=False | 13.7 min
  [N9B 84/108] n=24 corpus_median guillotine tau=4 sig=0.5 t=100 -> FEASIBLE first=3.0427 valid_at=11.9873 valid=True | 14.0 min
  [N9B 85/108] n=24 corpus_median guillotine tau=6 sig=0.5 t=100 -> FEASIBLE first=6.134 valid_at=None valid=False | 14.3 min
  [N9B 86/108] n=24 corpus_median guillotine tau=6 sig=0.5 t=100 -> FEASIBLE first=6.1168 valid_at=None valid=False | 14.5 min
  [N9B 87/108] n=24 corpus_median guillotine tau=6 sig=0.5 t=100 -> FEASIBLE first=10.1829 valid_at=None valid=False | 14.8 min
  [N9B 88/108] n=24 corpus_median guillotine tau=10 sig=0.5 t=100 -> FEASIBLE first=5.8594 valid_at=14.9983 valid=True | 15.0 min
  [N9B 89/108] n=24 corpus_median guillotine tau=10 sig=0.5 t=100 -> FEASIBLE first=6.0543 valid_at=None valid=False | 15.3 min
  [N9B 90/108] n=24 corpus_median guillotine tau=10 sig=0.5 t=100 -> FEASIBLE first=8.7106 valid_at=None valid=False | 15.5 min
  [N9B 91/108] n=24 corpus_median pinwheel tau=0 sig=0.5 t=100 -> FEASIBLE first=6.3314 valid_at=None valid=False | 15.8 min
  [N9B 92/108] n=24 corpus_median pinwheel tau=0 sig=0.5 t=100 -> FEASIBLE first=3.4146 valid_at=None valid=False | 16.1 min
  [N9B 93/108] n=24 corpus_median pinwheel tau=0 sig=0.5 t=100 -> FEASIBLE first=2.5926 valid_at=None valid=False | 16.3 min
  [N9B 94/108] n=24 corpus_median pinwheel tau=1 sig=0.5 t=100 -> FEASIBLE first=5.3067 valid_at=None valid=False | 16.6 min
  [N9B 95/108] n=24 corpus_median pinwheel tau=1 sig=0.5 t=100 -> FEASIBLE first=3.8341 valid_at=None valid=False | 16.8 min
  [N9B 96/108] n=24 corpus_median pinwheel tau=1 sig=0.5 t=100 -> FEASIBLE first=2.7734 valid_at=None valid=False | 17.1 min
  [N9B 97/108] n=24 corpus_median pinwheel tau=2 sig=0.5 t=100 -> FEASIBLE first=6.1971 valid_at=None valid=False | 17.3 min
  [N9B 98/108] n=24 corpus_median pinwheel tau=2 sig=0.5 t=100 -> FEASIBLE first=4.3743 valid_at=10.4506 valid=True | 17.6 min
  [N9B 99/108] n=24 corpus_median pinwheel tau=2 sig=0.5 t=100 -> FEASIBLE first=3.0287 valid_at=None valid=False | 17.8 min
  [N9B 100/108] n=24 corpus_median pinwheel tau=4 sig=0.5 t=100 -> FEASIBLE first=11.4986 valid_at=None valid=False | 18.1 min
  [N9B 101/108] n=24 corpus_median pinwheel tau=4 sig=0.5 t=100 -> FEASIBLE first=5.7966 valid_at=None valid=False | 18.3 min
  [N9B 102/108] n=24 corpus_median pinwheel tau=4 sig=0.5 t=100 -> FEASIBLE first=3.1664 valid_at=None valid=False | 18.6 min
  [N9B 103/108] n=24 corpus_median pinwheel tau=6 sig=0.5 t=100 -> FEASIBLE first=8.251 valid_at=None valid=False | 18.9 min
  [N9B 104/108] n=24 corpus_median pinwheel tau=6 sig=0.5 t=100 -> FEASIBLE first=6.2002 valid_at=None valid=False | 19.1 min
  [N9B 105/108] n=24 corpus_median pinwheel tau=6 sig=0.5 t=100 -> FEASIBLE first=3.9616 valid_at=None valid=False | 19.4 min
  [N9B 106/108] n=24 corpus_median pinwheel tau=10 sig=0.5 t=100 -> FEASIBLE first=5.4283 valid_at=None valid=False | 19.6 min
  [N9B 107/108] n=24 corpus_median pinwheel tau=10 sig=0.5 t=100 -> FEASIBLE first=11.9996 valid_at=None valid=False | 19.9 min
  [N9B 108/108] n=24 corpus_median pinwheel tau=10 sig=0.5 t=100 -> FEASIBLE first=3.5588 valid_at=None valid=False | 20.1 min
[N9B] done in 20.1 min
[N9C] 80 rows, 0 done, 80 to run -> C:\Users\tng\g2p\bim-wf-29\experiments\solver-toy\results\N9C.jsonl
  [N9C 1/80] n=8 corpus_median guillotine tau=4 sig=0.0 t=100 -> OPTIMAL first=0.1196 valid_at=0.1196 valid=True | 0.0 min
  [N9C 2/80] n=8 corpus_median guillotine tau=4 sig=0.0 t=100 -> OPTIMAL first=0.1191 valid_at=0.1191 valid=True | 0.0 min
  [N9C 3/80] n=8 corpus_median guillotine tau=4 sig=0.0 t=100 -> OPTIMAL first=0.1246 valid_at=0.1246 valid=True | 0.0 min
  [N9C 4/80] n=8 corpus_median guillotine tau=4 sig=0.0 t=100 -> OPTIMAL first=0.1118 valid_at=0.1118 valid=True | 0.0 min
  [N9C 5/80] n=8 corpus_median guillotine tau=4 sig=0.25 t=100 -> OPTIMAL first=0.1271 valid_at=0.237 valid=True | 0.0 min
  [N9C 6/80] n=8 corpus_median guillotine tau=4 sig=0.25 t=100 -> OPTIMAL first=0.1247 valid_at=0.1611 valid=True | 0.0 min
  [N9C 7/80] n=8 corpus_median guillotine tau=4 sig=0.25 t=100 -> OPTIMAL first=0.124 valid_at=1.1397 valid=True | 0.1 min
  [N9C 8/80] n=8 corpus_median guillotine tau=4 sig=0.25 t=100 -> OPTIMAL first=0.1108 valid_at=0.1828 valid=True | 0.1 min
  [N9C 9/80] n=8 corpus_median guillotine tau=4 sig=0.5 t=100 -> OPTIMAL first=0.127 valid_at=0.239 valid=True | 0.1 min
  [N9C 10/80] n=8 corpus_median guillotine tau=4 sig=0.5 t=100 -> OPTIMAL first=0.1368 valid_at=0.2197 valid=True | 0.3 min
  [N9C 11/80] n=8 corpus_median guillotine tau=4 sig=0.5 t=100 -> FEASIBLE first=0.1485 valid_at=0.3229 valid=True | 0.5 min
  [N9C 12/80] n=8 corpus_median guillotine tau=4 sig=0.5 t=100 -> OPTIMAL first=0.1015 valid_at=0.3267 valid=True | 0.6 min
  [N9C 13/80] n=8 corpus_median guillotine tau=4 sig=1.0 t=100 -> OPTIMAL first=0.1175 valid_at=0.1423 valid=True | 0.6 min
  [N9C 14/80] n=8 corpus_median guillotine tau=4 sig=1.0 t=100 -> OPTIMAL first=0.0474 valid_at=None valid=False | 0.6 min
  [N9C 15/80] n=8 corpus_median guillotine tau=4 sig=1.0 t=100 -> FEASIBLE first=0.1514 valid_at=0.7214 valid=True | 0.8 min
  [N9C 16/80] n=8 corpus_median guillotine tau=4 sig=1.0 t=100 -> OPTIMAL first=0.1497 valid_at=0.1497 valid=True | 0.9 min
  [N9C 17/80] n=8 corpus_median guillotine tau=4 sig=2.0 t=100 -> INFEASIBLE first=None valid_at=None valid=None | 0.9 min
  [N9C 18/80] n=8 corpus_median guillotine tau=4 sig=2.0 t=100 -> OPTIMAL first=0.1411 valid_at=0.1959 valid=True | 0.9 min
  [N9C 19/80] n=8 corpus_median guillotine tau=4 sig=2.0 t=100 -> OPTIMAL first=0.1626 valid_at=0.1681 valid=True | 1.2 min
  [N9C 20/80] n=8 corpus_median guillotine tau=4 sig=2.0 t=100 -> INFEASIBLE first=None valid_at=None valid=None | 1.2 min
  [N9C 21/80] n=8 corpus_median pinwheel tau=4 sig=0.0 t=100 -> NO_PINWHEEL first=None valid_at=None valid=None | 1.2 min
  [N9C 22/80] n=8 corpus_median pinwheel tau=4 sig=0.0 t=100 -> NO_PINWHEEL first=None valid_at=None valid=None | 1.2 min
  [N9C 23/80] n=8 corpus_median pinwheel tau=4 sig=0.0 t=100 -> NO_PINWHEEL first=None valid_at=None valid=None | 1.2 min
  [N9C 24/80] n=8 corpus_median pinwheel tau=4 sig=0.0 t=100 -> NO_PINWHEEL first=None valid_at=None valid=None | 1.2 min
  [N9C 25/80] n=8 corpus_median pinwheel tau=4 sig=0.25 t=100 -> NO_PINWHEEL first=None valid_at=None valid=None | 1.3 min
  [N9C 26/80] n=8 corpus_median pinwheel tau=4 sig=0.25 t=100 -> NO_PINWHEEL first=None valid_at=None valid=None | 1.3 min
  [N9C 27/80] n=8 corpus_median pinwheel tau=4 sig=0.25 t=100 -> NO_PINWHEEL first=None valid_at=None valid=None | 1.3 min
  [N9C 28/80] n=8 corpus_median pinwheel tau=4 sig=0.25 t=100 -> NO_PINWHEEL first=None valid_at=None valid=None | 1.3 min
  [N9C 29/80] n=8 corpus_median pinwheel tau=4 sig=0.5 t=100 -> NO_PINWHEEL first=None valid_at=None valid=None | 1.3 min
  [N9C 30/80] n=8 corpus_median pinwheel tau=4 sig=0.5 t=100 -> NO_PINWHEEL first=None valid_at=None valid=None | 1.3 min
  [N9C 31/80] n=8 corpus_median pinwheel tau=4 sig=0.5 t=100 -> NO_PINWHEEL first=None valid_at=None valid=None | 1.3 min
  [N9C 32/80] n=8 corpus_median pinwheel tau=4 sig=0.5 t=100 -> NO_PINWHEEL first=None valid_at=None valid=None | 1.3 min
  [N9C 33/80] n=8 corpus_median pinwheel tau=4 sig=1.0 t=100 -> NO_PINWHEEL first=None valid_at=None valid=None | 1.4 min
  [N9C 34/80] n=8 corpus_median pinwheel tau=4 sig=1.0 t=100 -> NO_PINWHEEL first=None valid_at=None valid=None | 1.4 min
  [N9C 35/80] n=8 corpus_median pinwheel tau=4 sig=1.0 t=100 -> NO_PINWHEEL first=None valid_at=None valid=None | 1.4 min
  [N9C 36/80] n=8 corpus_median pinwheel tau=4 sig=1.0 t=100 -> NO_PINWHEEL first=None valid_at=None valid=None | 1.4 min
  [N9C 37/80] n=8 corpus_median pinwheel tau=4 sig=2.0 t=100 -> NO_PINWHEEL first=None valid_at=None valid=None | 1.4 min
  [N9C 38/80] n=8 corpus_median pinwheel tau=4 sig=2.0 t=100 -> NO_PINWHEEL first=None valid_at=None valid=None | 1.5 min
  [N9C 39/80] n=8 corpus_median pinwheel tau=4 sig=2.0 t=100 -> NO_PINWHEEL first=None valid_at=None valid=None | 1.5 min
  [N9C 40/80] n=8 corpus_median pinwheel tau=4 sig=2.0 t=100 -> NO_PINWHEEL first=None valid_at=None valid=None | 1.5 min
  [N9C 41/80] n=24 corpus_median guillotine tau=4 sig=0.0 t=100 -> OPTIMAL first=3.848 valid_at=10.7191 valid=True | 1.8 min
  [N9C 42/80] n=24 corpus_median guillotine tau=4 sig=0.0 t=100 -> OPTIMAL first=4.7956 valid_at=4.7956 valid=True | 1.9 min
  [N9C 43/80] n=24 corpus_median guillotine tau=4 sig=0.0 t=100 -> OPTIMAL first=3.6621 valid_at=3.8463 valid=True | 1.9 min
  [N9C 44/80] n=24 corpus_median guillotine tau=4 sig=0.0 t=100 -> FEASIBLE first=5.9423 valid_at=12.9842 valid=True | 2.2 min
  [N9C 45/80] n=24 corpus_median guillotine tau=4 sig=0.25 t=100 -> FEASIBLE first=4.1218 valid_at=14.0531 valid=True | 2.4 min
  [N9C 46/80] n=24 corpus_median guillotine tau=4 sig=0.25 t=100 -> FEASIBLE first=6.8609 valid_at=None valid=False | 2.7 min
  [N9C 47/80] n=24 corpus_median guillotine tau=4 sig=0.25 t=100 -> FEASIBLE first=3.9651 valid_at=14.4691 valid=True | 3.0 min
  [N9C 48/80] n=24 corpus_median guillotine tau=4 sig=0.25 t=100 -> FEASIBLE first=4.945 valid_at=None valid=False | 3.2 min
  [N9C 49/80] n=24 corpus_median guillotine tau=4 sig=0.5 t=100 -> FEASIBLE first=6.3529 valid_at=None valid=False | 3.5 min
  [N9C 50/80] n=24 corpus_median guillotine tau=4 sig=0.5 t=100 -> FEASIBLE first=5.7383 valid_at=None valid=False | 3.7 min
  [N9C 51/80] n=24 corpus_median guillotine tau=4 sig=0.5 t=100 -> FEASIBLE first=3.0648 valid_at=None valid=False | 4.0 min
  [N9C 52/80] n=24 corpus_median guillotine tau=4 sig=0.5 t=100 -> INFEASIBLE first=None valid_at=None valid=None | 4.0 min
  [N9C 53/80] n=24 corpus_median guillotine tau=4 sig=1.0 t=100 -> FEASIBLE first=3.874 valid_at=None valid=False | 4.3 min
  [N9C 54/80] n=24 corpus_median guillotine tau=4 sig=1.0 t=100 -> FEASIBLE first=3.3224 valid_at=None valid=False | 4.5 min
  [N9C 55/80] n=24 corpus_median guillotine tau=4 sig=1.0 t=100 -> INFEASIBLE first=None valid_at=None valid=None | 4.5 min
  [N9C 56/80] n=24 corpus_median guillotine tau=4 sig=1.0 t=100 -> INFEASIBLE first=None valid_at=None valid=None | 4.5 min
  [N9C 57/80] n=24 corpus_median guillotine tau=4 sig=2.0 t=100 -> INFEASIBLE first=None valid_at=None valid=None | 4.6 min
  [N9C 58/80] n=24 corpus_median guillotine tau=4 sig=2.0 t=100 -> INFEASIBLE first=None valid_at=None valid=None | 4.6 min
  [N9C 59/80] n=24 corpus_median guillotine tau=4 sig=2.0 t=100 -> INFEASIBLE first=None valid_at=None valid=None | 4.6 min
  [N9C 60/80] n=24 corpus_median guillotine tau=4 sig=2.0 t=100 -> INFEASIBLE first=None valid_at=None valid=None | 4.6 min
  [N9C 61/80] n=24 corpus_median pinwheel tau=4 sig=0.0 t=100 -> OPTIMAL first=4.6442 valid_at=5.7277 valid=True | 4.8 min
  [N9C 62/80] n=24 corpus_median pinwheel tau=4 sig=0.0 t=100 -> OPTIMAL first=3.0324 valid_at=3.0324 valid=True | 4.8 min
  [N9C 63/80] n=24 corpus_median pinwheel tau=4 sig=0.0 t=100 -> OPTIMAL first=2.0961 valid_at=5.6271 valid=True | 4.9 min
  [N9C 64/80] n=24 corpus_median pinwheel tau=4 sig=0.0 t=100 -> OPTIMAL first=3.3714 valid_at=3.3714 valid=True | 5.0 min
  [N9C 65/80] n=24 corpus_median pinwheel tau=4 sig=0.25 t=100 -> FEASIBLE first=5.2144 valid_at=None valid=False | 5.3 min
  [N9C 66/80] n=24 corpus_median pinwheel tau=4 sig=0.25 t=100 -> FEASIBLE first=3.8653 valid_at=10.2905 valid=True | 5.5 min
  [N9C 67/80] n=24 corpus_median pinwheel tau=4 sig=0.25 t=100 -> FEASIBLE first=2.2259 valid_at=None valid=False | 5.8 min
  [N9C 68/80] n=24 corpus_median pinwheel tau=4 sig=0.25 t=100 -> FEASIBLE first=3.68 valid_at=None valid=False | 6.0 min
  [N9C 69/80] n=24 corpus_median pinwheel tau=4 sig=0.5 t=100 -> FEASIBLE first=6.7624 valid_at=None valid=False | 6.3 min
  [N9C 70/80] n=24 corpus_median pinwheel tau=4 sig=0.5 t=100 -> FEASIBLE first=6.9476 valid_at=None valid=False | 6.6 min
  [N9C 71/80] n=24 corpus_median pinwheel tau=4 sig=0.5 t=100 -> FEASIBLE first=3.4866 valid_at=None valid=False | 6.8 min
  [N9C 72/80] n=24 corpus_median pinwheel tau=4 sig=0.5 t=100 -> FEASIBLE first=6.1355 valid_at=None valid=False | 7.1 min
  [N9C 73/80] n=24 corpus_median pinwheel tau=4 sig=1.0 t=100 -> FEASIBLE first=5.9965 valid_at=None valid=False | 7.3 min
  [N9C 74/80] n=24 corpus_median pinwheel tau=4 sig=1.0 t=100 -> FEASIBLE first=4.2331 valid_at=None valid=False | 7.6 min
  [N9C 75/80] n=24 corpus_median pinwheel tau=4 sig=1.0 t=100 -> FEASIBLE first=5.5272 valid_at=None valid=False | 7.8 min
  [N9C 76/80] n=24 corpus_median pinwheel tau=4 sig=1.0 t=100 -> FEASIBLE first=7.2587 valid_at=None valid=False | 8.1 min
  [N9C 77/80] n=24 corpus_median pinwheel tau=4 sig=2.0 t=100 -> INFEASIBLE first=None valid_at=None valid=None | 8.1 min
  [N9C 78/80] n=24 corpus_median pinwheel tau=4 sig=2.0 t=100 -> INFEASIBLE first=None valid_at=None valid=None | 8.1 min
  [N9C 79/80] n=24 corpus_median pinwheel tau=4 sig=2.0 t=100 -> INFEASIBLE first=None valid_at=None valid=None | 8.2 min
  [N9C 80/80] n=24 corpus_median pinwheel tau=4 sig=2.0 t=100 -> INFEASIBLE first=None valid_at=None valid=None | 8.2 min
[N9C] done in 8.2 min
[N9D] 32 rows, 0 done, 32 to run -> C:\Users\tng\g2p\bim-wf-29\experiments\solver-toy\results\N9D.jsonl
  [N9D 1/32] n=20 detached guillotine tau=4 sig=0.5 t=100 -> FEASIBLE first=5.6902 valid_at=12.992 valid=True | 0.5 min
  [N9D 2/32] n=20 detached guillotine tau=4 sig=0.5 t=100 -> FEASIBLE first=3.3682 valid_at=None valid=False | 1.0 min
  [N9D 3/32] n=20 detached guillotine tau=4 sig=0.5 t=100 -> FEASIBLE first=1.4237 valid_at=10.6212 valid=True | 1.5 min
  [N9D 4/32] n=20 detached guillotine tau=4 sig=0.5 t=100 -> FEASIBLE first=2.5643 valid_at=None valid=False | 2.0 min
  [N9D 5/32] n=20 detached pinwheel tau=4 sig=0.5 t=100 -> FEASIBLE first=9.1383 valid_at=15.693 valid=True | 2.5 min
  [N9D 6/32] n=20 detached pinwheel tau=4 sig=0.5 t=100 -> FEASIBLE first=3.5032 valid_at=15.6354 valid=True | 3.0 min
  [N9D 7/32] n=20 detached pinwheel tau=4 sig=0.5 t=100 -> FEASIBLE first=1.8862 valid_at=3.1892 valid=True | 3.6 min
  [N9D 8/32] n=20 detached pinwheel tau=4 sig=0.5 t=100 -> FEASIBLE first=2.6222 valid_at=7.0201 valid=True | 4.1 min
  [N9D 9/32] n=20 corpus_median guillotine tau=4 sig=0.5 t=100 -> FEASIBLE first=3.0084 valid_at=None valid=False | 4.6 min
  [N9D 10/32] n=20 corpus_median guillotine tau=4 sig=0.5 t=100 -> FEASIBLE first=1.7977 valid_at=14.2069 valid=True | 5.1 min
  [N9D 11/32] n=20 corpus_median guillotine tau=4 sig=0.5 t=100 -> FEASIBLE first=1.6413 valid_at=11.5593 valid=True | 5.6 min
  [N9D 12/32] n=20 corpus_median guillotine tau=4 sig=0.5 t=100 -> FEASIBLE first=3.0086 valid_at=10.4291 valid=True | 6.1 min
  [N9D 13/32] n=20 corpus_median pinwheel tau=4 sig=0.5 t=100 -> FEASIBLE first=2.6126 valid_at=10.8515 valid=True | 6.6 min
  [N9D 14/32] n=20 corpus_median pinwheel tau=4 sig=0.5 t=100 -> FEASIBLE first=2.2232 valid_at=11.8372 valid=True | 7.1 min
  [N9D 15/32] n=20 corpus_median pinwheel tau=4 sig=0.5 t=100 -> FEASIBLE first=1.9832 valid_at=26.0991 valid=True | 7.6 min
  [N9D 16/32] n=20 corpus_median pinwheel tau=4 sig=0.5 t=100 -> FEASIBLE first=2.5095 valid_at=8.5441 valid=True | 8.1 min
  [N9D 17/32] n=24 detached guillotine tau=4 sig=0.5 t=100 -> FEASIBLE first=4.7717 valid_at=18.9444 valid=True | 8.6 min
  [N9D 18/32] n=24 detached guillotine tau=4 sig=0.5 t=100 -> FEASIBLE first=4.9338 valid_at=23.9063 valid=True | 9.1 min
  [N9D 19/32] n=24 detached guillotine tau=4 sig=0.5 t=100 -> FEASIBLE first=2.5938 valid_at=11.6301 valid=True | 9.6 min
  [N9D 20/32] n=24 detached guillotine tau=4 sig=0.5 t=100 -> FEASIBLE first=10.6343 valid_at=22.7014 valid=True | 10.2 min
  [N9D 21/32] n=24 detached pinwheel tau=4 sig=0.5 t=100 -> FEASIBLE first=2.9921 valid_at=28.8027 valid=True | 10.7 min
  [N9D 22/32] n=24 detached pinwheel tau=4 sig=0.5 t=100 -> FEASIBLE first=17.8766 valid_at=None valid=False | 11.2 min
  [N9D 23/32] n=24 detached pinwheel tau=4 sig=0.5 t=100 -> FEASIBLE first=5.3126 valid_at=None valid=False | 11.7 min
  [N9D 24/32] n=24 detached pinwheel tau=4 sig=0.5 t=100 -> FEASIBLE first=9.0148 valid_at=None valid=False | 12.2 min
  [N9D 25/32] n=24 corpus_median guillotine tau=4 sig=0.5 t=100 -> FEASIBLE first=7.0707 valid_at=None valid=False | 12.7 min
  [N9D 26/32] n=24 corpus_median guillotine tau=4 sig=0.5 t=100 -> FEASIBLE first=6.1092 valid_at=16.1083 valid=True | 13.2 min
  [N9D 27/32] n=24 corpus_median guillotine tau=4 sig=0.5 t=100 -> FEASIBLE first=3.8351 valid_at=17.9155 valid=True | 13.7 min
  [N9D 28/32] n=24 corpus_median guillotine tau=4 sig=0.5 t=100 -> INFEASIBLE first=None valid_at=None valid=None | 13.7 min
  [N9D 29/32] n=24 corpus_median pinwheel tau=4 sig=0.5 t=100 -> FEASIBLE first=12.3727 valid_at=None valid=False | 14.3 min
  [N9D 30/32] n=24 corpus_median pinwheel tau=4 sig=0.5 t=100 -> FEASIBLE first=10.4637 valid_at=None valid=False | 14.8 min
  [N9D 31/32] n=24 corpus_median pinwheel tau=4 sig=0.5 t=100 -> FEASIBLE first=4.2064 valid_at=14.0211 valid=True | 15.3 min
  [N9D 32/32] n=24 corpus_median pinwheel tau=4 sig=0.5 t=100 -> FEASIBLE first=7.466 valid_at=None valid=False | 15.8 min
[N9D] done in 15.8 min
[N9E] 96 rows, 0 done, 96 to run -> C:\Users\tng\g2p\bim-wf-29\experiments\solver-toy\results\N9E.jsonl
  [N9E 1/96] n=10 corpus_median guillotine tau=4 sig=0.25 t=100 -> OPTIMAL first=0.1461 valid_at=0.1514 valid=True | 0.1 min
  [N9E 2/96] n=10 corpus_median guillotine tau=4 sig=0.25 t=100 -> OPTIMAL first=0.2406 valid_at=1.6844 valid=True | 0.2 min
  [N9E 3/96] n=10 corpus_median guillotine tau=4 sig=0.25 t=100 -> OPTIMAL first=0.1963 valid_at=0.3251 valid=True | 0.2 min
  [N9E 4/96] n=10 corpus_median guillotine tau=4 sig=0.25 t=100 -> FEASIBLE first=0.2597 valid_at=0.3197 valid=True | 0.5 min
  [N9E 5/96] n=10 corpus_median guillotine tau=4 sig=0.5 t=100 -> FEASIBLE first=0.1937 valid_at=0.641 valid=True | 0.7 min
  [N9E 6/96] n=10 corpus_median guillotine tau=4 sig=0.5 t=100 -> FEASIBLE first=0.2221 valid_at=1.2309 valid=True | 1.0 min
  [N9E 7/96] n=10 corpus_median guillotine tau=4 sig=0.5 t=100 -> FEASIBLE first=0.4226 valid_at=0.7816 valid=True | 1.3 min
  [N9E 8/96] n=10 corpus_median guillotine tau=4 sig=0.5 t=100 -> FEASIBLE first=0.3052 valid_at=1.1044 valid=True | 1.5 min
  [N9E 9/96] n=10 corpus_median guillotine tau=4 sig=1.0 t=100 -> INFEASIBLE first=None valid_at=None valid=None | 1.5 min
  [N9E 10/96] n=10 corpus_median guillotine tau=4 sig=1.0 t=100 -> FEASIBLE first=0.4583 valid_at=5.7664 valid=True | 1.8 min
  [N9E 11/96] n=10 corpus_median guillotine tau=4 sig=1.0 t=100 -> FEASIBLE first=0.2775 valid_at=0.4698 valid=True | 2.0 min
  [N9E 12/96] n=10 corpus_median guillotine tau=4 sig=1.0 t=100 -> FEASIBLE first=0.6172 valid_at=2.117 valid=True | 2.3 min
  [N9E 13/96] n=10 corpus_median guillotine tau=4 sig=2.0 t=100 -> INFEASIBLE first=None valid_at=None valid=None | 2.3 min
  [N9E 14/96] n=10 corpus_median guillotine tau=4 sig=2.0 t=100 -> INFEASIBLE first=None valid_at=None valid=None | 2.3 min
  [N9E 15/96] n=10 corpus_median guillotine tau=4 sig=2.0 t=100 -> INFEASIBLE first=None valid_at=None valid=None | 2.3 min
  [N9E 16/96] n=10 corpus_median guillotine tau=4 sig=2.0 t=100 -> INFEASIBLE first=None valid_at=None valid=None | 2.3 min
  [N9E 17/96] n=10 corpus_median pinwheel tau=4 sig=0.25 t=100 -> OPTIMAL first=0.2204 valid_at=0.3163 valid=True | 2.4 min
  [N9E 18/96] n=10 corpus_median pinwheel tau=4 sig=0.25 t=100 -> FEASIBLE first=0.3229 valid_at=1.503 valid=True | 2.6 min
  [N9E 19/96] n=10 corpus_median pinwheel tau=4 sig=0.25 t=100 -> OPTIMAL first=0.2473 valid_at=0.3062 valid=True | 2.6 min
  [N9E 20/96] n=10 corpus_median pinwheel tau=4 sig=0.25 t=100 -> OPTIMAL first=0.2172 valid_at=0.3812 valid=True | 2.8 min
  [N9E 21/96] n=10 corpus_median pinwheel tau=4 sig=0.5 t=100 -> FEASIBLE first=0.3676 valid_at=2.1576 valid=True | 3.1 min
  [N9E 22/96] n=10 corpus_median pinwheel tau=4 sig=0.5 t=100 -> FEASIBLE first=0.3006 valid_at=0.5868 valid=True | 3.3 min
  [N9E 23/96] n=10 corpus_median pinwheel tau=4 sig=0.5 t=100 -> OPTIMAL first=0.2436 valid_at=1.4844 valid=True | 3.6 min
  [N9E 24/96] n=10 corpus_median pinwheel tau=4 sig=0.5 t=100 -> FEASIBLE first=0.214 valid_at=0.2555 valid=True | 3.9 min
  [N9E 25/96] n=10 corpus_median pinwheel tau=4 sig=1.0 t=100 -> FEASIBLE first=0.2823 valid_at=0.3752 valid=True | 4.1 min
  [N9E 26/96] n=10 corpus_median pinwheel tau=4 sig=1.0 t=100 -> FEASIBLE first=0.2195 valid_at=None valid=False | 4.4 min
  [N9E 27/96] n=10 corpus_median pinwheel tau=4 sig=1.0 t=100 -> FEASIBLE first=0.2602 valid_at=2.1676 valid=True | 4.6 min
  [N9E 28/96] n=10 corpus_median pinwheel tau=4 sig=1.0 t=100 -> INFEASIBLE first=None valid_at=None valid=None | 4.6 min
  [N9E 29/96] n=10 corpus_median pinwheel tau=4 sig=2.0 t=100 -> INFEASIBLE first=None valid_at=None valid=None | 4.7 min
  [N9E 30/96] n=10 corpus_median pinwheel tau=4 sig=2.0 t=100 -> FEASIBLE first=0.2089 valid_at=None valid=False | 4.9 min
  [N9E 31/96] n=10 corpus_median pinwheel tau=4 sig=2.0 t=100 -> OPTIMAL first=0.2025 valid_at=None valid=False | 5.0 min
  [N9E 32/96] n=10 corpus_median pinwheel tau=4 sig=2.0 t=100 -> INFEASIBLE first=None valid_at=None valid=None | 5.0 min
  [N9E 33/96] n=12 corpus_median guillotine tau=4 sig=0.25 t=100 -> FEASIBLE first=0.6288 valid_at=6.1092 valid=True | 5.2 min
  [N9E 34/96] n=12 corpus_median guillotine tau=4 sig=0.25 t=100 -> OPTIMAL first=0.5237 valid_at=3.8716 valid=True | 5.5 min
  [N9E 35/96] n=12 corpus_median guillotine tau=4 sig=0.25 t=100 -> OPTIMAL first=0.3623 valid_at=0.6268 valid=True | 5.5 min
  [N9E 36/96] n=12 corpus_median guillotine tau=4 sig=0.25 t=100 -> FEASIBLE first=0.3582 valid_at=0.6757 valid=True | 5.8 min
  [N9E 37/96] n=12 corpus_median guillotine tau=4 sig=0.5 t=100 -> FEASIBLE first=0.5054 valid_at=4.2724 valid=True | 6.0 min
  [N9E 38/96] n=12 corpus_median guillotine tau=4 sig=0.5 t=100 -> FEASIBLE first=0.4216 valid_at=2.5511 valid=True | 6.3 min
  [N9E 39/96] n=12 corpus_median guillotine tau=4 sig=0.5 t=100 -> FEASIBLE first=0.2998 valid_at=1.7973 valid=True | 6.5 min
  [N9E 40/96] n=12 corpus_median guillotine tau=4 sig=0.5 t=100 -> FEASIBLE first=0.3239 valid_at=1.5609 valid=True | 6.8 min
  [N9E 41/96] n=12 corpus_median guillotine tau=4 sig=1.0 t=100 -> INFEASIBLE first=None valid_at=None valid=None | 6.8 min
  [N9E 42/96] n=12 corpus_median guillotine tau=4 sig=1.0 t=100 -> FEASIBLE first=0.6274 valid_at=1.9649 valid=True | 7.0 min
  [N9E 43/96] n=12 corpus_median guillotine tau=4 sig=1.0 t=100 -> FEASIBLE first=0.4057 valid_at=2.3007 valid=True | 7.3 min
  [N9E 44/96] n=12 corpus_median guillotine tau=4 sig=1.0 t=100 -> INFEASIBLE first=None valid_at=None valid=None | 7.3 min
  [N9E 45/96] n=12 corpus_median guillotine tau=4 sig=2.0 t=100 -> INFEASIBLE first=None valid_at=None valid=None | 7.3 min
  [N9E 46/96] n=12 corpus_median guillotine tau=4 sig=2.0 t=100 -> FEASIBLE first=0.3967 valid_at=None valid=False | 7.6 min
  [N9E 47/96] n=12 corpus_median guillotine tau=4 sig=2.0 t=100 -> INFEASIBLE first=None valid_at=None valid=None | 7.6 min
  [N9E 48/96] n=12 corpus_median guillotine tau=4 sig=2.0 t=100 -> INFEASIBLE first=None valid_at=None valid=None | 7.6 min
  [N9E 49/96] n=12 corpus_median pinwheel tau=4 sig=0.25 t=100 -> FEASIBLE first=0.5972 valid_at=2.3267 valid=True | 7.8 min
  [N9E 50/96] n=12 corpus_median pinwheel tau=4 sig=0.25 t=100 -> FEASIBLE first=0.5297 valid_at=2.2892 valid=True | 8.1 min
  [N9E 51/96] n=12 corpus_median pinwheel tau=4 sig=0.25 t=100 -> OPTIMAL first=0.4591 valid_at=0.4839 valid=True | 8.2 min
  [N9E 52/96] n=12 corpus_median pinwheel tau=4 sig=0.25 t=100 -> FEASIBLE first=1.055 valid_at=2.0374 valid=True | 8.5 min
  [N9E 53/96] n=12 corpus_median pinwheel tau=4 sig=0.5 t=100 -> FEASIBLE first=0.5977 valid_at=0.7051 valid=True | 8.7 min
  [N9E 54/96] n=12 corpus_median pinwheel tau=4 sig=0.5 t=100 -> FEASIBLE first=0.485 valid_at=3.9321 valid=True | 9.0 min
  [N9E 55/96] n=12 corpus_median pinwheel tau=4 sig=0.5 t=100 -> FEASIBLE first=0.3502 valid_at=1.5304 valid=True | 9.3 min
  [N9E 56/96] n=12 corpus_median pinwheel tau=4 sig=0.5 t=100 -> FEASIBLE first=0.48 valid_at=2.5024 valid=True | 9.5 min
  [N9E 57/96] n=12 corpus_median pinwheel tau=4 sig=1.0 t=100 -> INFEASIBLE first=None valid_at=None valid=None | 9.5 min
  [N9E 58/96] n=12 corpus_median pinwheel tau=4 sig=1.0 t=100 -> FEASIBLE first=0.753 valid_at=1.4466 valid=True | 9.8 min
  [N9E 59/96] n=12 corpus_median pinwheel tau=4 sig=1.0 t=100 -> FEASIBLE first=0.4238 valid_at=0.5426 valid=True | 10.0 min
  [N9E 60/96] n=12 corpus_median pinwheel tau=4 sig=1.0 t=100 -> INFEASIBLE first=None valid_at=None valid=None | 10.0 min
  [N9E 61/96] n=12 corpus_median pinwheel tau=4 sig=2.0 t=100 -> INFEASIBLE first=None valid_at=None valid=None | 10.0 min
  [N9E 62/96] n=12 corpus_median pinwheel tau=4 sig=2.0 t=100 -> INFEASIBLE first=None valid_at=None valid=None | 10.1 min
  [N9E 63/96] n=12 corpus_median pinwheel tau=4 sig=2.0 t=100 -> OPTIMAL first=0.3188 valid_at=2.0659 valid=True | 10.2 min
  [N9E 64/96] n=12 corpus_median pinwheel tau=4 sig=2.0 t=100 -> INFEASIBLE first=None valid_at=None valid=None | 10.2 min
  [N9E 65/96] n=16 corpus_median guillotine tau=4 sig=0.25 t=100 -> FEASIBLE first=0.9167 valid_at=5.8566 valid=True | 10.5 min
  [N9E 66/96] n=16 corpus_median guillotine tau=4 sig=0.25 t=100 -> FEASIBLE first=0.8902 valid_at=7.8364 valid=True | 10.8 min
  [N9E 67/96] n=16 corpus_median guillotine tau=4 sig=0.25 t=100 -> FEASIBLE first=1.107 valid_at=4.5014 valid=True | 11.0 min
  [N9E 68/96] n=16 corpus_median guillotine tau=4 sig=0.25 t=100 -> FEASIBLE first=1.6182 valid_at=13.6388 valid=True | 11.3 min
  [N9E 69/96] n=16 corpus_median guillotine tau=4 sig=0.5 t=100 -> FEASIBLE first=0.9027 valid_at=4.6059 valid=True | 11.5 min
  [N9E 70/96] n=16 corpus_median guillotine tau=4 sig=0.5 t=100 -> FEASIBLE first=1.2978 valid_at=5.8911 valid=True | 11.8 min
  [N9E 71/96] n=16 corpus_median guillotine tau=4 sig=0.5 t=100 -> FEASIBLE first=1.5009 valid_at=8.3523 valid=True | 12.0 min
  [N9E 72/96] n=16 corpus_median guillotine tau=4 sig=0.5 t=100 -> INFEASIBLE first=None valid_at=None valid=None | 12.0 min
  [N9E 73/96] n=16 corpus_median guillotine tau=4 sig=1.0 t=100 -> INFEASIBLE first=None valid_at=None valid=None | 12.1 min
  [N9E 74/96] n=16 corpus_median guillotine tau=4 sig=1.0 t=100 -> FEASIBLE first=3.1595 valid_at=9.364 valid=True | 12.3 min
  [N9E 75/96] n=16 corpus_median guillotine tau=4 sig=1.0 t=100 -> INFEASIBLE first=None valid_at=None valid=None | 12.3 min
  [N9E 76/96] n=16 corpus_median guillotine tau=4 sig=1.0 t=100 -> FEASIBLE first=1.8005 valid_at=None valid=False | 12.6 min
  [N9E 77/96] n=16 corpus_median guillotine tau=4 sig=2.0 t=100 -> INFEASIBLE first=None valid_at=None valid=None | 12.6 min
  [N9E 78/96] n=16 corpus_median guillotine tau=4 sig=2.0 t=100 -> INFEASIBLE first=None valid_at=None valid=None | 12.6 min
  [N9E 79/96] n=16 corpus_median guillotine tau=4 sig=2.0 t=100 -> INFEASIBLE first=None valid_at=None valid=None | 12.6 min
  [N9E 80/96] n=16 corpus_median guillotine tau=4 sig=2.0 t=100 -> INFEASIBLE first=None valid_at=None valid=None | 12.6 min
  [N9E 81/96] n=16 corpus_median pinwheel tau=4 sig=0.25 t=100 -> FEASIBLE first=1.288 valid_at=None valid=False | 12.9 min
  [N9E 82/96] n=16 corpus_median pinwheel tau=4 sig=0.25 t=100 -> FEASIBLE first=2.1753 valid_at=12.3851 valid=True | 13.2 min
  [N9E 83/96] n=16 corpus_median pinwheel tau=4 sig=0.25 t=100 -> FEASIBLE first=1.072 valid_at=2.8841 valid=True | 13.4 min
  [N9E 84/96] n=16 corpus_median pinwheel tau=4 sig=0.25 t=100 -> FEASIBLE first=1.2548 valid_at=5.9216 valid=True | 13.7 min
  [N9E 85/96] n=16 corpus_median pinwheel tau=4 sig=0.5 t=100 -> FEASIBLE first=1.2383 valid_at=2.0191 valid=True | 14.0 min
  [N9E 86/96] n=16 corpus_median pinwheel tau=4 sig=0.5 t=100 -> FEASIBLE first=0.8944 valid_at=10.5054 valid=True | 14.2 min
  [N9E 87/96] n=16 corpus_median pinwheel tau=4 sig=0.5 t=100 -> FEASIBLE first=0.8778 valid_at=13.2822 valid=True | 14.5 min
  [N9E 88/96] n=16 corpus_median pinwheel tau=4 sig=0.5 t=100 -> FEASIBLE first=2.6605 valid_at=None valid=False | 14.7 min
  [N9E 89/96] n=16 corpus_median pinwheel tau=4 sig=1.0 t=100 -> FEASIBLE first=1.0441 valid_at=None valid=False | 15.0 min
  [N9E 90/96] n=16 corpus_median pinwheel tau=4 sig=1.0 t=100 -> FEASIBLE first=0.9647 valid_at=8.6159 valid=True | 15.3 min
  [N9E 91/96] n=16 corpus_median pinwheel tau=4 sig=1.0 t=100 -> FEASIBLE first=0.9326 valid_at=6.0344 valid=True | 15.5 min
  [N9E 92/96] n=16 corpus_median pinwheel tau=4 sig=1.0 t=100 -> FEASIBLE first=3.3566 valid_at=12.4957 valid=True | 15.8 min
  [N9E 93/96] n=16 corpus_median pinwheel tau=4 sig=2.0 t=100 -> INFEASIBLE first=None valid_at=None valid=None | 15.8 min
  [N9E 94/96] n=16 corpus_median pinwheel tau=4 sig=2.0 t=100 -> FEASIBLE first=0.5607 valid_at=12.7988 valid=True | 16.0 min
  [N9E 95/96] n=16 corpus_median pinwheel tau=4 sig=2.0 t=100 -> FEASIBLE first=0.7508 valid_at=4.3352 valid=True | 16.3 min
  [N9E 96/96] n=16 corpus_median pinwheel tau=4 sig=2.0 t=100 -> INFEASIBLE first=None valid_at=None valid=None | 16.3 min
[N9E] done in 16.3 min
