[S1] 90 rows, 0 done, 90 to run -> C:\Users\tng\g2p\bim-engine\experiments\solver-toy\results\S1_v2.jsonl
  [S1 1/90] n=8 detached grid/False tau=0 sig=0.5 w=4 noisy -> FEASIBLE first=0.1183 valid_at=0.2333 valid=True | 0.5 min
  [S1 2/90] n=8 detached mm_direct/False tau=0 sig=0.5 w=4 noisy -> FEASIBLE first=0.1226 valid_at=0.225 valid=True | 1.0 min
  [S1 3/90] n=8 detached mm_affine/False tau=0 sig=0.5 w=4 noisy -> FEASIBLE first=0.1219 valid_at=0.7644 valid=True | 1.5 min
  [S1 4/90] n=8 detached mm_direct/True tau=0 sig=0.5 w=4 noisy -> OPTIMAL first=0.1033 valid_at=0.112 valid=True | 1.5 min
  [S1 5/90] n=8 detached mm_affine/True tau=0 sig=0.5 w=4 noisy -> OPTIMAL first=0.0901 valid_at=0.1112 valid=True | 1.5 min
  [S1 6/90] n=8 detached grid/False tau=0 sig=0.5 w=4 noisy -> OPTIMAL first=0.1 valid_at=0.1787 valid=True | 1.5 min
  [S1 7/90] n=8 detached mm_direct/False tau=0 sig=0.5 w=4 noisy -> OPTIMAL first=0.104 valid_at=0.1858 valid=True | 1.6 min
  [S1 8/90] n=8 detached mm_affine/False tau=0 sig=0.5 w=4 noisy -> OPTIMAL first=0.1031 valid_at=0.1827 valid=True | 1.6 min
  [S1 9/90] n=8 detached mm_direct/True tau=0 sig=0.5 w=4 noisy -> OPTIMAL first=0.1317 valid_at=0.2606 valid=True | 1.6 min
  [S1 10/90] n=8 detached mm_affine/True tau=0 sig=0.5 w=4 noisy -> OPTIMAL first=0.1191 valid_at=0.2187 valid=True | 1.6 min
  [S1 11/90] n=8 detached grid/False tau=0 sig=0.5 w=4 noisy -> OPTIMAL first=0.1074 valid_at=0.1355 valid=True | 2.0 min
  [S1 12/90] n=8 detached mm_direct/False tau=0 sig=0.5 w=4 noisy -> OPTIMAL first=0.115 valid_at=0.1432 valid=True | 2.3 min
  [S1 13/90] n=8 detached mm_affine/False tau=0 sig=0.5 w=4 noisy -> OPTIMAL first=0.11 valid_at=0.1384 valid=True | 2.7 min
  [S1 14/90] n=8 detached mm_direct/True tau=0 sig=0.5 w=4 noisy -> OPTIMAL first=0.1157 valid_at=0.1759 valid=True | 2.8 min
  [S1 15/90] n=8 detached mm_affine/True tau=0 sig=0.5 w=4 noisy -> OPTIMAL first=0.0897 valid_at=0.2087 valid=True | 2.9 min
  [S1 16/90] n=8 detached grid/False tau=0 sig=0.5 w=4 noisy -> OPTIMAL first=0.1424 valid_at=0.7867 valid=True | 3.0 min
  [S1 17/90] n=8 detached mm_direct/False tau=0 sig=0.5 w=4 noisy -> OPTIMAL first=0.1447 valid_at=0.4068 valid=True | 3.1 min
  [S1 18/90] n=8 detached mm_affine/False tau=0 sig=0.5 w=4 noisy -> OPTIMAL first=0.1496 valid_at=0.4101 valid=True | 3.2 min
  [S1 19/90] n=8 detached mm_direct/True tau=0 sig=0.5 w=4 noisy -> OPTIMAL first=0.1256 valid_at=0.2534 valid=True | 3.2 min
  [S1 20/90] n=8 detached mm_affine/True tau=0 sig=0.5 w=4 noisy -> OPTIMAL first=0.1118 valid_at=0.2152 valid=True | 3.2 min
  [S1 21/90] n=8 detached grid/False tau=0 sig=0.5 w=4 noisy -> OPTIMAL first=0.099 valid_at=0.1073 valid=True | 3.2 min
  [S1 22/90] n=8 detached mm_direct/False tau=0 sig=0.5 w=4 noisy -> OPTIMAL first=0.1024 valid_at=0.1102 valid=True | 3.3 min
  [S1 23/90] n=8 detached mm_affine/False tau=0 sig=0.5 w=4 noisy -> OPTIMAL first=0.1004 valid_at=0.1085 valid=True | 3.3 min
  [S1 24/90] n=8 detached mm_direct/True tau=0 sig=0.5 w=4 noisy -> OPTIMAL first=0.0878 valid_at=0.0925 valid=True | 3.3 min
  [S1 25/90] n=8 detached mm_affine/True tau=0 sig=0.5 w=4 noisy -> OPTIMAL first=0.0763 valid_at=0.0783 valid=True | 3.3 min
  [S1 26/90] n=8 detached grid/False tau=0 sig=0.5 w=4 noisy -> OPTIMAL first=0.0946 valid_at=0.1087 valid=True | 3.3 min
  [S1 27/90] n=8 detached mm_direct/False tau=0 sig=0.5 w=4 noisy -> OPTIMAL first=0.1021 valid_at=0.1102 valid=True | 3.4 min
  [S1 28/90] n=8 detached mm_affine/False tau=0 sig=0.5 w=4 noisy -> OPTIMAL first=0.0959 valid_at=0.108 valid=True | 3.4 min
  [S1 29/90] n=8 detached mm_direct/True tau=0 sig=0.5 w=4 noisy -> OPTIMAL first=0.1046 valid_at=0.1059 valid=True | 3.4 min
  [S1 30/90] n=8 detached mm_affine/True tau=0 sig=0.5 w=4 noisy -> OPTIMAL first=0.0923 valid_at=0.0935 valid=True | 3.4 min
  [S1 31/90] n=12 detached grid/False tau=0 sig=0.5 w=4 noisy -> FEASIBLE first=1.7515 valid_at=2.3899 valid=True | 3.9 min
  [S1 32/90] n=12 detached mm_direct/False tau=0 sig=0.5 w=4 noisy -> FEASIBLE first=2.0274 valid_at=7.8541 valid=True | 4.4 min
  [S1 33/90] n=12 detached mm_affine/False tau=0 sig=0.5 w=4 noisy -> FEASIBLE first=1.7704 valid_at=7.4591 valid=True | 4.9 min
  [S1 34/90] n=12 detached mm_direct/True tau=0 sig=0.5 w=4 noisy -> FEASIBLE first=0.3355 valid_at=0.3355 valid=True | 5.4 min
  [S1 35/90] n=12 detached mm_affine/True tau=0 sig=0.5 w=4 noisy -> FEASIBLE first=0.2445 valid_at=1.5944 valid=True | 5.9 min
  [S1 36/90] n=12 detached grid/False tau=0 sig=0.5 w=4 noisy -> FEASIBLE first=0.4241 valid_at=1.9021 valid=True | 6.4 min
  [S1 37/90] n=12 detached mm_direct/False tau=0 sig=0.5 w=4 noisy -> FEASIBLE first=0.4256 valid_at=0.9246 valid=True | 6.9 min
  [S1 38/90] n=12 detached mm_affine/False tau=0 sig=0.5 w=4 noisy -> FEASIBLE first=0.4235 valid_at=2.3954 valid=True | 7.4 min
  [S1 39/90] n=12 detached mm_direct/True tau=0 sig=0.5 w=4 noisy -> FEASIBLE first=0.3132 valid_at=1.1039 valid=True | 7.9 min
  [S1 40/90] n=12 detached mm_affine/True tau=0 sig=0.5 w=4 noisy -> FEASIBLE first=0.2772 valid_at=0.9085 valid=True | 8.4 min
  [S1 41/90] n=12 detached grid/False tau=0 sig=0.5 w=4 noisy -> FEASIBLE first=0.3528 valid_at=2.8779 valid=True | 8.9 min
  [S1 42/90] n=12 detached mm_direct/False tau=0 sig=0.5 w=4 noisy -> FEASIBLE first=0.3646 valid_at=2.24 valid=True | 9.4 min
  [S1 43/90] n=12 detached mm_affine/False tau=0 sig=0.5 w=4 noisy -> FEASIBLE first=0.3837 valid_at=2.8726 valid=True | 9.9 min
  [S1 44/90] n=12 detached mm_direct/True tau=0 sig=0.5 w=4 noisy -> FEASIBLE first=0.2909 valid_at=1.1279 valid=True | 10.4 min
  [S1 45/90] n=12 detached mm_affine/True tau=0 sig=0.5 w=4 noisy -> FEASIBLE first=0.2632 valid_at=0.4415 valid=True | 10.9 min
  [S1 46/90] n=12 detached grid/False tau=0 sig=0.5 w=4 noisy -> INFEASIBLE first=None valid_at=None valid=None | 10.9 min
  [S1 47/90] n=12 detached mm_direct/False tau=0 sig=0.5 w=4 noisy -> INFEASIBLE first=None valid_at=None valid=None | 10.9 min
  [S1 48/90] n=12 detached mm_affine/False tau=0 sig=0.5 w=4 noisy -> INFEASIBLE first=None valid_at=None valid=None | 11.0 min
  [S1 49/90] n=12 detached mm_direct/True tau=0 sig=0.5 w=4 noisy -> INFEASIBLE first=None valid_at=None valid=None | 11.0 min
  [S1 50/90] n=12 detached mm_affine/True tau=0 sig=0.5 w=4 noisy -> INFEASIBLE first=None valid_at=None valid=None | 11.0 min
  [S1 51/90] n=12 detached grid/False tau=0 sig=0.5 w=4 noisy -> INFEASIBLE first=None valid_at=None valid=None | 11.0 min
  [S1 52/90] n=12 detached mm_direct/False tau=0 sig=0.5 w=4 noisy -> INFEASIBLE first=None valid_at=None valid=None | 11.0 min
  [S1 53/90] n=12 detached mm_affine/False tau=0 sig=0.5 w=4 noisy -> INFEASIBLE first=None valid_at=None valid=None | 11.0 min
  [S1 54/90] n=12 detached mm_direct/True tau=0 sig=0.5 w=4 noisy -> INFEASIBLE first=None valid_at=None valid=None | 11.0 min
  [S1 55/90] n=12 detached mm_affine/True tau=0 sig=0.5 w=4 noisy -> INFEASIBLE first=None valid_at=None valid=None | 11.0 min
  [S1 56/90] n=12 detached grid/False tau=0 sig=0.5 w=4 noisy -> FEASIBLE first=0.3165 valid_at=2.104 valid=True | 11.5 min
  [S1 57/90] n=12 detached mm_direct/False tau=0 sig=0.5 w=4 noisy -> FEASIBLE first=0.3239 valid_at=1.3027 valid=True | 12.0 min
  [S1 58/90] n=12 detached mm_affine/False tau=0 sig=0.5 w=4 noisy -> FEASIBLE first=0.3223 valid_at=1.3406 valid=True | 12.5 min
  [S1 59/90] n=12 detached mm_direct/True tau=0 sig=0.5 w=4 noisy -> FEASIBLE first=0.3032 valid_at=1.2573 valid=True | 13.0 min
  [S1 60/90] n=12 detached mm_affine/True tau=0 sig=0.5 w=4 noisy -> FEASIBLE first=0.2697 valid_at=0.9997 valid=True | 13.5 min
  [S1 61/90] n=24 detached grid/False tau=0 sig=0.5 w=4 noisy -> FEASIBLE first=2.4398 valid_at=13.8738 valid=True | 14.0 min
  [S1 62/90] n=24 detached mm_direct/False tau=0 sig=0.5 w=4 noisy -> FEASIBLE first=2.4931 valid_at=8.32 valid=True | 14.5 min
  [S1 63/90] n=24 detached mm_affine/False tau=0 sig=0.5 w=4 noisy -> FEASIBLE first=2.5373 valid_at=9.7794 valid=True | 15.0 min
  [S1 64/90] n=24 detached mm_direct/True tau=0 sig=0.5 w=4 noisy -> FEASIBLE first=3.3524 valid_at=24.3045 valid=True | 15.5 min
  [S1 65/90] n=24 detached mm_affine/True tau=0 sig=0.5 w=4 noisy -> FEASIBLE first=3.125 valid_at=9.0538 valid=True | 16.0 min
  [S1 66/90] n=24 detached grid/False tau=0 sig=0.5 w=4 noisy -> FEASIBLE first=4.4194 valid_at=10.8772 valid=True | 16.5 min
  [S1 67/90] n=24 detached mm_direct/False tau=0 sig=0.5 w=4 noisy -> FEASIBLE first=4.6218 valid_at=None valid=False | 17.0 min
  [S1 68/90] n=24 detached mm_affine/False tau=0 sig=0.5 w=4 noisy -> FEASIBLE first=4.7317 valid_at=None valid=False | 17.5 min
  [S1 69/90] n=24 detached mm_direct/True tau=0 sig=0.5 w=4 noisy -> FEASIBLE first=2.7798 valid_at=None valid=False | 18.0 min
  [S1 70/90] n=24 detached mm_affine/True tau=0 sig=0.5 w=4 noisy -> FEASIBLE first=2.4246 valid_at=None valid=False | 18.6 min
  [S1 71/90] n=24 detached grid/False tau=0 sig=0.5 w=4 noisy -> FEASIBLE first=1.5299 valid_at=11.952 valid=True | 19.1 min
  [S1 72/90] n=24 detached mm_direct/False tau=0 sig=0.5 w=4 noisy -> FEASIBLE first=1.591 valid_at=12.1187 valid=True | 19.6 min
  [S1 73/90] n=24 detached mm_affine/False tau=0 sig=0.5 w=4 noisy -> FEASIBLE first=1.5427 valid_at=19.4107 valid=True | 20.1 min
  [S1 74/90] n=24 detached mm_direct/True tau=0 sig=0.5 w=4 noisy -> FEASIBLE first=1.791 valid_at=8.4197 valid=True | 20.6 min
  [S1 75/90] n=24 detached mm_affine/True tau=0 sig=0.5 w=4 noisy -> FEASIBLE first=1.6324 valid_at=4.8591 valid=True | 21.1 min
  [S1 76/90] n=24 detached grid/False tau=0 sig=0.5 w=4 noisy -> INFEASIBLE first=None valid_at=None valid=None | 21.1 min
  [S1 77/90] n=24 detached mm_direct/False tau=0 sig=0.5 w=4 noisy -> INFEASIBLE first=None valid_at=None valid=None | 21.1 min
  [S1 78/90] n=24 detached mm_affine/False tau=0 sig=0.5 w=4 noisy -> INFEASIBLE first=None valid_at=None valid=None | 21.1 min
  [S1 79/90] n=24 detached mm_direct/True tau=0 sig=0.5 w=4 noisy -> FEASIBLE first=7.605 valid_at=12.7271 valid=True | 21.6 min
  [S1 80/90] n=24 detached mm_affine/True tau=0 sig=0.5 w=4 noisy -> FEASIBLE first=6.6088 valid_at=16.2092 valid=True | 22.1 min
  [S1 81/90] n=24 detached grid/False tau=0 sig=0.5 w=4 noisy -> FEASIBLE first=3.0013 valid_at=6.5923 valid=True | 22.6 min
  [S1 82/90] n=24 detached mm_direct/False tau=0 sig=0.5 w=4 noisy -> FEASIBLE first=3.0071 valid_at=10.3474 valid=True | 23.2 min
  [S1 83/90] n=24 detached mm_affine/False tau=0 sig=0.5 w=4 noisy -> FEASIBLE first=2.9843 valid_at=7.178 valid=True | 23.7 min
  [S1 84/90] n=24 detached mm_direct/True tau=0 sig=0.5 w=4 noisy -> FEASIBLE first=2.8694 valid_at=9.0226 valid=True | 24.2 min
  [S1 85/90] n=24 detached mm_affine/True tau=0 sig=0.5 w=4 noisy -> FEASIBLE first=2.7125 valid_at=11.1245 valid=True | 24.7 min
  [S1 86/90] n=24 detached grid/False tau=0 sig=0.5 w=4 noisy -> FEASIBLE first=4.2696 valid_at=None valid=False | 25.2 min
  [S1 87/90] n=24 detached mm_direct/False tau=0 sig=0.5 w=4 noisy -> FEASIBLE first=4.3427 valid_at=6.2963 valid=True | 25.7 min
  [S1 88/90] n=24 detached mm_affine/False tau=0 sig=0.5 w=4 noisy -> FEASIBLE first=4.2959 valid_at=11.8065 valid=True | 26.2 min
  [S1 89/90] n=24 detached mm_direct/True tau=0 sig=0.5 w=4 noisy -> FEASIBLE first=4.0936 valid_at=21.7057 valid=True | 26.7 min
  [S1 90/90] n=24 detached mm_affine/True tau=0 sig=0.5 w=4 noisy -> FEASIBLE first=4.4615 valid_at=21.303 valid=True | 27.2 min
[S1] done in 27.2 min
[S5] 60 rows, 0 done, 60 to run -> C:\Users\tng\g2p\bim-engine\experiments\solver-toy\results\S5_v2.jsonl
  [S5 1/60] n=6 corpus_median mm_affine/True tau=0 sig=0.5 w=4 degenerate -> NO_BRIEF first=None valid_at=None valid=None | 0.0 min
  [S5 2/60] n=6 corpus_median mm_affine/True tau=0 sig=0.5 w=4 degenerate -> NO_BRIEF first=None valid_at=None valid=None | 0.0 min
  [S5 3/60] n=6 corpus_median mm_affine/True tau=0 sig=0.5 w=4 degenerate -> NO_BRIEF first=None valid_at=None valid=None | 0.0 min
  [S5 4/60] n=6 corpus_median mm_affine/True tau=0 sig=0.5 w=4 degenerate -> NO_BRIEF first=None valid_at=None valid=None | 0.0 min
  [S5 5/60] n=6 corpus_median mm_affine/True tau=0 sig=0.5 w=4 degenerate -> NO_BRIEF first=None valid_at=None valid=None | 0.0 min
  [S5 6/60] n=6 corpus_median mm_affine/True tau=0 sig=0.5 w=4 degenerate -> NO_BRIEF first=None valid_at=None valid=None | 0.0 min
  [S5 7/60] n=6 corpus_median mm_affine/True tau=0 sig=0.5 w=4 shuffled -> NO_BRIEF first=None valid_at=None valid=None | 0.0 min
  [S5 8/60] n=6 corpus_median mm_affine/True tau=0 sig=0.5 w=4 shuffled -> NO_BRIEF first=None valid_at=None valid=None | 0.0 min
  [S5 9/60] n=6 corpus_median mm_affine/True tau=0 sig=0.5 w=4 shuffled -> NO_BRIEF first=None valid_at=None valid=None | 0.0 min
  [S5 10/60] n=6 corpus_median mm_affine/True tau=0 sig=0.5 w=4 shuffled -> NO_BRIEF first=None valid_at=None valid=None | 0.0 min
  [S5 11/60] n=6 corpus_median mm_affine/True tau=0 sig=0.5 w=4 shuffled -> NO_BRIEF first=None valid_at=None valid=None | 0.0 min
  [S5 12/60] n=6 corpus_median mm_affine/True tau=0 sig=0.5 w=4 shuffled -> NO_BRIEF first=None valid_at=None valid=None | 0.0 min
  [S5 13/60] n=8 corpus_median mm_affine/True tau=0 sig=0.5 w=4 degenerate -> FEASIBLE first=0.1915 valid_at=0.2761 valid=True | 0.5 min
  [S5 14/60] n=8 corpus_median mm_affine/True tau=0 sig=0.5 w=4 degenerate -> FEASIBLE first=0.1872 valid_at=0.2707 valid=True | 1.0 min
  [S5 15/60] n=8 corpus_median mm_affine/True tau=0 sig=0.5 w=4 degenerate -> FEASIBLE first=0.2551 valid_at=0.3242 valid=True | 1.5 min
  [S5 16/60] n=8 corpus_median mm_affine/True tau=0 sig=0.5 w=4 degenerate -> FEASIBLE first=0.2478 valid_at=0.4909 valid=True | 2.0 min
  [S5 17/60] n=8 corpus_median mm_affine/True tau=0 sig=0.5 w=4 degenerate -> FEASIBLE first=0.2525 valid_at=0.2637 valid=True | 2.5 min
  [S5 18/60] n=8 corpus_median mm_affine/True tau=0 sig=0.5 w=4 degenerate -> FEASIBLE first=0.2431 valid_at=0.2566 valid=True | 3.0 min
  [S5 19/60] n=8 corpus_median mm_affine/True tau=0 sig=0.5 w=4 shuffled -> INFEASIBLE first=None valid_at=None valid=None | 3.0 min
  [S5 20/60] n=8 corpus_median mm_affine/True tau=0 sig=0.5 w=4 shuffled -> INFEASIBLE first=None valid_at=None valid=None | 3.0 min
  [S5 21/60] n=8 corpus_median mm_affine/True tau=0 sig=0.5 w=4 shuffled -> INFEASIBLE first=None valid_at=None valid=None | 3.0 min
  [S5 22/60] n=8 corpus_median mm_affine/True tau=0 sig=0.5 w=4 shuffled -> INFEASIBLE first=None valid_at=None valid=None | 3.0 min
  [S5 23/60] n=8 corpus_median mm_affine/True tau=0 sig=0.5 w=4 shuffled -> INFEASIBLE first=None valid_at=None valid=None | 3.0 min
  [S5 24/60] n=8 corpus_median mm_affine/True tau=0 sig=0.5 w=4 shuffled -> INFEASIBLE first=None valid_at=None valid=None | 3.0 min
  [S5 25/60] n=12 corpus_median mm_affine/True tau=0 sig=0.5 w=4 degenerate -> FEASIBLE first=0.3939 valid_at=5.5594 valid=True | 3.5 min
  [S5 26/60] n=12 corpus_median mm_affine/True tau=0 sig=0.5 w=4 degenerate -> FEASIBLE first=0.4952 valid_at=3.4701 valid=True | 4.0 min
  [S5 27/60] n=12 corpus_median mm_affine/True tau=0 sig=0.5 w=4 degenerate -> FEASIBLE first=0.775 valid_at=2.1194 valid=True | 4.5 min
  [S5 28/60] n=12 corpus_median mm_affine/True tau=0 sig=0.5 w=4 degenerate -> FEASIBLE first=0.8483 valid_at=2.2823 valid=True | 5.0 min
  [S5 29/60] n=12 corpus_median mm_affine/True tau=0 sig=0.5 w=4 degenerate -> FEASIBLE first=0.5416 valid_at=2.109 valid=True | 5.5 min
  [S5 30/60] n=12 corpus_median mm_affine/True tau=0 sig=0.5 w=4 degenerate -> FEASIBLE first=0.64 valid_at=1.5135 valid=True | 6.0 min
  [S5 31/60] n=12 corpus_median mm_affine/True tau=0 sig=0.5 w=4 shuffled -> INFEASIBLE first=None valid_at=None valid=None | 6.0 min
  [S5 32/60] n=12 corpus_median mm_affine/True tau=0 sig=0.5 w=4 shuffled -> INFEASIBLE first=None valid_at=None valid=None | 6.0 min
  [S5 33/60] n=12 corpus_median mm_affine/True tau=0 sig=0.5 w=4 shuffled -> INFEASIBLE first=None valid_at=None valid=None | 6.1 min
  [S5 34/60] n=12 corpus_median mm_affine/True tau=0 sig=0.5 w=4 shuffled -> INFEASIBLE first=None valid_at=None valid=None | 6.1 min
  [S5 35/60] n=12 corpus_median mm_affine/True tau=0 sig=0.5 w=4 shuffled -> INFEASIBLE first=None valid_at=None valid=None | 6.1 min
  [S5 36/60] n=12 corpus_median mm_affine/True tau=0 sig=0.5 w=4 shuffled -> INFEASIBLE first=None valid_at=None valid=None | 6.1 min
  [S5 37/60] n=16 corpus_median mm_affine/True tau=0 sig=0.5 w=4 degenerate -> FEASIBLE first=1.2662 valid_at=8.8334 valid=True | 6.6 min
  [S5 38/60] n=16 corpus_median mm_affine/True tau=0 sig=0.5 w=4 degenerate -> FEASIBLE first=1.2264 valid_at=13.0163 valid=True | 7.1 min
  [S5 39/60] n=16 corpus_median mm_affine/True tau=0 sig=0.5 w=4 degenerate -> FEASIBLE first=1.1652 valid_at=8.6876 valid=True | 7.6 min
  [S5 40/60] n=16 corpus_median mm_affine/True tau=0 sig=0.5 w=4 degenerate -> FEASIBLE first=1.4369 valid_at=17.8491 valid=True | 8.1 min
  [S5 41/60] n=16 corpus_median mm_affine/True tau=0 sig=0.5 w=4 degenerate -> FEASIBLE first=1.924 valid_at=17.0663 valid=True | 8.6 min
  [S5 42/60] n=16 corpus_median mm_affine/True tau=0 sig=0.5 w=4 degenerate -> FEASIBLE first=1.2933 valid_at=11.9326 valid=True | 9.1 min
  [S5 43/60] n=16 corpus_median mm_affine/True tau=0 sig=0.5 w=4 shuffled -> INFEASIBLE first=None valid_at=None valid=None | 9.1 min
  [S5 44/60] n=16 corpus_median mm_affine/True tau=0 sig=0.5 w=4 shuffled -> INFEASIBLE first=None valid_at=None valid=None | 9.1 min
  [S5 45/60] n=16 corpus_median mm_affine/True tau=0 sig=0.5 w=4 shuffled -> INFEASIBLE first=None valid_at=None valid=None | 9.1 min
  [S5 46/60] n=16 corpus_median mm_affine/True tau=0 sig=0.5 w=4 shuffled -> INFEASIBLE first=None valid_at=None valid=None | 9.2 min
  [S5 47/60] n=16 corpus_median mm_affine/True tau=0 sig=0.5 w=4 shuffled -> INFEASIBLE first=None valid_at=None valid=None | 9.2 min
  [S5 48/60] n=16 corpus_median mm_affine/True tau=0 sig=0.5 w=4 shuffled -> INFEASIBLE first=None valid_at=None valid=None | 9.2 min
  [S5 49/60] n=24 corpus_median mm_affine/True tau=0 sig=0.5 w=4 degenerate -> FEASIBLE first=5.0462 valid_at=None valid=False | 9.7 min
  [S5 50/60] n=24 corpus_median mm_affine/True tau=0 sig=0.5 w=4 degenerate -> FEASIBLE first=3.8309 valid_at=None valid=False | 10.2 min
  [S5 51/60] n=24 corpus_median mm_affine/True tau=0 sig=0.5 w=4 degenerate -> FEASIBLE first=6.2364 valid_at=None valid=False | 10.7 min
  [S5 52/60] n=24 corpus_median mm_affine/True tau=0 sig=0.5 w=4 degenerate -> FEASIBLE first=9.6206 valid_at=None valid=False | 11.2 min
  [S5 53/60] n=24 corpus_median mm_affine/True tau=0 sig=0.5 w=4 degenerate -> FEASIBLE first=9.3874 valid_at=None valid=False | 11.7 min
  [S5 54/60] n=24 corpus_median mm_affine/True tau=0 sig=0.5 w=4 degenerate -> FEASIBLE first=4.7817 valid_at=None valid=False | 12.2 min
  [S5 55/60] n=24 corpus_median mm_affine/True tau=0 sig=0.5 w=4 shuffled -> INFEASIBLE first=None valid_at=None valid=None | 12.2 min
  [S5 56/60] n=24 corpus_median mm_affine/True tau=0 sig=0.5 w=4 shuffled -> INFEASIBLE first=None valid_at=None valid=None | 12.2 min
  [S5 57/60] n=24 corpus_median mm_affine/True tau=0 sig=0.5 w=4 shuffled -> INFEASIBLE first=None valid_at=None valid=None | 12.3 min
  [S5 58/60] n=24 corpus_median mm_affine/True tau=0 sig=0.5 w=4 shuffled -> INFEASIBLE first=None valid_at=None valid=None | 12.3 min
  [S5 59/60] n=24 corpus_median mm_affine/True tau=0 sig=0.5 w=4 shuffled -> INFEASIBLE first=None valid_at=None valid=None | 12.3 min
  [S5 60/60] n=24 corpus_median mm_affine/True tau=0 sig=0.5 w=4 shuffled -> INFEASIBLE first=None valid_at=None valid=None | 12.3 min
[S5] done in 12.3 min
