150 rows, 0 already on disk, 150 to run
[   1/150]  A n= 8 seed=20260817 k=0 mode=any sig=None ->    OPTIMAL viol=0 survivor=True valid_at=0.1296 wall=0.1457 [0s]
[   2/150]  A n= 8 seed=20260817 k=1 mode=any sig=None -> INFEASIBLE viol=1 survivor=False valid_at=None wall=0.013 [0s]
[   3/150]  A n= 8 seed=20260817 k=2 mode=any sig=None -> INFEASIBLE viol=2 survivor=False valid_at=None wall=0.0115 [0s]
[   4/150]  A n= 8 seed=20260817 k=3 mode=any sig=None -> INFEASIBLE viol=3 survivor=False valid_at=None wall=0.0115 [0s]
[   5/150]  A n= 8 seed=20260817 k=4 mode=any sig=None -> INFEASIBLE viol=4 survivor=False valid_at=None wall=0.0137 [0s]
[   6/150]  A n= 8 seed=20260817 k=6 mode=any sig=None -> INFEASIBLE viol=6 survivor=False valid_at=None wall=0.0064 [0s]
[   7/150]  A n= 8 seed=20260817 k=8 mode=any sig=None -> INFEASIBLE viol=8 survivor=False valid_at=None wall=0.0062 [0s]
[   8/150]  A n= 8 seed=20260817 k=12 mode=any sig=None -> INFEASIBLE viol=10 survivor=False valid_at=None wall=0.0123 [1s]
[   9/150]  A n= 8 seed=20260817 k=16 mode=any sig=None -> INFEASIBLE viol=15 survivor=False valid_at=None wall=0.0061 [1s]
[  10/150]  A n= 8 seed=20260817 k=24 mode=any sig=None -> INFEASIBLE viol=21 survivor=False valid_at=None wall=0.0105 [1s]
[  11/150]  A n= 8 seed=20260818 k=0 mode=any sig=None ->    OPTIMAL viol=0 survivor=True valid_at=0.1177 wall=0.1275 [1s]
[  12/150]  A n= 8 seed=20260818 k=1 mode=any sig=None -> INFEASIBLE viol=1 survivor=False valid_at=None wall=0.0144 [1s]
[  13/150]  A n= 8 seed=20260818 k=2 mode=any sig=None -> INFEASIBLE viol=2 survivor=False valid_at=None wall=0.0103 [1s]
[  14/150]  A n= 8 seed=20260818 k=3 mode=any sig=None -> INFEASIBLE viol=2 survivor=False valid_at=None wall=0.0098 [1s]
[  15/150]  A n= 8 seed=20260818 k=4 mode=any sig=None -> INFEASIBLE viol=4 survivor=False valid_at=None wall=0.0108 [1s]
[  16/150]  A n= 8 seed=20260818 k=6 mode=any sig=None -> INFEASIBLE viol=4 survivor=False valid_at=None wall=0.0114 [1s]
[  17/150]  A n= 8 seed=20260818 k=8 mode=any sig=None -> INFEASIBLE viol=7 survivor=False valid_at=None wall=0.0068 [1s]
[  18/150]  A n= 8 seed=20260818 k=12 mode=any sig=None -> INFEASIBLE viol=11 survivor=False valid_at=None wall=0.0111 [1s]
[  19/150]  A n= 8 seed=20260818 k=16 mode=any sig=None -> INFEASIBLE viol=13 survivor=False valid_at=None wall=0.0103 [1s]
[  20/150]  A n= 8 seed=20260818 k=24 mode=any sig=None -> INFEASIBLE viol=18 survivor=False valid_at=None wall=0.0102 [1s]
[  21/150]  A n= 8 seed=20260819 k=0 mode=any sig=None ->    OPTIMAL viol=0 survivor=True valid_at=0.1084 wall=0.1148 [1s]
[  22/150]  A n= 8 seed=20260819 k=1 mode=any sig=None -> INFEASIBLE viol=1 survivor=False valid_at=None wall=0.0062 [1s]
[  23/150]  A n= 8 seed=20260819 k=2 mode=any sig=None -> INFEASIBLE viol=2 survivor=False valid_at=None wall=0.014 [1s]
[  24/150]  A n= 8 seed=20260819 k=3 mode=any sig=None -> INFEASIBLE viol=3 survivor=False valid_at=None wall=0.0168 [2s]
[  25/150]  A n= 8 seed=20260819 k=4 mode=any sig=None -> INFEASIBLE viol=4 survivor=False valid_at=None wall=0.0129 [2s]
[  26/150]  A n= 8 seed=20260819 k=6 mode=any sig=None -> INFEASIBLE viol=6 survivor=False valid_at=None wall=0.0109 [2s]
[  27/150]  A n= 8 seed=20260819 k=8 mode=any sig=None -> INFEASIBLE viol=7 survivor=False valid_at=None wall=0.0124 [2s]
[  28/150]  A n= 8 seed=20260819 k=12 mode=any sig=None -> INFEASIBLE viol=9 survivor=False valid_at=None wall=0.0056 [2s]
[  29/150]  A n= 8 seed=20260819 k=16 mode=any sig=None -> INFEASIBLE viol=16 survivor=False valid_at=None wall=0.006 [2s]
[  30/150]  A n= 8 seed=20260819 k=24 mode=any sig=None -> INFEASIBLE viol=19 survivor=False valid_at=None wall=0.0103 [2s]
[  31/150]  A n= 8 seed=20260820 k=0 mode=any sig=None ->    OPTIMAL viol=0 survivor=True valid_at=0.1918 wall=0.2004 [2s]
[  32/150]  A n= 8 seed=20260820 k=1 mode=any sig=None ->    OPTIMAL viol=1 survivor=False valid_at=None wall=0.674 [3s]
[  33/150]  A n= 8 seed=20260820 k=2 mode=any sig=None -> INFEASIBLE viol=2 survivor=False valid_at=None wall=0.0366 [3s]
[  34/150]  A n= 8 seed=20260820 k=3 mode=any sig=None -> INFEASIBLE viol=3 survivor=False valid_at=None wall=0.0204 [3s]
[  35/150]  A n= 8 seed=20260820 k=4 mode=any sig=None -> INFEASIBLE viol=4 survivor=False valid_at=None wall=0.0105 [3s]
[  36/150]  A n= 8 seed=20260820 k=6 mode=any sig=None -> INFEASIBLE viol=5 survivor=False valid_at=None wall=0.0291 [3s]
[  37/150]  A n= 8 seed=20260820 k=8 mode=any sig=None -> INFEASIBLE viol=5 survivor=False valid_at=None wall=0.0127 [3s]
[  38/150]  A n= 8 seed=20260820 k=12 mode=any sig=None -> INFEASIBLE viol=11 survivor=False valid_at=None wall=0.0108 [3s]
[  39/150]  A n= 8 seed=20260820 k=16 mode=any sig=None -> INFEASIBLE viol=12 survivor=False valid_at=None wall=0.0068 [3s]
[  40/150]  A n= 8 seed=20260820 k=24 mode=any sig=None -> INFEASIBLE viol=20 survivor=False valid_at=None wall=0.0109 [3s]
[  41/150]  A n= 8 seed=20260821 k=0 mode=any sig=None ->    OPTIMAL viol=0 survivor=True valid_at=0.1288 wall=0.1415 [3s]
[  42/150]  A n= 8 seed=20260821 k=1 mode=any sig=None ->    OPTIMAL viol=1 survivor=True valid_at=0.168 wall=0.1827 [4s]
[  43/150]  A n= 8 seed=20260821 k=2 mode=any sig=None -> INFEASIBLE viol=2 survivor=False valid_at=None wall=0.0134 [4s]
[  44/150]  A n= 8 seed=20260821 k=3 mode=any sig=None -> INFEASIBLE viol=3 survivor=False valid_at=None wall=0.0168 [4s]
[  45/150]  A n= 8 seed=20260821 k=4 mode=any sig=None -> INFEASIBLE viol=4 survivor=False valid_at=None wall=0.0146 [4s]
[  46/150]  A n= 8 seed=20260821 k=6 mode=any sig=None -> INFEASIBLE viol=5 survivor=False valid_at=None wall=0.0123 [4s]
[  47/150]  A n= 8 seed=20260821 k=8 mode=any sig=None -> INFEASIBLE viol=8 survivor=False valid_at=None wall=0.0114 [4s]
[  48/150]  A n= 8 seed=20260821 k=12 mode=any sig=None -> INFEASIBLE viol=12 survivor=False valid_at=None wall=0.0102 [4s]
[  49/150]  A n= 8 seed=20260821 k=16 mode=any sig=None -> INFEASIBLE viol=13 survivor=False valid_at=None wall=0.0116 [4s]
[  50/150]  A n= 8 seed=20260821 k=24 mode=any sig=None -> INFEASIBLE viol=22 survivor=False valid_at=None wall=0.0067 [4s]
[  51/150]  A n=12 seed=20260817 k=0 mode=any sig=None ->    OPTIMAL viol=0 survivor=True valid_at=0.4729 wall=0.4959 [5s]
[  52/150]  A n=12 seed=20260817 k=1 mode=any sig=None -> INFEASIBLE viol=1 survivor=False valid_at=None wall=0.0613 [5s]
[  53/150]  A n=12 seed=20260817 k=2 mode=any sig=None -> INFEASIBLE viol=1 survivor=False valid_at=None wall=0.0412 [5s]
[  54/150]  A n=12 seed=20260817 k=3 mode=any sig=None -> INFEASIBLE viol=3 survivor=False valid_at=None wall=0.0406 [5s]
[  55/150]  A n=12 seed=20260817 k=4 mode=any sig=None -> INFEASIBLE viol=4 survivor=False valid_at=None wall=0.0301 [5s]
[  56/150]  A n=12 seed=20260817 k=6 mode=any sig=None -> INFEASIBLE viol=6 survivor=False valid_at=None wall=0.0295 [5s]
[  57/150]  A n=12 seed=20260817 k=8 mode=any sig=None -> INFEASIBLE viol=7 survivor=False valid_at=None wall=0.0383 [5s]
[  58/150]  A n=12 seed=20260817 k=12 mode=any sig=None -> INFEASIBLE viol=10 survivor=False valid_at=None wall=0.0311 [5s]
[  59/150]  A n=12 seed=20260817 k=16 mode=any sig=None -> INFEASIBLE viol=14 survivor=False valid_at=None wall=0.0341 [6s]
[  60/150]  A n=12 seed=20260817 k=24 mode=any sig=None -> INFEASIBLE viol=17 survivor=False valid_at=None wall=0.0362 [6s]
[  61/150]  A n=12 seed=20260818 k=0 mode=any sig=None ->    OPTIMAL viol=0 survivor=True valid_at=0.3999 wall=0.4082 [6s]
[  62/150]  A n=12 seed=20260818 k=1 mode=any sig=None ->   FEASIBLE viol=1 survivor=False valid_at=None wall=15.011 [21s]
[  63/150]  A n=12 seed=20260818 k=2 mode=any sig=None ->   FEASIBLE viol=2 survivor=False valid_at=None wall=15.0446 [37s]
[  64/150]  A n=12 seed=20260818 k=3 mode=any sig=None -> INFEASIBLE viol=2 survivor=False valid_at=None wall=0.0359 [37s]
[  65/150]  A n=12 seed=20260818 k=4 mode=any sig=None -> INFEASIBLE viol=4 survivor=False valid_at=None wall=0.0306 [37s]
[  66/150]  A n=12 seed=20260818 k=6 mode=any sig=None -> INFEASIBLE viol=4 survivor=False valid_at=None wall=0.0449 [37s]
[  67/150]  A n=12 seed=20260818 k=8 mode=any sig=None -> INFEASIBLE viol=7 survivor=False valid_at=None wall=0.0327 [37s]
[  68/150]  A n=12 seed=20260818 k=12 mode=any sig=None -> INFEASIBLE viol=10 survivor=False valid_at=None wall=0.0356 [37s]
[  69/150]  A n=12 seed=20260818 k=16 mode=any sig=None -> INFEASIBLE viol=11 survivor=False valid_at=None wall=0.0356 [37s]
[  70/150]  A n=12 seed=20260818 k=24 mode=any sig=None -> INFEASIBLE viol=22 survivor=False valid_at=None wall=0.0315 [37s]
[  71/150]  A n=12 seed=20260819 k=0 mode=any sig=None ->    OPTIMAL viol=0 survivor=True valid_at=0.5135 wall=0.5208 [38s]
[  72/150]  A n=12 seed=20260819 k=1 mode=any sig=None -> INFEASIBLE viol=1 survivor=False valid_at=None wall=0.0363 [38s]
[  73/150]  A n=12 seed=20260819 k=2 mode=any sig=None ->   FEASIBLE viol=2 survivor=False valid_at=None wall=15.0169 [53s]
[  74/150]  A n=12 seed=20260819 k=3 mode=any sig=None -> INFEASIBLE viol=3 survivor=False valid_at=None wall=0.0387 [53s]
[  75/150]  A n=12 seed=20260819 k=4 mode=any sig=None -> INFEASIBLE viol=4 survivor=False valid_at=None wall=0.0383 [54s]
[  76/150]  A n=12 seed=20260819 k=6 mode=any sig=None -> INFEASIBLE viol=6 survivor=False valid_at=None wall=0.0463 [54s]
[  77/150]  A n=12 seed=20260819 k=8 mode=any sig=None -> INFEASIBLE viol=8 survivor=False valid_at=None wall=0.0301 [54s]
[  78/150]  A n=12 seed=20260819 k=12 mode=any sig=None -> INFEASIBLE viol=10 survivor=False valid_at=None wall=0.0303 [54s]
[  79/150]  A n=12 seed=20260819 k=16 mode=any sig=None -> INFEASIBLE viol=12 survivor=False valid_at=None wall=0.0281 [54s]
[  80/150]  A n=12 seed=20260819 k=24 mode=any sig=None -> INFEASIBLE viol=21 survivor=False valid_at=None wall=0.0275 [54s]
[  81/150]  A n=12 seed=20260820 k=0 mode=any sig=None ->    OPTIMAL viol=0 survivor=True valid_at=0.4186 wall=0.4309 [55s]
[  82/150]  A n=12 seed=20260820 k=1 mode=any sig=None -> INFEASIBLE viol=1 survivor=False valid_at=None wall=0.0307 [55s]
[  83/150]  A n=12 seed=20260820 k=2 mode=any sig=None -> INFEASIBLE viol=2 survivor=False valid_at=None wall=0.0375 [55s]
[  84/150]  A n=12 seed=20260820 k=3 mode=any sig=None -> INFEASIBLE viol=3 survivor=False valid_at=None wall=0.0419 [55s]
[  85/150]  A n=12 seed=20260820 k=4 mode=any sig=None -> INFEASIBLE viol=3 survivor=False valid_at=None wall=0.0289 [55s]
[  86/150]  A n=12 seed=20260820 k=6 mode=any sig=None -> INFEASIBLE viol=6 survivor=False valid_at=None wall=0.0376 [55s]
[  87/150]  A n=12 seed=20260820 k=8 mode=any sig=None -> INFEASIBLE viol=8 survivor=False valid_at=None wall=0.0314 [55s]
[  88/150]  A n=12 seed=20260820 k=12 mode=any sig=None -> INFEASIBLE viol=12 survivor=False valid_at=None wall=0.0261 [55s]
[  89/150]  A n=12 seed=20260820 k=16 mode=any sig=None -> INFEASIBLE viol=11 survivor=False valid_at=None wall=0.0265 [56s]
[  90/150]  A n=12 seed=20260820 k=24 mode=any sig=None -> INFEASIBLE viol=20 survivor=False valid_at=None wall=0.0269 [56s]
[  91/150]  A n=12 seed=20260821 k=0 mode=any sig=None ->    OPTIMAL viol=0 survivor=True valid_at=0.4049 wall=0.4283 [56s]
[  92/150]  A n=12 seed=20260821 k=1 mode=any sig=None ->   FEASIBLE viol=1 survivor=False valid_at=None wall=15.0123 [71s]
[  93/150]  A n=12 seed=20260821 k=2 mode=any sig=None -> INFEASIBLE viol=2 survivor=False valid_at=None wall=0.058 [72s]
[  94/150]  A n=12 seed=20260821 k=3 mode=any sig=None -> INFEASIBLE viol=3 survivor=False valid_at=None wall=0.0277 [72s]
[  95/150]  A n=12 seed=20260821 k=4 mode=any sig=None -> INFEASIBLE viol=3 survivor=False valid_at=None wall=0.0304 [72s]
[  96/150]  A n=12 seed=20260821 k=6 mode=any sig=None -> INFEASIBLE viol=4 survivor=False valid_at=None wall=0.0318 [72s]
[  97/150]  A n=12 seed=20260821 k=8 mode=any sig=None -> INFEASIBLE viol=7 survivor=False valid_at=None wall=0.0251 [72s]
[  98/150]  A n=12 seed=20260821 k=12 mode=any sig=None -> INFEASIBLE viol=10 survivor=False valid_at=None wall=0.0324 [72s]
[  99/150]  A n=12 seed=20260821 k=16 mode=any sig=None -> INFEASIBLE viol=15 survivor=False valid_at=None wall=0.0305 [72s]
[ 100/150]  A n=12 seed=20260821 k=24 mode=any sig=None -> INFEASIBLE viol=16 survivor=False valid_at=None wall=0.0294 [72s]
[ 101/150]  A n=24 seed=20260817 k=0 mode=any sig=None ->    OPTIMAL viol=0 survivor=True valid_at=3.2966 wall=3.3208 [76s]
[ 102/150]  A n=24 seed=20260817 k=1 mode=any sig=None ->   FEASIBLE viol=1 survivor=True valid_at=6.0793 wall=15.0298 [91s]
[ 103/150]  A n=24 seed=20260817 k=2 mode=any sig=None -> INFEASIBLE viol=1 survivor=False valid_at=None wall=0.363 [92s]
[ 104/150]  A n=24 seed=20260817 k=3 mode=any sig=None -> INFEASIBLE viol=2 survivor=False valid_at=None wall=0.1588 [93s]
[ 105/150]  A n=24 seed=20260817 k=4 mode=any sig=None -> INFEASIBLE viol=4 survivor=False valid_at=None wall=0.1423 [93s]
[ 106/150]  A n=24 seed=20260817 k=6 mode=any sig=None -> INFEASIBLE viol=4 survivor=False valid_at=None wall=0.1617 [94s]
[ 107/150]  A n=24 seed=20260817 k=8 mode=any sig=None -> INFEASIBLE viol=5 survivor=False valid_at=None wall=0.1435 [94s]
[ 108/150]  A n=24 seed=20260817 k=12 mode=any sig=None -> INFEASIBLE viol=11 survivor=False valid_at=None wall=0.1278 [94s]
[ 109/150]  A n=24 seed=20260817 k=16 mode=any sig=None -> INFEASIBLE viol=8 survivor=False valid_at=None wall=0.1308 [95s]
[ 110/150]  A n=24 seed=20260817 k=24 mode=any sig=None -> INFEASIBLE viol=16 survivor=False valid_at=None wall=0.1212 [95s]
[ 111/150]  A n=24 seed=20260818 k=0 mode=any sig=None ->    OPTIMAL viol=0 survivor=True valid_at=4.1815 wall=4.3548 [100s]
[ 112/150]  A n=24 seed=20260818 k=1 mode=any sig=None -> INFEASIBLE viol=1 survivor=False valid_at=None wall=0.2299 [101s]
[ 113/150]  A n=24 seed=20260818 k=2 mode=any sig=None -> INFEASIBLE viol=1 survivor=False valid_at=None wall=0.2304 [101s]
[ 114/150]  A n=24 seed=20260818 k=3 mode=any sig=None -> INFEASIBLE viol=2 survivor=False valid_at=None wall=0.1789 [102s]
[ 115/150]  A n=24 seed=20260818 k=4 mode=any sig=None -> INFEASIBLE viol=4 survivor=False valid_at=None wall=0.1328 [102s]
[ 116/150]  A n=24 seed=20260818 k=6 mode=any sig=None -> INFEASIBLE viol=4 survivor=False valid_at=None wall=0.1813 [103s]
[ 117/150]  A n=24 seed=20260818 k=8 mode=any sig=None -> INFEASIBLE viol=8 survivor=False valid_at=None wall=0.1934 [103s]
[ 118/150]  A n=24 seed=20260818 k=12 mode=any sig=None -> INFEASIBLE viol=8 survivor=False valid_at=None wall=0.1584 [104s]
[ 119/150]  A n=24 seed=20260818 k=16 mode=any sig=None -> INFEASIBLE viol=11 survivor=False valid_at=None wall=0.133 [104s]
[ 120/150]  A n=24 seed=20260818 k=24 mode=any sig=None -> INFEASIBLE viol=17 survivor=False valid_at=None wall=0.1345 [105s]
[ 121/150]  A n=24 seed=20260819 k=0 mode=any sig=None ->    OPTIMAL viol=0 survivor=True valid_at=4.889 wall=4.921 [110s]
[ 122/150]  A n=24 seed=20260819 k=1 mode=any sig=None ->   FEASIBLE viol=1 survivor=True valid_at=12.0384 wall=15.0328 [125s]
[ 123/150]  A n=24 seed=20260819 k=2 mode=any sig=None -> INFEASIBLE viol=2 survivor=False valid_at=None wall=0.3388 [126s]
[ 124/150]  A n=24 seed=20260819 k=3 mode=any sig=None -> INFEASIBLE viol=2 survivor=False valid_at=None wall=0.1592 [127s]
[ 125/150]  A n=24 seed=20260819 k=4 mode=any sig=None -> INFEASIBLE viol=3 survivor=False valid_at=None wall=0.2025 [127s]
[ 126/150]  A n=24 seed=20260819 k=6 mode=any sig=None -> INFEASIBLE viol=4 survivor=False valid_at=None wall=0.1486 [128s]
[ 127/150]  A n=24 seed=20260819 k=8 mode=any sig=None -> INFEASIBLE viol=8 survivor=False valid_at=None wall=0.1653 [128s]
[ 128/150]  A n=24 seed=20260819 k=12 mode=any sig=None -> INFEASIBLE viol=11 survivor=False valid_at=None wall=0.1355 [129s]
[ 129/150]  A n=24 seed=20260819 k=16 mode=any sig=None -> INFEASIBLE viol=11 survivor=False valid_at=None wall=0.1677 [129s]
[ 130/150]  A n=24 seed=20260819 k=24 mode=any sig=None -> INFEASIBLE viol=19 survivor=False valid_at=None wall=0.134 [130s]
[ 131/150]  A n=24 seed=20260820 k=0 mode=any sig=None ->    OPTIMAL viol=0 survivor=True valid_at=4.6041 wall=4.6337 [135s]
[ 132/150]  A n=24 seed=20260820 k=1 mode=any sig=None -> INFEASIBLE viol=1 survivor=False valid_at=None wall=0.2487 [135s]
[ 133/150]  A n=24 seed=20260820 k=2 mode=any sig=None -> INFEASIBLE viol=2 survivor=False valid_at=None wall=0.1262 [136s]
[ 134/150]  A n=24 seed=20260820 k=3 mode=any sig=None ->   FEASIBLE viol=3 survivor=False valid_at=None wall=15.0265 [151s]
[ 135/150]  A n=24 seed=20260820 k=4 mode=any sig=None -> INFEASIBLE viol=3 survivor=False valid_at=None wall=0.1289 [151s]
[ 136/150]  A n=24 seed=20260820 k=6 mode=any sig=None -> INFEASIBLE viol=4 survivor=False valid_at=None wall=0.2051 [152s]
[ 137/150]  A n=24 seed=20260820 k=8 mode=any sig=None -> INFEASIBLE viol=7 survivor=False valid_at=None wall=0.1285 [152s]
[ 138/150]  A n=24 seed=20260820 k=12 mode=any sig=None -> INFEASIBLE viol=7 survivor=False valid_at=None wall=0.1286 [153s]
[ 139/150]  A n=24 seed=20260820 k=16 mode=any sig=None -> INFEASIBLE viol=11 survivor=False valid_at=None wall=0.1267 [153s]
[ 140/150]  A n=24 seed=20260820 k=24 mode=any sig=None -> INFEASIBLE viol=14 survivor=False valid_at=None wall=0.1276 [154s]
[ 141/150]  A n=24 seed=20260821 k=0 mode=any sig=None ->    OPTIMAL viol=0 survivor=True valid_at=3.5744 wall=3.5896 [158s]
[ 142/150]  A n=24 seed=20260821 k=1 mode=any sig=None -> INFEASIBLE viol=1 survivor=False valid_at=None wall=0.1693 [158s]
[ 143/150]  A n=24 seed=20260821 k=2 mode=any sig=None -> INFEASIBLE viol=1 survivor=False valid_at=None wall=0.2547 [159s]
[ 144/150]  A n=24 seed=20260821 k=3 mode=any sig=None -> INFEASIBLE viol=3 survivor=False valid_at=None wall=0.1169 [159s]
[ 145/150]  A n=24 seed=20260821 k=4 mode=any sig=None -> INFEASIBLE viol=4 survivor=False valid_at=None wall=0.1405 [160s]
[ 146/150]  A n=24 seed=20260821 k=6 mode=any sig=None -> INFEASIBLE viol=5 survivor=False valid_at=None wall=0.1111 [160s]
[ 147/150]  A n=24 seed=20260821 k=8 mode=any sig=None -> INFEASIBLE viol=6 survivor=False valid_at=None wall=0.1128 [161s]
[ 148/150]  A n=24 seed=20260821 k=12 mode=any sig=None -> INFEASIBLE viol=10 survivor=False valid_at=None wall=0.1224 [161s]
[ 149/150]  A n=24 seed=20260821 k=16 mode=any sig=None -> INFEASIBLE viol=12 survivor=False valid_at=None wall=0.1163 [161s]
[ 150/150]  A n=24 seed=20260821 k=24 mode=any sig=None -> INFEASIBLE viol=12 survivor=False valid_at=None wall=0.1242 [162s]
done in 162s -> C:\Users\tng\g2p\bim-engine\experiments\solver-toy\results\P6_verify.jsonl
